../Core/Src/GPS.cpp:55:6:bool telemetry::GPS::GNSSDMAStart()	16	static,ignoring_inline_asm
../Core/Src/GPS.cpp:20:6:bool telemetry::GPS::init()	8	static
../Core/Src/GPS.cpp:121:6:void telemetry::GPS::rbPush(const uint8_t*, uint16_t)	12	static
../Core/Src/GPS.cpp:131:5:int telemetry::GPS::rbPopByte(uint8_t*)	0	static
../Core/Src/GPS.cpp:139:5:int telemetry::GPS::nmeaCheckCs(const char*)	8	static
../Core/Src/GPS.cpp:153:5:static int telemetry::GPS::nmea_parse_latlon(const char*, char, double*, int)	40	static
../Core/Src/GPS.cpp:183:6:void telemetry::GPS::nmeaPoll()	80	static
../Core/Src/GPS.cpp:106:6:void telemetry::GPS::readData(telemetry::GPSData*)	16	static
../Core/Src/GPS.cpp:308:6:void telemetry::GPS::onRxEvent(UART_HandleTypeDef*, uint16_t)	16	static
../Core/Src/GPS.cpp:323:17:void HAL_UARTEx_RxEventCallback(UART_HandleTypeDef*, uint16_t)	0	static
