/home/dario/STM32Cube/Repository/STM32Cube_FW_H7_V1.12.1/Middlewares/Third_Party/FatFs/src/diskio.c:36:9:disk_status	0	static
/home/dario/STM32Cube/Repository/STM32Cube_FW_H7_V1.12.1/Middlewares/Third_Party/FatFs/src/diskio.c:51:9:disk_initialize	16	static
/home/dario/STM32Cube/Repository/STM32Cube_FW_H7_V1.12.1/Middlewares/Third_Party/FatFs/src/diskio.c:76:9:disk_read	8	static
/home/dario/STM32Cube/Repository/STM32Cube_FW_H7_V1.12.1/Middlewares/Third_Party/FatFs/src/diskio.c:98:9:disk_write	8	static
/home/dario/STM32Cube/Repository/STM32Cube_FW_H7_V1.12.1/Middlewares/Third_Party/FatFs/src/diskio.c:120:9:disk_ioctl	4	static
/home/dario/STM32Cube/Repository/STM32Cube_FW_H7_V1.12.1/Middlewares/Third_Party/FatFs/src/diskio.c:138:14:get_fattime	0	static
