Archive member included to satisfy reference by file (symbol)

/opt/st/stm32cubeide_1.19.0/plugins/com.st.stm32cube.ide.mcu.externaltools.gnu-tools-for-stm32.13.3.rel1.linux64_1.0.0.202410170706/tools/bin/../lib/gcc/arm-none-eabi/13.3.1/../../../../arm-none-eabi/lib/thumb/v7e-m+dp/hard/libc_nano.a(libc_a-atof.o)
                              ./Core/Src/GPS.o (atof)
/opt/st/stm32cubeide_1.19.0/plugins/com.st.stm32cube.ide.mcu.externaltools.gnu-tools-for-stm32.13.3.rel1.linux64_1.0.0.202410170706/tools/bin/../lib/gcc/arm-none-eabi/13.3.1/../../../../arm-none-eabi/lib/thumb/v7e-m+dp/hard/libc_nano.a(libc_a-atoi.o)
                              ./Core/Src/GPS.o (atoi)
/opt/st/stm32cubeide_1.19.0/plugins/com.st.stm32cube.ide.mcu.externaltools.gnu-tools-for-stm32.13.3.rel1.linux64_1.0.0.202410170706/tools/bin/../lib/gcc/arm-none-eabi/13.3.1/../../../../arm-none-eabi/lib/thumb/v7e-m+dp/hard/libc_nano.a(libc_a-exit.o)
                              /opt/st/stm32cubeide_1.19.0/plugins/com.st.stm32cube.ide.mcu.externaltools.gnu-tools-for-stm32.13.3.rel1.linux64_1.0.0.202410170706/tools/bin/../lib/gcc/arm-none-eabi/13.3.1/../../../../arm-none-eabi/lib/thumb/v7e-m+dp/hard/crt0.o (exit)
/opt/st/stm32cubeide_1.19.0/plugins/com.st.stm32cube.ide.mcu.externaltools.gnu-tools-for-stm32.13.3.rel1.linux64_1.0.0.202410170706/tools/bin/../lib/gcc/arm-none-eabi/13.3.1/../../../../arm-none-eabi/lib/thumb/v7e-m+dp/hard/libc_nano.a(libc_a-strtod.o)
                              /opt/st/stm32cubeide_1.19.0/plugins/com.st.stm32cube.ide.mcu.externaltools.gnu-tools-for-stm32.13.3.rel1.linux64_1.0.0.202410170706/tools/bin/../lib/gcc/arm-none-eabi/13.3.1/../../../../arm-none-eabi/lib/thumb/v7e-m+dp/hard/libc_nano.a(libc_a-atof.o) (strtod)
/opt/st/stm32cubeide_1.19.0/plugins/com.st.stm32cube.ide.mcu.externaltools.gnu-tools-for-stm32.13.3.rel1.linux64_1.0.0.202410170706/tools/bin/../lib/gcc/arm-none-eabi/13.3.1/../../../../arm-none-eabi/lib/thumb/v7e-m+dp/hard/libc_nano.a(libc_a-strtol.o)
                              /opt/st/stm32cubeide_1.19.0/plugins/com.st.stm32cube.ide.mcu.externaltools.gnu-tools-for-stm32.13.3.rel1.linux64_1.0.0.202410170706/tools/bin/../lib/gcc/arm-none-eabi/13.3.1/../../../../arm-none-eabi/lib/thumb/v7e-m+dp/hard/libc_nano.a(libc_a-atoi.o) (_strtol_r)
/opt/st/stm32cubeide_1.19.0/plugins/com.st.stm32cube.ide.mcu.externaltools.gnu-tools-for-stm32.13.3.rel1.linux64_1.0.0.202410170706/tools/bin/../lib/gcc/arm-none-eabi/13.3.1/../../../../arm-none-eabi/lib/thumb/v7e-m+dp/hard/libc_nano.a(libc_a-strtoul.o)
                              ./Core/Src/GPS.o (strtoul)
/opt/st/stm32cubeide_1.19.0/plugins/com.st.stm32cube.ide.mcu.externaltools.gnu-tools-for-stm32.13.3.rel1.linux64_1.0.0.202410170706/tools/bin/../lib/gcc/arm-none-eabi/13.3.1/../../../../arm-none-eabi/lib/thumb/v7e-m+dp/hard/libc_nano.a(libc_a-ctype_.o)
                              /opt/st/stm32cubeide_1.19.0/plugins/com.st.stm32cube.ide.mcu.externaltools.gnu-tools-for-stm32.13.3.rel1.linux64_1.0.0.202410170706/tools/bin/../lib/gcc/arm-none-eabi/13.3.1/../../../../arm-none-eabi/lib/thumb/v7e-m+dp/hard/libc_nano.a(libc_a-strtol.o) (_ctype_)
/opt/st/stm32cubeide_1.19.0/plugins/com.st.stm32cube.ide.mcu.externaltools.gnu-tools-for-stm32.13.3.rel1.linux64_1.0.0.202410170706/tools/bin/../lib/gcc/arm-none-eabi/13.3.1/../../../../arm-none-eabi/lib/thumb/v7e-m+dp/hard/libc_nano.a(libc_a-nano-vfprintf_float.o)
                              (_printf_float)
/opt/st/stm32cubeide_1.19.0/plugins/com.st.stm32cube.ide.mcu.externaltools.gnu-tools-for-stm32.13.3.rel1.linux64_1.0.0.202410170706/tools/bin/../lib/gcc/arm-none-eabi/13.3.1/../../../../arm-none-eabi/lib/thumb/v7e-m+dp/hard/libc_nano.a(libc_a-nano-vfprintf_i.o)
                              /opt/st/stm32cubeide_1.19.0/plugins/com.st.stm32cube.ide.mcu.externaltools.gnu-tools-for-stm32.13.3.rel1.linux64_1.0.0.202410170706/tools/bin/../lib/gcc/arm-none-eabi/13.3.1/../../../../arm-none-eabi/lib/thumb/v7e-m+dp/hard/libc_nano.a(libc_a-nano-vfprintf_float.o) (_printf_common)
/opt/st/stm32cubeide_1.19.0/plugins/com.st.stm32cube.ide.mcu.externaltools.gnu-tools-for-stm32.13.3.rel1.linux64_1.0.0.202410170706/tools/bin/../lib/gcc/arm-none-eabi/13.3.1/../../../../arm-none-eabi/lib/thumb/v7e-m+dp/hard/libc_nano.a(libc_a-findfp.o)
                              ./Middlewares/Third_Party/FreeRTOS/tasks.o (__sf)
/opt/st/stm32cubeide_1.19.0/plugins/com.st.stm32cube.ide.mcu.externaltools.gnu-tools-for-stm32.13.3.rel1.linux64_1.0.0.202410170706/tools/bin/../lib/gcc/arm-none-eabi/13.3.1/../../../../arm-none-eabi/lib/thumb/v7e-m+dp/hard/libc_nano.a(libc_a-fwalk.o)
                              /opt/st/stm32cubeide_1.19.0/plugins/com.st.stm32cube.ide.mcu.externaltools.gnu-tools-for-stm32.13.3.rel1.linux64_1.0.0.202410170706/tools/bin/../lib/gcc/arm-none-eabi/13.3.1/../../../../arm-none-eabi/lib/thumb/v7e-m+dp/hard/libc_nano.a(libc_a-findfp.o) (_fwalk_sglue)
[...]
Memory Configuration

Name             Origin             Length             Attributes
RAM_D1           0x24000000         0x00080000         xrw
FLASH            0x08000000         0x00100000         xr
DTCMRAM          0x20000000         0x00020000         xrw
RAM_D2           0x30000000         0x00048000         xrw
RAM_D3           0x38000000         0x00010000         xrw
ITCMRAM          0x00000000         0x00010000         xrw
*default*        0x00000000         0xffffffff

Linker script and memory map

LOAD /opt/st/stm32cubeide_1.19.0/plugins/com.st.stm32cube.ide.mcu.externaltools.gnu-tools-for-stm32.13.3.rel1.linux64_1.0.0.202410170706/tools/bin/../lib/gcc/arm-none-eabi/13.3.1/thumb/v7e-m+dp/hard/crti.o
LOAD /opt/st/stm32cubeide_1.19.0/plugins/com.st.stm32cube.ide.mcu.externaltools.gnu-tools-for-stm32.13.3.rel1.linux64_1.0.0.202410170706/tools/bin/../lib/gcc/arm-none-eabi/13.3.1/thumb/v7e-m+dp/hard/crtbegin.o
LOAD /opt/st/stm32cubeide_1.19.0/plugins/com.st.stm32cube.ide.mcu.externaltools.gnu-tools-for-stm32.13.3.rel1.linux64_1.0.0.202410170706/tools/bin/../lib/gcc/arm-none-eabi/13.3.1/../../../../arm-none-eabi/lib/thumb/v7e-m+dp/hard/crt0.o
LOAD ./Common/Src/system_stm32h7xx_dualcore_boot_cm4_cm7.o
LOAD ./Core/Src/Accelerometer.o
LOAD ./Core/Src/DataWriter.o
LOAD ./Core/Src/GPS.o
LOAD ./Core/Src/MainTask.o
LOAD ./Core/Src/adc3_init.o
LOAD ./Core/Src/dma.o
LOAD ./Core/Src/gpio.o
LOAD ./Core/Src/i2c.o
LOAD ./Core/Src/main.o
LOAD ./Core/Src/sd_spi.o
LOAD ./Core/Src/spi.o
LOAD ./Core/Src/stm32h7xx_hal_adc.o
LOAD ./Core/Src/stm32h7xx_hal_adc_ex.o
LOAD ./Core/Src/stm32h7xx_hal_msp.o
LOAD ./Core/Src/stm32h7xx_hal_timebase_tim.o
LOAD ./Core/Src/stm32h7xx_it.o
LOAD ./Core/Src/syscalls.o
LOAD ./Core/Src/sysmem.o
LOAD ./Core/Src/usart.o
LOAD ./Core/Startup/startup_stm32h755zitx.o
LOAD ./Drivers/BSP/STM32H7xx_Nucleo/stm32h7xx_nucleo.o
LOAD ./Drivers/STM32H7xx_HAL_Driver/stm32h7xx_hal.o
LOAD ./Drivers/STM32H7xx_HAL_Driver/stm32h7xx_hal_cortex.o
LOAD ./Drivers/STM32H7xx_HAL_Driver/stm32h7xx_hal_dma.o
LOAD ./Drivers/STM32H7xx_HAL_Driver/stm32h7xx_hal_dma_ex.o
LOAD ./Drivers/STM32H7xx_HAL_Driver/stm32h7xx_hal_exti.o
LOAD ./Drivers/STM32H7xx_HAL_Driver/stm32h7xx_hal_flash.o
LOAD ./Drivers/STM32H7xx_HAL_Driver/stm32h7xx_hal_flash_ex.o
LOAD ./Drivers/STM32H7xx_HAL_Driver/stm32h7xx_hal_gpio.o
LOAD ./Drivers/STM32H7xx_HAL_Driver/stm32h7xx_hal_hsem.o
LOAD ./Drivers/STM32H7xx_HAL_Driver/stm32h7xx_hal_i2c.o
LOAD ./Drivers/STM32H7xx_HAL_Driver/stm32h7xx_hal_i2c_ex.o
LOAD ./Drivers/STM32H7xx_HAL_Driver/stm32h7xx_hal_mdma.o
LOAD ./Drivers/STM32H7xx_HAL_Driver/stm32h7xx_hal_pwr.o
LOAD ./Drivers/STM32H7xx_HAL_Driver/stm32h7xx_hal_pwr_ex.o
LOAD ./Drivers/STM32H7xx_HAL_Driver/stm32h7xx_hal_rcc.o
LOAD ./Drivers/STM32H7xx_HAL_Driver/stm32h7xx_hal_rcc_ex.o
LOAD ./Drivers/STM32H7xx_HAL_Driver/stm32h7xx_hal_spi.o
LOAD ./Drivers/STM32H7xx_HAL_Driver/stm32h7xx_hal_spi_ex.o
LOAD ./Drivers/STM32H7xx_HAL_Driver/stm32h7xx_hal_tim.o
LOAD ./Drivers/STM32H7xx_HAL_Driver/stm32h7xx_hal_tim_ex.o
LOAD ./Drivers/STM32H7xx_HAL_Driver/stm32h7xx_hal_uart.o
LOAD ./Drivers/STM32H7xx_HAL_Driver/stm32h7xx_hal_uart_ex.o
LOAD ./Drivers/STM32H7xx_HAL_Driver/stm32h7xx_hal_usart.o
LOAD ./Drivers/STM32H7xx_HAL_Driver/stm32h7xx_hal_usart_ex.o
LOAD ./FATFS/App/fatfs.o
LOAD ./FATFS/Target/user_diskio.o
LOAD ./Middlewares/Third_Party/FatFs/ccsbcs.o
LOAD ./Middlewares/Third_Party/FatFs/diskio.o
LOAD ./Middlewares/Third_Party/FatFs/ff.o
LOAD ./Middlewares/Third_Party/FatFs/ff_gen_drv.o
LOAD ./Middlewares/Third_Party/FatFs/syscall.o
LOAD ./Middlewares/Third_Party/FreeRTOS/cmsis_os2.o
LOAD ./Middlewares/Third_Party/FreeRTOS/croutine.o
LOAD ./Middlewares/Third_Party/FreeRTOS/event_groups.o
LOAD ./Middlewares/Third_Party/FreeRTOS/heap_4.o
LOAD ./Middlewares/Third_Party/FreeRTOS/list.o
LOAD ./Middlewares/Third_Party/FreeRTOS/port.o
LOAD ./Middlewares/Third_Party/FreeRTOS/queue.o
LOAD ./Middlewares/Third_Party/FreeRTOS/stream_buffer.o
LOAD ./Middlewares/Third_Party/FreeRTOS/tasks.o
LOAD ./Middlewares/Third_Party/FreeRTOS/timers.o
START GROUP
LOAD /opt/st/stm32cubeide_1.19.0/plugins/com.st.stm32cube.ide.mcu.externaltools.gnu-tools-for-stm32.13.3.rel1.linux64_1.0.0.202410170706/tools/bin/../lib/gcc/arm-none-eabi/13.3.1/../../../../arm-none-eabi/lib/thumb/v7e-m+dp/hard/libstdc++_nano.a
LOAD /opt/st/stm32cubeide_1.19.0/plugins/com.st.stm32cube.ide.mcu.externaltools.gnu-tools-for-stm32.13.3.rel1.linux64_1.0.0.202410170706/tools/bin/../lib/gcc/arm-none-eabi/13.3.1/../../../../arm-none-eabi/lib/thumb/v7e-m+dp/hard/libsupc++_nano.a
END GROUP
LOAD /opt/st/stm32cubeide_1.19.0/plugins/com.st.stm32cube.ide.mcu.externaltools.gnu-tools-for-stm32.13.3.rel1.linux64_1.0.0.202410170706/tools/bin/../lib/gcc/arm-none-eabi/13.3.1/../../../../arm-none-eabi/lib/thumb/v7e-m+dp/hard/libstdc++_nano.a
LOAD /opt/st/stm32cubeide_1.19.0/plugins/com.st.stm32cube.ide.mcu.externaltools.gnu-tools-for-stm32.13.3.rel1.linux64_1.0.0.202410170706/tools/bin/../lib/gcc/arm-none-eabi/13.3.1/../../../../arm-none-eabi/lib/thumb/v7e-m+dp/hard/libm.a
LOAD /opt/st/stm32cubeide_1.19.0/plugins/com.st.stm32cube.ide.mcu.externaltools.gnu-tools-for-stm32.13.3.rel1.linux64_1.0.0.202410170706/tools/bin/../lib/gcc/arm-none-eabi/13.3.1/../../../../arm-none-eabi/lib/thumb/v7e-m+dp/hard/libc_nano.a
START GROUP
LOAD /opt/st/stm32cubeide_1.19.0/plugins/com.st.stm32cube.ide.mcu.externaltools.gnu-tools-for-stm32.13.3.rel1.linux64_1.0.0.202410170706/tools/bin/../lib/gcc/arm-none-eabi/13.3.1/thumb/v7e-m+dp/hard/libgcc.a
LOAD /opt/st/stm32cubeide_1.19.0/plugins/com.st.stm32cube.ide.mcu.externaltools.gnu-tools-for-stm32.13.3.rel1.linux64_1.0.0.202410170706/tools/bin/../lib/gcc/arm-none-eabi/13.3.1/../../../../arm-none-eabi/lib/thumb/v7e-m+dp/hard/libc_nano.a
END GROUP
START GROUP
LOAD /opt/st/stm32cubeide_1.19.0/plugins/com.st.stm32cube.ide.mcu.externaltools.gnu-tools-for-stm32.13.3.rel1.linux64_1.0.0.202410170706/tools/bin/../lib/gcc/arm-none-eabi/13.3.1/thumb/v7e-m+dp/hard/libgcc.a
LOAD /opt/st/stm32cubeide_1.19.0/plugins/com.st.stm32cube.ide.mcu.externaltools.gnu-tools-for-stm32.13.3.rel1.linux64_1.0.0.202410170706/tools/bin/../lib/gcc/arm-none-eabi/13.3.1/../../../../arm-none-eabi/lib/thumb/v7e-m+dp/hard/libc_nano.a
END GROUP
LOAD /opt/st/stm32cubeide_1.19.0/plugins/com.st.stm32cube.ide.mcu.externaltools.gnu-tools-for-stm32.13.3.rel1.linux64_1.0.0.202410170706/tools/bin/../lib/gcc/arm-none-eabi/13.3.1/thumb/v7e-m+dp/hard/crtend.o
LOAD /opt/st/stm32cubeide_1.19.0/plugins/com.st.stm32cube.ide.mcu.externaltools.gnu-tools-for-stm32.13.3.rel1.linux64_1.0.0.202410170706/tools/bin/../lib/gcc/arm-none-eabi/13.3.1/thumb/v7e-m+dp/hard/crtn.o
                0x24080000                        _estack = (ORIGIN (RAM_D1) + LENGTH (RAM_D1))
                0x00000200                        _Min_Heap_Size = 0x200
                0x00000400                        _Min_Stack_Size = 0x400

.isr_vector     0x08000000      0x298
                0x08000000                        . = ALIGN (0x4)
 *(.isr_vector)
 .isr_vector    0x08000000      0x298 ./Core/Startup/startup_stm32h755zitx.o
                0x08000000                g_pfnVectors
                0x08000298                        . = ALIGN (0x4)

.text           0x080002a0    0x104d8
                0x080002a0                        . = ALIGN (0x4)
 *(.text)
 .text          0x080002a0       0x40 /opt/st/stm32cubeide_1.19.0/plugins/com.st.stm32cube.ide.mcu.externaltools.gnu-tools-for-stm32.13.3.rel1.linux64_1.0.0.202410170706/tools/bin/../lib/gcc/arm-none-eabi/13.3.1/thumb/v7e-m+dp/hard/crtbegin.o
 .text          0x080002e0       0xa0 /opt/st/stm32cubeide_1.19.0/plugins/com.st.stm32cube.ide.mcu.externaltools.gnu-tools-for-stm32.13.3.rel1.linux64_1.0.0.202410170706/tools/bin/../lib/gcc/arm-none-eabi/13.3.1/../../../../arm-none-eabi/lib/thumb/v7e-m+dp/hard/libc_nano.a(libc_a-memchr.o)
                0x080002e0                memchr
 .text          0x08000380       0x10 /opt/st/stm32cubeide_1.19.0/plugins/com.st.stm32cube.ide.mcu.externaltools.gnu-tools-for-stm32.13.3.rel1.linux64_1.0.0.202410170706/tools/bin/../lib/gcc/arm-none-eabi/13.3.1/../../../../arm-none-eabi/lib/thumb/v7e-m+dp/hard/libc_nano.a(libc_a-strlen.o)
                0x08000380                strlen
 .text          0x08000390      0x378 /opt/st/stm32cubeide_1.19.0/plugins/com.st.stm32cube.ide.mcu.externaltools.gnu-tools-for-stm32.13.3.rel1.linux64_1.0.0.202410170706/tools/bin/../lib/gcc/arm-none-eabi/13.3.1/thumb/v7e-m+dp/hard/libgcc.a(_arm_addsubdf3.o)
                0x08000390                __aeabi_drsub
                0x08000398                __aeabi_dsub
                0x08000398                __subdf3
                0x0800039c                __adddf3
                0x0800039c                __aeabi_dadd
                0x08000614                __aeabi_ui2d
                0x08000614                __floatunsidf
                0x08000634                __floatsidf
                0x08000634                __aeabi_i2d
                0x08000658                __extendsfdf2
                0x08000658                __aeabi_f2d
                0x0800069c                __aeabi_ul2d
                0x0800069c                __floatundidf
                0x080006ac                __floatdidf
                0x080006ac                __aeabi_l2d
 .text          0x08000708       0x30 /opt/st/stm32cubeide_1.19.0/plugins/com.st.stm32cube.ide.mcu.externaltools.gnu-tools-for-stm32.13.3.rel1.linux64_1.0.0.202410170706/tools/bin/../lib/gcc/arm-none-eabi/13.3.1/thumb/v7e-m+dp/hard/libgcc.a(_aeabi_uldivmod.o)
                0x08000708                __aeabi_uldivmod
 .text          0x08000738       0x30 /opt/st/stm32cubeide_1.19.0/plugins/com.st.stm32cube.ide.mcu.externaltools.gnu-tools-for-stm32.13.3.rel1.linux64_1.0.0.202410170706/tools/bin/../lib/gcc/arm-none-eabi/13.3.1/thumb/v7e-m+dp/hard/libgcc.a(_fixdfdi.o)
                0x08000738                __aeabi_d2lz
                0x08000738                __fixdfdi
 .text          0x08000768       0x40 /opt/st/stm32cubeide_1.19.0/plugins/com.st.stm32cube.ide.mcu.externaltools.gnu-tools-for-stm32.13.3.rel1.linux64_1.0.0.202410170706/tools/bin/../lib/gcc/arm-none-eabi/13.3.1/thumb/v7e-m+dp/hard/libgcc.a(_fixunsdfdi.o)
                0x08000768                __aeabi_d2ulz
                0x08000768                __fixunsdfdi
 .text          0x080007a8      0x2f8 /opt/st/stm32cubeide_1.19.0/plugins/com.st.stm32cube.ide.mcu.externaltools.gnu-tools-for-stm32.13.3.rel1.linux64_1.0.0.202410170706/tools/bin/../lib/gcc/arm-none-eabi/13.3.1/thumb/v7e-m+dp/hard/libgcc.a(_udivmoddi4.o)
                0x080007a8                __udivmoddi4
 .text          0x08000aa0        0x4 /opt/st/stm32cubeide_1.19.0/plugins/com.st.stm32cube.ide.mcu.externaltools.gnu-tools-for-stm32.13.3.rel1.linux64_1.0.0.202410170706/tools/bin/../lib/gcc/arm-none-eabi/13.3.1/thumb/v7e-m+dp/hard/libgcc.a(_dvmd_tls.o)
                0x08000aa0                __aeabi_ldiv0
                0x08000aa0                __aeabi_idiv0
 *(.text*)
 .text.SystemInit
                0x08000aa4       0xe0 ./Common/Src/system_stm32h7xx_dualcore_boot_cm4_cm7.o
                0x08000aa4                SystemInit
 .text._ZN9telemetry13Accelerometer8writeRegEhh
                0x08000b84       0x24 ./Core/Src/Accelerometer.o
                0x08000b84                telemetry::Accelerometer::writeReg(unsigned char, unsigned char)
 .text._ZN9telemetry13Accelerometer7readRegEhPh
                0x08000ba8       0x1e ./Core/Src/Accelerometer.o
                0x08000ba8                telemetry::Accelerometer::readReg(unsigned char, unsigned char*)
 .text._ZN9telemetry13Accelerometer12internalInitEv
                0x08000bc6       0x80 ./Core/Src/Accelerometer.o
                0x08000bc6                telemetry::Accelerometer::internalInit()
 .text._ZN9telemetry13Accelerometer4initEP19__I2C_HandleTypeDefRKNS_6ConfigE
                0x08000c46       0x3a ./Core/Src/Accelerometer.o
                0x08000c46                telemetry::Accelerometer::init(__I2C_HandleTypeDef*, telemetry::Config const&)
 .text._ZN9telemetry13Accelerometer9readBurstEhPht
                0x08000c80       0x1a ./Core/Src/Accelerometer.o
                0x08000c80                telemetry::Accelerometer::readBurst(unsigned char, unsigned char*, unsigned short)
 *fill*         0x08000c9a        0x2 
 .text._ZN9telemetry13Accelerometer8readDataEPNS_9IMUValuesE
                0x08000c9c       0xc8 ./Core/Src/Accelerometer.o
                0x08000c9c                telemetry::Accelerometer::readData(telemetry::IMUValues*)
 .text._ZN9telemetry10DataWriter4initEPKcS2_
                0x08000d64       0xe0 ./Core/Src/DataWriter.o
                0x08000d64                telemetry::DataWriter::init(char const*, char const*)
 .text._ZN9telemetry10DataWriter10writeBatchEPKc
                0x08000e44       0x98 ./Core/Src/DataWriter.o
                0x08000e44                telemetry::DataWriter::writeBatch(char const*)
 .text._ZN9telemetry10DataWriter5closeEv
                0x08000edc       0x24 ./Core/Src/DataWriter.o
                0x08000edc                telemetry::DataWriter::close()
 .text._ZN9telemetry3GPS12GNSSDMAStartEv
                0x08000f00      0x11c ./Core/Src/GPS.o
                0x08000f00                telemetry::GPS::GNSSDMAStart()
 .text._ZN9telemetry3GPS4initEv
                0x0800101c       0xb8 ./Core/Src/GPS.o
                0x0800101c                telemetry::GPS::init()
 .text._ZN9telemetry3GPS6rbPushEPKht
                0x080010d4       0x42 ./Core/Src/GPS.o
                0x080010d4                telemetry::GPS::rbPush(unsigned char const*, unsigned short)
 .text._ZN9telemetry3GPS9rbPopByteEPh
                0x08001116       0x34 ./Core/Src/GPS.o
                0x08001116                telemetry::GPS::rbPopByte(unsigned char*)
 .text._ZN9telemetry3GPS11nmeaCheckCsEPKc
                0x0800114a       0x42 ./Core/Src/GPS.o
                0x0800114a                telemetry::GPS::nmeaCheckCs(char const*)
 *fill*         0x0800118c        0x4 
 .text._ZN9telemetry3GPS17nmea_parse_latlonEPKccPdi
                0x08001190       0xc0 ./Core/Src/GPS.o
                0x08001190                telemetry::GPS::nmea_parse_latlon(char const*, char, double*, int)
 .text._ZN9telemetry3GPS8nmeaPollEv
                0x08001250      0x3b4 ./Core/Src/GPS.o
                0x08001250                telemetry::GPS::nmeaPoll()
 .text._ZN9telemetry3GPS8readDataEPNS_7GPSDataE
                0x08001604       0x44 ./Core/Src/GPS.o
                0x08001604                telemetry::GPS::readData(telemetry::GPSData*)
 .text._ZN9telemetry3GPS9onRxEventEP20__UART_HandleTypeDeft
                0x08001648       0x48 ./Core/Src/GPS.o
                0x08001648                telemetry::GPS::onRxEvent(__UART_HandleTypeDef*, unsigned short)
 .text.HAL_UARTEx_RxEventCallback
                0x08001690       0x18 ./Core/Src/GPS.o
                0x08001690                HAL_UARTEx_RxEventCallback
 .text._ZN9telemetry8MainTask3runEv
                0x080016a8      0x15c ./Core/Src/MainTask.o
                0x080016a8                telemetry::MainTask::run()
 .text._ZN9telemetry8MainTask5startEPv
                0x08001804       0x18 ./Core/Src/MainTask.o
                0x08001804                telemetry::MainTask::start(void*)
 .text.BSP_PB_Callback
                0x0800181c       0x50 ./Core/Src/MainTask.o
                0x0800181c                BSP_PB_Callback
 .text.ADC3_PC2C_INP0_Init
                0x0800186c      0x148 ./Core/Src/adc3_init.o
                0x0800186c                ADC3_PC2C_INP0_Init
 .text.ADC3_Read_V
                0x080019b4       0x50 ./Core/Src/adc3_init.o
                0x080019b4                ADC3_Read_V
 .text.MX_DMA_Init
                0x08001a04       0x38 ./Core/Src/dma.o
                0x08001a04                MX_DMA_Init
 .text.MX_GPIO_Init
                0x08001a3c      0x11c ./Core/Src/gpio.o
                0x08001a3c                MX_GPIO_Init
 .text.MX_I2C1_Init
                0x08001b58       0x58 ./Core/Src/i2c.o
                0x08001b58                MX_I2C1_Init
 .text.HAL_I2C_MspInit
                0x08001bb0       0x98 ./Core/Src/i2c.o
                0x08001bb0                HAL_I2C_MspInit
 .text._ZN9telemetry9ConfigGPSC2Ev
                0x08001c48       0xbc ./Core/Src/main.o
                0x08001c48                telemetry::ConfigGPS::ConfigGPS()
                0x08001c48                telemetry::ConfigGPS::ConfigGPS()
 .text._ZN9telemetry8MainTaskC2Ev
                0x08001d04       0xe0 ./Core/Src/main.o
                0x08001d04                telemetry::MainTask::MainTask()
                0x08001d04                telemetry::MainTask::MainTask()
 .text.HAL_TIM_PeriodElapsedCallback
                0x08001de4       0x14 ./Core/Src/main.o
                0x08001de4                HAL_TIM_PeriodElapsedCallback
 .text.Error_Handler
                0x08001df8        0xa ./Core/Src/main.o
                0x08001df8                Error_Handler
 *fill*         0x08001e02        0x2 
 .text._Z18SystemClock_Configv
                0x08001e04       0xb4 ./Core/Src/main.o
                0x08001e04                SystemClock_Config()
 .text.startup.main
                0x08001eb8       0xc0 ./Core/Src/main.o
                0x08001eb8                main
 .text.SD_CS_H  0x08001f78       0x10 ./Core/Src/sd_spi.o
 .text.SD_CS_L  0x08001f88       0x10 ./Core/Src/sd_spi.o
 .text.spi_txrx
                0x08001f98       0x30 ./Core/Src/sd_spi.o
 .text.sd_cmd_raw.isra.0
                0x08001fc8       0x5e ./Core/Src/sd_spi.o
 .text.sd_cmd.isra.0
                0x08002026       0x14 ./Core/Src/sd_spi.o
 .text.sd_idle_clocks
                0x0800203a       0x1a ./Core/Src/sd_spi.o
                0x0800203a                sd_idle_clocks
 .text.sd_init  0x08002054      0x208 ./Core/Src/sd_spi.o
                0x08002054                sd_init
 .text.sd_write_block
                0x0800225c       0xc0 ./Core/Src/sd_spi.o
                0x0800225c                sd_write_block
 .text.sd_read_block
                0x0800231c       0xbc ./Core/Src/sd_spi.o
                0x0800231c                sd_read_block
 .text.MX_SPI1_Init
                0x080023d8       0x60 ./Core/Src/spi.o
                0x080023d8                MX_SPI1_Init
 .text.HAL_SPI_MspInit
                0x08002438       0xc8 ./Core/Src/spi.o
                0x08002438                HAL_SPI_MspInit
 .text.HAL_SPI_MspDeInit
                0x08002500       0x40 ./Core/Src/spi.o
                0x08002500                HAL_SPI_MspDeInit
 .text.LL_ADC_IsEnabled
                0x08002540        0x8 ./Core/Src/stm32h7xx_hal_adc.o
 .text.LL_ADC_REG_IsConversionOngoing
                0x08002548        0x8 ./Core/Src/stm32h7xx_hal_adc.o
 .text.HAL_ADC_MspInit
                0x08002550        0x2 ./Core/Src/stm32h7xx_hal_adc.o
                0x08002550                HAL_ADC_MspInit
 *fill*         0x08002552        0x2 
 .text.HAL_ADC_PollForConversion
                0x08002554      0x118 ./Core/Src/stm32h7xx_hal_adc.o
                0x08002554                HAL_ADC_PollForConversion
 .text.HAL_ADC_GetValue
                0x0800266c        0x6 ./Core/Src/stm32h7xx_hal_adc.o
                0x0800266c                HAL_ADC_GetValue
 *fill*         0x08002672        0x2 
 .text.HAL_ADC_ConfigChannel
                0x08002674      0x3fc ./Core/Src/stm32h7xx_hal_adc.o
                0x08002674                HAL_ADC_ConfigChannel
 .text.ADC_ConversionStop
                0x08002a70       0xcc ./Core/Src/stm32h7xx_hal_adc.o
                0x08002a70                ADC_ConversionStop
 .text.ADC_Enable
                0x08002b3c       0xac ./Core/Src/stm32h7xx_hal_adc.o
                0x08002b3c                ADC_Enable
 .text.HAL_ADC_Start
                0x08002be8       0xfc ./Core/Src/stm32h7xx_hal_adc.o
                0x08002be8                HAL_ADC_Start
 .text.ADC_Disable
                0x08002ce4       0x6a ./Core/Src/stm32h7xx_hal_adc.o
                0x08002ce4                ADC_Disable
 .text.HAL_ADC_Stop
                0x08002d4e       0x3e ./Core/Src/stm32h7xx_hal_adc.o
                0x08002d4e                HAL_ADC_Stop
 .text.ADC_ConfigureBoostMode
                0x08002d8c      0x12c ./Core/Src/stm32h7xx_hal_adc.o
                0x08002d8c                ADC_ConfigureBoostMode
 .text.HAL_ADC_Init
                0x08002eb8      0x210 ./Core/Src/stm32h7xx_hal_adc.o
                0x08002eb8                HAL_ADC_Init
 .text.HAL_ADCEx_Calibration_Start
                0x080030c8       0xa0 ./Core/Src/stm32h7xx_hal_adc_ex.o
                0x080030c8                HAL_ADCEx_Calibration_Start
 .text.HAL_MspInit
                0x08003168       0x30 ./Core/Src/stm32h7xx_hal_msp.o
                0x08003168                HAL_MspInit
 .text.HAL_InitTick
                0x08003198       0x98 ./Core/Src/stm32h7xx_hal_timebase_tim.o
                0x08003198                HAL_InitTick
 .text.NMI_Handler
                0x08003230        0x2 ./Core/Src/stm32h7xx_it.o
                0x08003230                NMI_Handler
 .text.HardFault_Handler
                0x08003232        0x2 ./Core/Src/stm32h7xx_it.o
                0x08003232                HardFault_Handler
 .text.MemManage_Handler
                0x08003234        0x2 ./Core/Src/stm32h7xx_it.o
                0x08003234                MemManage_Handler
 .text.BusFault_Handler
                0x08003236        0x2 ./Core/Src/stm32h7xx_it.o
                0x08003236                BusFault_Handler
 .text.UsageFault_Handler
                0x08003238        0x2 ./Core/Src/stm32h7xx_it.o
                0x08003238                UsageFault_Handler
 .text.DebugMon_Handler
                0x0800323a        0x2 ./Core/Src/stm32h7xx_it.o
                0x0800323a                DebugMon_Handler
 .text.DMA1_Stream0_IRQHandler
                0x0800323c        0xc ./Core/Src/stm32h7xx_it.o
                0x0800323c                DMA1_Stream0_IRQHandler
 .text.DMA1_Stream1_IRQHandler
                0x08003248        0xc ./Core/Src/stm32h7xx_it.o
                0x08003248                DMA1_Stream1_IRQHandler
 .text.USART2_IRQHandler
                0x08003254        0xc ./Core/Src/stm32h7xx_it.o
                0x08003254                USART2_IRQHandler
 .text.USART3_IRQHandler
                0x08003260        0xc ./Core/Src/stm32h7xx_it.o
                0x08003260                USART3_IRQHandler
 .text.EXTI15_10_IRQHandler
                0x0800326c        0x6 ./Core/Src/stm32h7xx_it.o
                0x0800326c                EXTI15_10_IRQHandler
 *fill*         0x08003272        0x2 
 .text.TIM6_DAC_IRQHandler
                0x08003274        0xc ./Core/Src/stm32h7xx_it.o
                0x08003274                TIM6_DAC_IRQHandler
 .text._getpid  0x08003280        0x4 ./Core/Src/syscalls.o
                0x08003280                _getpid
 .text._kill    0x08003284       0x10 ./Core/Src/syscalls.o
                0x08003284                _kill
 .text._exit    0x08003294        0xc ./Core/Src/syscalls.o
                0x08003294                _exit
 .text._read    0x080032a0       0x1c ./Core/Src/syscalls.o
                0x080032a0                _read
 .text._write   0x080032bc       0x1c ./Core/Src/syscalls.o
                0x080032bc                _write
 .text._close   0x080032d8        0x6 ./Core/Src/syscalls.o
                0x080032d8                _close
 .text._fstat   0x080032de        0xa ./Core/Src/syscalls.o
                0x080032de                _fstat
 .text._isatty  0x080032e8        0x4 ./Core/Src/syscalls.o
                0x080032e8                _isatty
 .text._lseek   0x080032ec        0x4 ./Core/Src/syscalls.o
                0x080032ec                _lseek
 .text._sbrk    0x080032f0       0x40 ./Core/Src/sysmem.o
                0x080032f0                _sbrk
 .text.MX_USART2_UART_Init
                0x08003330       0x64 ./Core/Src/usart.o
                0x08003330                MX_USART2_UART_Init
 .text.MX_USART3_UART_Init
                0x08003394       0x64 ./Core/Src/usart.o
                0x08003394                MX_USART3_UART_Init
 .text.HAL_UART_MspInit
                0x080033f8      0x200 ./Core/Src/usart.o
                0x080033f8                HAL_UART_MspInit
 .text.HAL_UART_MspDeInit
                0x080035f8       0x74 ./Core/Src/usart.o
                0x080035f8                HAL_UART_MspDeInit
 .text.Reset_Handler
                0x0800366c       0x50 ./Core/Startup/startup_stm32h755zitx.o
                0x0800366c                Reset_Handler
 .text.Default_Handler
                0x080036bc        0x2 ./Core/Startup/startup_stm32h755zitx.o
                0x080036bc                RTC_Alarm_IRQHandler
                0x080036bc                HASH_RNG_IRQHandler
                0x080036bc                EXTI2_IRQHandler
                0x080036bc                TIM8_CC_IRQHandler
                0x080036bc                HRTIM1_Master_IRQHandler
                0x080036bc                UART8_IRQHandler
                0x080036bc                SPI4_IRQHandler
                0x080036bc                TIM1_CC_IRQHandler
                0x080036bc                BDMA_Channel6_IRQHandler
                0x080036bc                DMA2_Stream5_IRQHandler
                0x080036bc                HRTIM1_FLT_IRQHandler
                0x080036bc                JPEG_IRQHandler
                0x080036bc                DMA1_Stream5_IRQHandler
                0x080036bc                BDMA_Channel1_IRQHandler
                0x080036bc                HRTIM1_TIMD_IRQHandler
                0x080036bc                TAMP_STAMP_IRQHandler
                0x080036bc                EXTI3_IRQHandler
                0x080036bc                LPTIM4_IRQHandler
                0x080036bc                TIM8_TRG_COM_TIM14_IRQHandler
                0x080036bc                LPTIM2_IRQHandler
                0x080036bc                DFSDM1_FLT1_IRQHandler
                0x080036bc                DMAMUX2_OVR_IRQHandler
                0x080036bc                TIM8_UP_TIM13_IRQHandler
                0x080036bc                I2C3_ER_IRQHandler
                0x080036bc                DFSDM1_FLT2_IRQHandler
                0x080036bc                MDMA_IRQHandler
                0x080036bc                LPTIM3_IRQHandler
                0x080036bc                HSEM1_IRQHandler
                0x080036bc                EXTI0_IRQHandler
                0x080036bc                I2C2_EV_IRQHandler
                0x080036bc                DMA1_Stream2_IRQHandler
                0x080036bc                FPU_IRQHandler
                0x080036bc                OTG_HS_WKUP_IRQHandler
                0x080036bc                FDCAN1_IT1_IRQHandler
                0x080036bc                LTDC_ER_IRQHandler
                0x080036bc                DMA2_Stream2_IRQHandler
                0x080036bc                HRTIM1_TIME_IRQHandler
                0x080036bc                SPI1_IRQHandler
                0x080036bc                DCMI_IRQHandler
                0x080036bc                HRTIM1_TIMC_IRQHandler
                0x080036bc                DMA2_Stream3_IRQHandler
                0x080036bc                SAI2_IRQHandler
                0x080036bc                DFSDM1_FLT3_IRQHandler
                0x080036bc                USART6_IRQHandler
                0x080036bc                TIM17_IRQHandler
                0x080036bc                BDMA_Channel7_IRQHandler
                0x080036bc                CRYP_IRQHandler
                0x080036bc                LPTIM5_IRQHandler
                0x080036bc                UART5_IRQHandler
                0x080036bc                ADC3_IRQHandler
                0x080036bc                DMA2_Stream0_IRQHandler
                0x080036bc                TIM4_IRQHandler
                0x080036bc                BDMA_Channel2_IRQHandler
                0x080036bc                QUADSPI_IRQHandler
                0x080036bc                I2C1_EV_IRQHandler
                0x080036bc                DMA1_Stream6_IRQHandler
                0x080036bc                DMAMUX1_OVR_IRQHandler
                0x080036bc                TIM16_IRQHandler
                0x080036bc                UART4_IRQHandler
                0x080036bc                BDMA_Channel5_IRQHandler
                0x080036bc                TIM3_IRQHandler
                0x080036bc                RCC_IRQHandler
                0x080036bc                TIM8_BRK_TIM12_IRQHandler
                0x080036bc                TIM1_TRG_COM_IRQHandler
                0x080036bc                Default_Handler
                0x080036bc                ECC_IRQHandler
                0x080036bc                CEC_IRQHandler
                0x080036bc                BDMA_Channel0_IRQHandler
                0x080036bc                ADC_IRQHandler
                0x080036bc                DMA1_Stream7_IRQHandler
                0x080036bc                HRTIM1_TIMA_IRQHandler
                0x080036bc                SPI5_IRQHandler
                0x080036bc                TIM7_IRQHandler
                0x080036bc                SDMMC1_IRQHandler
                0x080036bc                TIM5_IRQHandler
                0x080036bc                DMA2_Stream7_IRQHandler
                0x080036bc                TIM15_IRQHandler
                0x080036bc                PVD_AVD_IRQHandler
                0x080036bc                I2C3_EV_IRQHandler
                0x080036bc                EXTI9_5_IRQHandler
                0x080036bc                RTC_WKUP_IRQHandler
                0x080036bc                LTDC_IRQHandler
                0x080036bc                SAI3_IRQHandler
                0x080036bc                ETH_WKUP_IRQHandler
                0x080036bc                SPDIF_RX_IRQHandler
                0x080036bc                SPI2_IRQHandler
                0x080036bc                OTG_HS_EP1_IN_IRQHandler
                0x080036bc                CRS_IRQHandler
                0x080036bc                CM7_SEV_IRQHandler
                0x080036bc                EXTI4_IRQHandler
                0x080036bc                CM4_SEV_IRQHandler
                0x080036bc                HRTIM1_TIMB_IRQHandler
                0x080036bc                FDCAN2_IT1_IRQHandler
                0x080036bc                ETH_IRQHandler
                0x080036bc                TIM1_UP_IRQHandler
                0x080036bc                WWDG_RST_IRQHandler
                0x080036bc                BDMA_Channel4_IRQHandler
                0x080036bc                OTG_HS_EP1_OUT_IRQHandler
                0x080036bc                WWDG_IRQHandler
                0x080036bc                SPI6_IRQHandler
                0x080036bc                MDIOS_IRQHandler
                0x080036bc                I2C4_EV_IRQHandler
                0x080036bc                FDCAN2_IT0_IRQHandler
                0x080036bc                LPUART1_IRQHandler
                0x080036bc                FDCAN1_IT0_IRQHandler
                0x080036bc                TIM2_IRQHandler
                0x080036bc                OTG_FS_WKUP_IRQHandler
                0x080036bc                OTG_HS_IRQHandler
                0x080036bc                HSEM2_IRQHandler
                0x080036bc                DMA2D_IRQHandler
                0x080036bc                TIM1_BRK_IRQHandler
                0x080036bc                EXTI1_IRQHandler
                0x080036bc                SDMMC2_IRQHandler
                0x080036bc                OTG_FS_EP1_OUT_IRQHandler
                0x080036bc                BDMA_Channel3_IRQHandler
                0x080036bc                HOLD_CORE_IRQHandler
                0x080036bc                UART7_IRQHandler
                0x080036bc                MDIOS_WKUP_IRQHandler
                0x080036bc                DFSDM1_FLT0_IRQHandler
                0x080036bc                SAI4_IRQHandler
                0x080036bc                I2C2_ER_IRQHandler
                0x080036bc                DMA2_Stream1_IRQHandler
                0x080036bc                FLASH_IRQHandler
                0x080036bc                DMA2_Stream4_IRQHandler
                0x080036bc                USART1_IRQHandler
                0x080036bc                OTG_FS_IRQHandler
                0x080036bc                SPI3_IRQHandler
                0x080036bc                WAKEUP_PIN_IRQHandler
                0x080036bc                DMA1_Stream4_IRQHandler
                0x080036bc                OTG_FS_EP1_IN_IRQHandler
                0x080036bc                I2C1_ER_IRQHandler
                0x080036bc                FMC_IRQHandler
                0x080036bc                FDCAN_CAL_IRQHandler
                0x080036bc                SWPMI1_IRQHandler
                0x080036bc                COMP1_IRQHandler
                0x080036bc                LPTIM1_IRQHandler
                0x080036bc                I2C4_ER_IRQHandler
                0x080036bc                DMA2_Stream6_IRQHandler
                0x080036bc                SAI1_IRQHandler
                0x080036bc                DMA1_Stream3_IRQHandler
 *fill*         0x080036be        0x2 
 .text.BSP_LED_Init
                0x080036c0       0x98 ./Drivers/BSP/STM32H7xx_Nucleo/stm32h7xx_nucleo.o
                0x080036c0                BSP_LED_Init
 .text.BSP_LED_On
                0x08003758       0x2c ./Drivers/BSP/STM32H7xx_Nucleo/stm32h7xx_nucleo.o
                0x08003758                BSP_LED_On
 .text.BSP_LED_Toggle
                0x08003784       0x28 ./Drivers/BSP/STM32H7xx_Nucleo/stm32h7xx_nucleo.o
                0x08003784                BSP_LED_Toggle
 .text.BSP_PB_Init
                0x080037ac       0x8c ./Drivers/BSP/STM32H7xx_Nucleo/stm32h7xx_nucleo.o
                0x080037ac                BSP_PB_Init
 .text.BSP_PB_IRQHandler
                0x08003838       0x10 ./Drivers/BSP/STM32H7xx_Nucleo/stm32h7xx_nucleo.o
                0x08003838                BSP_PB_IRQHandler
 .text.BUTTON_USER_EXTI_Callback
                0x08003848        0xa ./Drivers/BSP/STM32H7xx_Nucleo/stm32h7xx_nucleo.o
 *fill*         0x08003852        0x2 
 .text.HAL_Init
                0x08003854       0x5c ./Drivers/STM32H7xx_HAL_Driver/stm32h7xx_hal.o
                0x08003854                HAL_Init
 .text.HAL_IncTick
                0x080038b0       0x18 ./Drivers/STM32H7xx_HAL_Driver/stm32h7xx_hal.o
                0x080038b0                HAL_IncTick
 .text.HAL_GetTick
                0x080038c8        0xc ./Drivers/STM32H7xx_HAL_Driver/stm32h7xx_hal.o
                0x080038c8                HAL_GetTick
 .text.HAL_Delay
                0x080038d4       0x24 ./Drivers/STM32H7xx_HAL_Driver/stm32h7xx_hal.o
                0x080038d4                HAL_Delay
 .text.HAL_GetREVID
                0x080038f8        0xc ./Drivers/STM32H7xx_HAL_Driver/stm32h7xx_hal.o
                0x080038f8                HAL_GetREVID
 .text.HAL_NVIC_SetPriorityGrouping
                0x08003904       0x24 ./Drivers/STM32H7xx_HAL_Driver/stm32h7xx_hal_cortex.o
                0x08003904                HAL_NVIC_SetPriorityGrouping
 .text.HAL_NVIC_SetPriority
                0x08003928       0x64 ./Drivers/STM32H7xx_HAL_Driver/stm32h7xx_hal_cortex.o
                0x08003928                HAL_NVIC_SetPriority
 .text.HAL_NVIC_EnableIRQ
                0x0800398c       0x1c ./Drivers/STM32H7xx_HAL_Driver/stm32h7xx_hal_cortex.o
                0x0800398c                HAL_NVIC_EnableIRQ
 .text.HAL_NVIC_DisableIRQ
                0x080039a8       0x24 ./Drivers/STM32H7xx_HAL_Driver/stm32h7xx_hal_cortex.o
                0x080039a8                HAL_NVIC_DisableIRQ
 .text.HAL_GetCurrentCPUID
                0x080039cc       0x18 ./Drivers/STM32H7xx_HAL_Driver/stm32h7xx_hal_cortex.o
                0x080039cc                HAL_GetCurrentCPUID
 .text.DMA_SetConfig
                0x080039e4      0x14c ./Drivers/STM32H7xx_HAL_Driver/stm32h7xx_hal_dma.o
 .text.DMA_CalcBaseAndBitshift
                0x08003b30       0x9c ./Drivers/STM32H7xx_HAL_Driver/stm32h7xx_hal_dma.o
 .text.DMA_CalcDMAMUXChannelBaseAndMask
                0x08003bcc       0x94 ./Drivers/STM32H7xx_HAL_Driver/stm32h7xx_hal_dma.o
 .text.DMA_CalcDMAMUXRequestGenBaseAndMask
                0x08003c60       0x70 ./Drivers/STM32H7xx_HAL_Driver/stm32h7xx_hal_dma.o
 .text.HAL_DMA_Init
                0x08003cd0      0x330 ./Drivers/STM32H7xx_HAL_Driver/stm32h7xx_hal_dma.o
                0x08003cd0                HAL_DMA_Init
 .text.HAL_DMA_DeInit
                0x08004000      0x148 ./Drivers/STM32H7xx_HAL_Driver/stm32h7xx_hal_dma.o
                0x08004000                HAL_DMA_DeInit
 .text.HAL_DMA_Start_IT
                0x08004148      0x1d8 ./Drivers/STM32H7xx_HAL_Driver/stm32h7xx_hal_dma.o
                0x08004148                HAL_DMA_Start_IT
 .text.HAL_DMA_Abort
                0x08004320      0x228 ./Drivers/STM32H7xx_HAL_Driver/stm32h7xx_hal_dma.o
                0x08004320                HAL_DMA_Abort
 .text.HAL_DMA_Abort_IT
                0x08004548      0x120 ./Drivers/STM32H7xx_HAL_Driver/stm32h7xx_hal_dma.o
                0x08004548                HAL_DMA_Abort_IT
 .text.HAL_DMA_IRQHandler
                0x08004668      0x3a0 ./Drivers/STM32H7xx_HAL_Driver/stm32h7xx_hal_dma.o
                0x08004668                HAL_DMA_IRQHandler
 .text.HAL_DMA_GetError
                0x08004a08        0x4 ./Drivers/STM32H7xx_HAL_Driver/stm32h7xx_hal_dma.o
                0x08004a08                HAL_DMA_GetError
 .text.HAL_EXTI_RegisterCallback
                0x08004a0c        0xe ./Drivers/STM32H7xx_HAL_Driver/stm32h7xx_hal_exti.o
                0x08004a0c                HAL_EXTI_RegisterCallback
 .text.HAL_EXTI_GetHandle
                0x08004a1a        0xc ./Drivers/STM32H7xx_HAL_Driver/stm32h7xx_hal_exti.o
                0x08004a1a                HAL_EXTI_GetHandle
 .text.HAL_EXTI_IRQHandler
                0x08004a26       0x3a ./Drivers/STM32H7xx_HAL_Driver/stm32h7xx_hal_exti.o
                0x08004a26                HAL_EXTI_IRQHandler
 .text.HAL_GPIO_Init
                0x08004a60      0x1d0 ./Drivers/STM32H7xx_HAL_Driver/stm32h7xx_hal_gpio.o
                0x08004a60                HAL_GPIO_Init
 .text.HAL_GPIO_DeInit
                0x08004c30      0x138 ./Drivers/STM32H7xx_HAL_Driver/stm32h7xx_hal_gpio.o
                0x08004c30                HAL_GPIO_DeInit
 .text.HAL_GPIO_WritePin
                0x08004d68        0xa ./Drivers/STM32H7xx_HAL_Driver/stm32h7xx_hal_gpio.o
                0x08004d68                HAL_GPIO_WritePin
 .text.HAL_GPIO_TogglePin
                0x08004d72       0x12 ./Drivers/STM32H7xx_HAL_Driver/stm32h7xx_hal_gpio.o
                0x08004d72                HAL_GPIO_TogglePin
 .text.HAL_HSEM_FastTake
                0x08004d84       0x1c ./Drivers/STM32H7xx_HAL_Driver/stm32h7xx_hal_hsem.o
                0x08004d84                HAL_HSEM_FastTake
 .text.HAL_HSEM_Release
                0x08004da0       0x10 ./Drivers/STM32H7xx_HAL_Driver/stm32h7xx_hal_hsem.o
                0x08004da0                HAL_HSEM_Release
 .text.HAL_I2C_AddrCallback
                0x08004db0        0x2 ./Drivers/STM32H7xx_HAL_Driver/stm32h7xx_hal_i2c.o
                0x08004db0                HAL_I2C_AddrCallback
 .text.I2C_Flush_TXDR
                0x08004db2       0x1c ./Drivers/STM32H7xx_HAL_Driver/stm32h7xx_hal_i2c.o
 *fill*         0x08004dce        0x2 
 .text.I2C_TransferConfig
                0x08004dd0       0x2c ./Drivers/STM32H7xx_HAL_Driver/stm32h7xx_hal_i2c.o
 .text.I2C_IsErrorOccurred
                0x08004dfc      0x100 ./Drivers/STM32H7xx_HAL_Driver/stm32h7xx_hal_i2c.o
 .text.I2C_WaitOnTXISFlagUntilTimeout
                0x08004efc       0x56 ./Drivers/STM32H7xx_HAL_Driver/stm32h7xx_hal_i2c.o
 .text.I2C_WaitOnFlagUntilTimeout
                0x08004f52       0x76 ./Drivers/STM32H7xx_HAL_Driver/stm32h7xx_hal_i2c.o
 .text.I2C_WaitOnSTOPFlagUntilTimeout
                0x08004fc8       0x52 ./Drivers/STM32H7xx_HAL_Driver/stm32h7xx_hal_i2c.o
 .text.HAL_I2C_AbortCpltCallback
                0x0800501a        0x2 ./Drivers/STM32H7xx_HAL_Driver/stm32h7xx_hal_i2c.o
                0x0800501a                HAL_I2C_AbortCpltCallback
 .text.HAL_I2C_MasterTxCpltCallback
                0x0800501c        0x2 ./Drivers/STM32H7xx_HAL_Driver/stm32h7xx_hal_i2c.o
                0x0800501c                HAL_I2C_MasterTxCpltCallback
 .text.HAL_I2C_MasterRxCpltCallback
                0x0800501e        0x2 ./Drivers/STM32H7xx_HAL_Driver/stm32h7xx_hal_i2c.o
                0x0800501e                HAL_I2C_MasterRxCpltCallback
 .text.HAL_I2C_SlaveTxCpltCallback
                0x08005020        0x2 ./Drivers/STM32H7xx_HAL_Driver/stm32h7xx_hal_i2c.o
                0x08005020                HAL_I2C_SlaveTxCpltCallback
 .text.HAL_I2C_SlaveRxCpltCallback
                0x08005022        0x2 ./Drivers/STM32H7xx_HAL_Driver/stm32h7xx_hal_i2c.o
                0x08005022                HAL_I2C_SlaveRxCpltCallback
 .text.HAL_I2C_ListenCpltCallback
                0x08005024        0x2 ./Drivers/STM32H7xx_HAL_Driver/stm32h7xx_hal_i2c.o
                0x08005024                HAL_I2C_ListenCpltCallback
 .text.HAL_I2C_MemTxCpltCallback
                0x08005026        0x2 ./Drivers/STM32H7xx_HAL_Driver/stm32h7xx_hal_i2c.o
                0x08005026                HAL_I2C_MemTxCpltCallback
 .text.HAL_I2C_MemRxCpltCallback
                0x08005028        0x2 ./Drivers/STM32H7xx_HAL_Driver/stm32h7xx_hal_i2c.o
                0x08005028                HAL_I2C_MemRxCpltCallback
 .text.HAL_I2C_ErrorCallback
                0x0800502a        0x2 ./Drivers/STM32H7xx_HAL_Driver/stm32h7xx_hal_i2c.o
                0x0800502a                HAL_I2C_ErrorCallback
 .text.HAL_I2C_Init
                0x0800502c      0x108 ./Drivers/STM32H7xx_HAL_Driver/stm32h7xx_hal_i2c.o
                0x0800502c                HAL_I2C_Init
 .text.HAL_I2C_Mem_Write
                0x08005134      0x1b4 ./Drivers/STM32H7xx_HAL_Driver/stm32h7xx_hal_i2c.o
                0x08005134                HAL_I2C_Mem_Write
 .text.HAL_I2C_Mem_Read
                0x080052e8      0x1bc ./Drivers/STM32H7xx_HAL_Driver/stm32h7xx_hal_i2c.o
                0x080052e8                HAL_I2C_Mem_Read
 .text.HAL_I2CEx_ConfigAnalogFilter
                0x080054a4       0x4c ./Drivers/STM32H7xx_HAL_Driver/stm32h7xx_hal_i2c_ex.o
                0x080054a4                HAL_I2CEx_ConfigAnalogFilter
 .text.HAL_I2CEx_ConfigDigitalFilter
                0x080054f0       0x4a ./Drivers/STM32H7xx_HAL_Driver/stm32h7xx_hal_i2c_ex.o
                0x080054f0                HAL_I2CEx_ConfigDigitalFilter
 *fill*         0x0800553a        0x2 
 .text.HAL_PWREx_ConfigSupply
                0x0800553c       0x78 ./Drivers/STM32H7xx_HAL_Driver/stm32h7xx_hal_pwr_ex.o
                0x0800553c                HAL_PWREx_ConfigSupply
 .text.HAL_RCC_OscConfig
                0x080055b4      0x550 ./Drivers/STM32H7xx_HAL_Driver/stm32h7xx_hal_rcc.o
                0x080055b4                HAL_RCC_OscConfig
 .text.HAL_RCC_GetSysClockFreq
                0x08005b04      0x144 ./Drivers/STM32H7xx_HAL_Driver/stm32h7xx_hal_rcc.o
                0x08005b04                HAL_RCC_GetSysClockFreq
 .text.HAL_RCC_ClockConfig
                0x08005c48      0x24c ./Drivers/STM32H7xx_HAL_Driver/stm32h7xx_hal_rcc.o
                0x08005c48                HAL_RCC_ClockConfig
 .text.HAL_RCC_GetHCLKFreq
                0x08005e94       0x44 ./Drivers/STM32H7xx_HAL_Driver/stm32h7xx_hal_rcc.o
                0x08005e94                HAL_RCC_GetHCLKFreq
 .text.HAL_RCC_GetPCLK1Freq
                0x08005ed8       0x24 ./Drivers/STM32H7xx_HAL_Driver/stm32h7xx_hal_rcc.o
                0x08005ed8                HAL_RCC_GetPCLK1Freq
 .text.HAL_RCC_GetPCLK2Freq
                0x08005efc       0x24 ./Drivers/STM32H7xx_HAL_Driver/stm32h7xx_hal_rcc.o
                0x08005efc                HAL_RCC_GetPCLK2Freq
 .text.HAL_RCC_GetClockConfig
                0x08005f20       0x54 ./Drivers/STM32H7xx_HAL_Driver/stm32h7xx_hal_rcc.o
                0x08005f20                HAL_RCC_GetClockConfig
 .text.RCCEx_PLL2_Config
                0x08005f74       0xec ./Drivers/STM32H7xx_HAL_Driver/stm32h7xx_hal_rcc_ex.o
 .text.RCCEx_PLL3_Config
                0x08006060       0xec ./Drivers/STM32H7xx_HAL_Driver/stm32h7xx_hal_rcc_ex.o
 .text.HAL_RCCEx_PeriphCLKConfig
                0x0800614c      0x9cc ./Drivers/STM32H7xx_HAL_Driver/stm32h7xx_hal_rcc_ex.o
                0x0800614c                HAL_RCCEx_PeriphCLKConfig
 .text.HAL_RCCEx_GetD3PCLK1Freq
                0x08006b18       0x24 ./Drivers/STM32H7xx_HAL_Driver/stm32h7xx_hal_rcc_ex.o
                0x08006b18                HAL_RCCEx_GetD3PCLK1Freq
 .text.HAL_RCCEx_GetPLL2ClockFreq
                0x08006b3c      0x154 ./Drivers/STM32H7xx_HAL_Driver/stm32h7xx_hal_rcc_ex.o
                0x08006b3c                HAL_RCCEx_GetPLL2ClockFreq
 .text.HAL_RCCEx_GetPLL3ClockFreq
                0x08006c90      0x154 ./Drivers/STM32H7xx_HAL_Driver/stm32h7xx_hal_rcc_ex.o
                0x08006c90                HAL_RCCEx_GetPLL3ClockFreq
 .text.HAL_RCCEx_GetPLL1ClockFreq
                0x08006de4      0x154 ./Drivers/STM32H7xx_HAL_Driver/stm32h7xx_hal_rcc_ex.o
                0x08006de4                HAL_RCCEx_GetPLL1ClockFreq
 .text.HAL_RCCEx_GetPeriphCLKFreq
                0x08006f38      0x2d0 ./Drivers/STM32H7xx_HAL_Driver/stm32h7xx_hal_rcc_ex.o
                0x08006f38                HAL_RCCEx_GetPeriphCLKFreq
 .text.SPI_CloseTransfer
                0x08007208       0xac ./Drivers/STM32H7xx_HAL_Driver/stm32h7xx_hal_spi.o
 .text.HAL_SPI_Init
                0x080072b4      0x148 ./Drivers/STM32H7xx_HAL_Driver/stm32h7xx_hal_spi.o
                0x080072b4                HAL_SPI_Init
 .text.HAL_SPI_DeInit
                0x080073fc       0x2e ./Drivers/STM32H7xx_HAL_Driver/stm32h7xx_hal_spi.o
                0x080073fc                HAL_SPI_DeInit
 *fill*         0x0800742a        0x2 
 .text.HAL_SPI_TransmitReceive
                0x0800742c      0x350 ./Drivers/STM32H7xx_HAL_Driver/stm32h7xx_hal_spi.o
                0x0800742c                HAL_SPI_TransmitReceive
 .text.HAL_TIM_Base_MspInit
                0x0800777c        0x2 ./Drivers/STM32H7xx_HAL_Driver/stm32h7xx_hal_tim.o
                0x0800777c                HAL_TIM_Base_MspInit
 *fill*         0x0800777e        0x2 
 .text.HAL_TIM_Base_Start_IT
                0x08007780       0x7c ./Drivers/STM32H7xx_HAL_Driver/stm32h7xx_hal_tim.o
                0x08007780                HAL_TIM_Base_Start_IT
 .text.HAL_TIM_OC_DelayElapsedCallback
                0x080077fc        0x2 ./Drivers/STM32H7xx_HAL_Driver/stm32h7xx_hal_tim.o
                0x080077fc                HAL_TIM_OC_DelayElapsedCallback
 .text.HAL_TIM_IC_CaptureCallback
                0x080077fe        0x2 ./Drivers/STM32H7xx_HAL_Driver/stm32h7xx_hal_tim.o
                0x080077fe                HAL_TIM_IC_CaptureCallback
 .text.HAL_TIM_PWM_PulseFinishedCallback
                0x08007800        0x2 ./Drivers/STM32H7xx_HAL_Driver/stm32h7xx_hal_tim.o
                0x08007800                HAL_TIM_PWM_PulseFinishedCallback
 .text.HAL_TIM_TriggerCallback
                0x08007802        0x2 ./Drivers/STM32H7xx_HAL_Driver/stm32h7xx_hal_tim.o
                0x08007802                HAL_TIM_TriggerCallback
 .text.HAL_TIM_IRQHandler
                0x08007804      0x140 ./Drivers/STM32H7xx_HAL_Driver/stm32h7xx_hal_tim.o
                0x08007804                HAL_TIM_IRQHandler
 .text.TIM_Base_SetConfig
                0x08007944       0xa8 ./Drivers/STM32H7xx_HAL_Driver/stm32h7xx_hal_tim.o
                0x08007944                TIM_Base_SetConfig
 .text.HAL_TIM_Base_Init
                0x080079ec       0x60 ./Drivers/STM32H7xx_HAL_Driver/stm32h7xx_hal_tim.o
                0x080079ec                HAL_TIM_Base_Init
 .text.HAL_TIMEx_CommutCallback
                0x08007a4c        0x2 ./Drivers/STM32H7xx_HAL_Driver/stm32h7xx_hal_tim_ex.o
                0x08007a4c                HAL_TIMEx_CommutCallback
 .text.HAL_TIMEx_BreakCallback
                0x08007a4e        0x2 ./Drivers/STM32H7xx_HAL_Driver/stm32h7xx_hal_tim_ex.o
                0x08007a4e                HAL_TIMEx_BreakCallback
 .text.HAL_TIMEx_Break2Callback
                0x08007a50        0x2 ./Drivers/STM32H7xx_HAL_Driver/stm32h7xx_hal_tim_ex.o
                0x08007a50                HAL_TIMEx_Break2Callback
 .text.UART_EndTxTransfer
                0x08007a52       0x34 ./Drivers/STM32H7xx_HAL_Driver/stm32h7xx_hal_uart.o
 *fill*         0x08007a86        0x2 
 .text.UART_EndRxTransfer
                0x08007a88       0x58 ./Drivers/STM32H7xx_HAL_Driver/stm32h7xx_hal_uart.o
 .text.HAL_UART_DeInit
                0x08007ae0       0x3e ./Drivers/STM32H7xx_HAL_Driver/stm32h7xx_hal_uart.o
                0x08007ae0                HAL_UART_DeInit
 *fill*         0x08007b1e        0x2 
 .text.HAL_UART_AbortReceive
                0x08007b20       0xac ./Drivers/STM32H7xx_HAL_Driver/stm32h7xx_hal_uart.o
                0x08007b20                HAL_UART_AbortReceive
 .text.HAL_UART_TxCpltCallback
                0x08007bcc        0x2 ./Drivers/STM32H7xx_HAL_Driver/stm32h7xx_hal_uart.o
                0x08007bcc                HAL_UART_TxCpltCallback
 .text.HAL_UART_RxCpltCallback
                0x08007bce        0x2 ./Drivers/STM32H7xx_HAL_Driver/stm32h7xx_hal_uart.o
                0x08007bce                HAL_UART_RxCpltCallback
 .text.HAL_UART_RxHalfCpltCallback
                0x08007bd0        0x2 ./Drivers/STM32H7xx_HAL_Driver/stm32h7xx_hal_uart.o
                0x08007bd0                HAL_UART_RxHalfCpltCallback
 .text.HAL_UART_ErrorCallback
                0x08007bd2        0x2 ./Drivers/STM32H7xx_HAL_Driver/stm32h7xx_hal_uart.o
                0x08007bd2                HAL_UART_ErrorCallback
 .text.UART_DMAError
                0x08007bd4       0x48 ./Drivers/STM32H7xx_HAL_Driver/stm32h7xx_hal_uart.o
 .text.UART_DMAAbortOnError
                0x08007c1c       0x10 ./Drivers/STM32H7xx_HAL_Driver/stm32h7xx_hal_uart.o
 .text.HAL_UART_IRQHandler
                0x08007c2c      0x354 ./Drivers/STM32H7xx_HAL_Driver/stm32h7xx_hal_uart.o
                0x08007c2c                HAL_UART_IRQHandler
 .text.UART_DMARxHalfCplt
                0x08007f80       0x20 ./Drivers/STM32H7xx_HAL_Driver/stm32h7xx_hal_uart.o
 .text.UART_DMAReceiveCplt
                0x08007fa0       0x8e ./Drivers/STM32H7xx_HAL_Driver/stm32h7xx_hal_uart.o
 *fill*         0x0800802e        0x2 
 .text.UART_SetConfig
                0x08008030      0x2fc ./Drivers/STM32H7xx_HAL_Driver/stm32h7xx_hal_uart.o
                0x08008030                UART_SetConfig
 .text.UART_AdvFeatureConfig
                0x0800832c       0xaa ./Drivers/STM32H7xx_HAL_Driver/stm32h7xx_hal_uart.o
                0x0800832c                UART_AdvFeatureConfig
 .text.UART_WaitOnFlagUntilTimeout
                0x080083d6       0x90 ./Drivers/STM32H7xx_HAL_Driver/stm32h7xx_hal_uart.o
                0x080083d6                UART_WaitOnFlagUntilTimeout
 .text.HAL_UART_Transmit
                0x08008466       0xaa ./Drivers/STM32H7xx_HAL_Driver/stm32h7xx_hal_uart.o
                0x08008466                HAL_UART_Transmit
 .text.UART_CheckIdleState
                0x08008510       0xb6 ./Drivers/STM32H7xx_HAL_Driver/stm32h7xx_hal_uart.o
                0x08008510                UART_CheckIdleState
 .text.HAL_UART_Init
                0x080085c6       0x60 ./Drivers/STM32H7xx_HAL_Driver/stm32h7xx_hal_uart.o
                0x080085c6                HAL_UART_Init
 *fill*         0x08008626        0x2 
 .text.UART_Start_Receive_DMA
                0x08008628       0xa0 ./Drivers/STM32H7xx_HAL_Driver/stm32h7xx_hal_uart.o
                0x08008628                UART_Start_Receive_DMA
 .text.UARTEx_SetNbDataToProcess
                0x080086c8       0x44 ./Drivers/STM32H7xx_HAL_Driver/stm32h7xx_hal_uart_ex.o
 .text.HAL_UARTEx_WakeupCallback
                0x0800870c        0x2 ./Drivers/STM32H7xx_HAL_Driver/stm32h7xx_hal_uart_ex.o
                0x0800870c                HAL_UARTEx_WakeupCallback
 .text.HAL_UARTEx_RxFifoFullCallback
                0x0800870e        0x2 ./Drivers/STM32H7xx_HAL_Driver/stm32h7xx_hal_uart_ex.o
                0x0800870e                HAL_UARTEx_RxFifoFullCallback
 .text.HAL_UARTEx_TxFifoEmptyCallback
                0x08008710        0x2 ./Drivers/STM32H7xx_HAL_Driver/stm32h7xx_hal_uart_ex.o
                0x08008710                HAL_UARTEx_TxFifoEmptyCallback
 .text.HAL_UARTEx_DisableFifoMode
                0x08008712       0x36 ./Drivers/STM32H7xx_HAL_Driver/stm32h7xx_hal_uart_ex.o
                0x08008712                HAL_UARTEx_DisableFifoMode
 .text.HAL_UARTEx_SetTxFifoThreshold
                0x08008748       0x40 ./Drivers/STM32H7xx_HAL_Driver/stm32h7xx_hal_uart_ex.o
                0x08008748                HAL_UARTEx_SetTxFifoThreshold
 .text.HAL_UARTEx_SetRxFifoThreshold
                0x08008788       0x40 ./Drivers/STM32H7xx_HAL_Driver/stm32h7xx_hal_uart_ex.o
                0x08008788                HAL_UARTEx_SetRxFifoThreshold
 .text.HAL_UARTEx_ReceiveToIdle_DMA
                0x080087c8       0x4a ./Drivers/STM32H7xx_HAL_Driver/stm32h7xx_hal_uart_ex.o
                0x080087c8                HAL_UARTEx_ReceiveToIdle_DMA
 *fill*         0x08008812        0x2 
 .text.MX_FATFS_Init
                0x08008814       0x1c ./FATFS/App/fatfs.o
                0x08008814                MX_FATFS_Init
 .text.get_fattime
                0x08008830        0x4 ./FATFS/App/fatfs.o
                0x08008830                get_fattime
 .text.USER_status
                0x08008834       0x14 ./FATFS/Target/user_diskio.o
                0x08008834                USER_status
 .text.USER_initialize
                0x08008848       0x30 ./FATFS/Target/user_diskio.o
                0x08008848                USER_initialize
 .text.USER_ioctl
                0x08008878       0x38 ./FATFS/Target/user_diskio.o
                0x08008878                USER_ioctl
 .text.USER_read
                0x080088b0       0x50 ./FATFS/Target/user_diskio.o
                0x080088b0                USER_read
 .text.USER_write
                0x08008900       0x3c ./FATFS/Target/user_diskio.o
                0x08008900                USER_write
 .text.ff_convert
                0x0800893c       0x38 ./Middlewares/Third_Party/FatFs/ccsbcs.o
                0x0800893c                ff_convert
 .text.ff_wtoupper
                0x08008974       0x84 ./Middlewares/Third_Party/FatFs/ccsbcs.o
                0x08008974                ff_wtoupper
 .text.disk_status
                0x080089f8       0x14 ./Middlewares/Third_Party/FatFs/diskio.o
                0x080089f8                disk_status
 .text.disk_initialize
                0x08008a0c       0x28 ./Middlewares/Third_Party/FatFs/diskio.o
                0x08008a0c                disk_initialize
 .text.disk_read
                0x08008a34       0x1c ./Middlewares/Third_Party/FatFs/diskio.o
                0x08008a34                disk_read
 .text.disk_write
                0x08008a50       0x1c ./Middlewares/Third_Party/FatFs/diskio.o
                0x08008a50                disk_write
 .text.disk_ioctl
                0x08008a6c       0x1c ./Middlewares/Third_Party/FatFs/diskio.o
                0x08008a6c                disk_ioctl
 .text.ld_dword
                0x08008a88        0x4 ./Middlewares/Third_Party/FatFs/ff.o
 .text.st_dword
                0x08008a8c       0x10 ./Middlewares/Third_Party/FatFs/ff.o
 .text.mem_set  0x08008a9c        0xc ./Middlewares/Third_Party/FatFs/ff.o
 .text.chk_lock
                0x08008aa8       0x74 ./Middlewares/Third_Party/FatFs/ff.o
 .text.inc_lock
                0x08008b1c       0x84 ./Middlewares/Third_Party/FatFs/ff.o
 .text.dec_lock
                0x08008ba0       0x3c ./Middlewares/Third_Party/FatFs/ff.o
 .text.clear_lock
                0x08008bdc       0x1c ./Middlewares/Third_Party/FatFs/ff.o
 .text.clust2sect
                0x08008bf8       0x16 ./Middlewares/Third_Party/FatFs/ff.o
 .text.clmt_clust
                0x08008c0e       0x22 ./Middlewares/Third_Party/FatFs/ff.o
 .text.sum_sfn  0x08008c30       0x1e ./Middlewares/Third_Party/FatFs/ff.o
 .text.get_ldnumber
                0x08008c4e       0x30 ./Middlewares/Third_Party/FatFs/ff.o
 .text.sync_window
                0x08008c7e       0x4a ./Middlewares/Third_Party/FatFs/ff.o
 .text.mem_cpy.part.0
                0x08008cc8       0x12 ./Middlewares/Third_Party/FatFs/ff.o
 .text.st_clust
                0x08008cda       0x18 ./Middlewares/Third_Party/FatFs/ff.o
 .text.move_window
                0x08008cf2       0x32 ./Middlewares/Third_Party/FatFs/ff.o
 .text.check_fs
                0x08008d24       0x78 ./Middlewares/Third_Party/FatFs/ff.o
 .text.find_volume
                0x08008d9c      0x25c ./Middlewares/Third_Party/FatFs/ff.o
 .text.put_fat  0x08008ff8       0xf0 ./Middlewares/Third_Party/FatFs/ff.o
 .text.sync_fs  0x080090e8       0x96 ./Middlewares/Third_Party/FatFs/ff.o
 .text.unlock_fs
                0x0800917e       0x16 ./Middlewares/Third_Party/FatFs/ff.o
 .text.ld_clust.isra.0
                0x08009194       0x10 ./Middlewares/Third_Party/FatFs/ff.o
 .text.get_fat.isra.0
                0x080091a4       0xac ./Middlewares/Third_Party/FatFs/ff.o
 .text.remove_chain
                0x08009250       0x6e ./Middlewares/Third_Party/FatFs/ff.o
 .text.create_chain
                0x080092be       0xb0 ./Middlewares/Third_Party/FatFs/ff.o
 .text.dir_next
                0x0800936e       0xec ./Middlewares/Third_Party/FatFs/ff.o
 .text.dir_sdi  0x0800945a       0x80 ./Middlewares/Third_Party/FatFs/ff.o
 *fill*         0x080094da        0x2 
 .text.dir_find
                0x080094dc      0x15c ./Middlewares/Third_Party/FatFs/ff.o
 .text.dir_register
                0x08009638      0x280 ./Middlewares/Third_Party/FatFs/ff.o
 .text.follow_path
                0x080098b8      0x274 ./Middlewares/Third_Party/FatFs/ff.o
 .text.validate
                0x08009b2c       0x52 ./Middlewares/Third_Party/FatFs/ff.o
 *fill*         0x08009b7e        0x2 
 .text.f_mount  0x08009b80       0x80 ./Middlewares/Third_Party/FatFs/ff.o
                0x08009b80                f_mount
 .text.f_open   0x08009c00      0x210 ./Middlewares/Third_Party/FatFs/ff.o
                0x08009c00                f_open
 .text.f_write  0x08009e10      0x1b8 ./Middlewares/Third_Party/FatFs/ff.o
                0x08009e10                f_write
 .text.f_sync   0x08009fc8       0xa6 ./Middlewares/Third_Party/FatFs/ff.o
                0x08009fc8                f_sync
 .text.f_close  0x0800a06e       0x32 ./Middlewares/Third_Party/FatFs/ff.o
                0x0800a06e                f_close
 .text.FATFS_LinkDriverEx
                0x0800a0a0       0x40 ./Middlewares/Third_Party/FatFs/ff_gen_drv.o
                0x0800a0a0                FATFS_LinkDriverEx
 .text.FATFS_LinkDriver
                0x0800a0e0        0x6 ./Middlewares/Third_Party/FatFs/ff_gen_drv.o
                0x0800a0e0                FATFS_LinkDriver
 .text.ff_cre_syncobj
                0x0800a0e6       0x18 ./Middlewares/Third_Party/FatFs/syscall.o
                0x0800a0e6                ff_cre_syncobj
 .text.ff_del_syncobj
                0x0800a0fe        0xa ./Middlewares/Third_Party/FatFs/syscall.o
                0x0800a0fe                ff_del_syncobj
 .text.ff_req_grant
                0x0800a108       0x12 ./Middlewares/Third_Party/FatFs/syscall.o
                0x0800a108                ff_req_grant
 .text.ff_rel_grant
                0x0800a11a        0x4 ./Middlewares/Third_Party/FatFs/syscall.o
                0x0800a11a                ff_rel_grant
 .text.SysTick_Handler
                0x0800a11e       0x1a ./Middlewares/Third_Party/FreeRTOS/cmsis_os2.o
                0x0800a11e                SysTick_Handler
 .text.osKernelInitialize
                0x0800a138       0x24 ./Middlewares/Third_Party/FreeRTOS/cmsis_os2.o
                0x0800a138                osKernelInitialize
 .text.osKernelStart
                0x0800a15c       0x34 ./Middlewares/Third_Party/FreeRTOS/cmsis_os2.o
                0x0800a15c                osKernelStart
 .text.osThreadNew
                0x0800a190       0x88 ./Middlewares/Third_Party/FreeRTOS/cmsis_os2.o
                0x0800a190                osThreadNew
 .text.osSemaphoreNew
                0x0800a218       0x94 ./Middlewares/Third_Party/FreeRTOS/cmsis_os2.o
                0x0800a218                osSemaphoreNew
 .text.osSemaphoreAcquire
                0x0800a2ac       0x58 ./Middlewares/Third_Party/FreeRTOS/cmsis_os2.o
                0x0800a2ac                osSemaphoreAcquire
 .text.osSemaphoreRelease
                0x0800a304       0x52 ./Middlewares/Third_Party/FreeRTOS/cmsis_os2.o
                0x0800a304                osSemaphoreRelease
 .text.osSemaphoreDelete
                0x0800a356       0x26 ./Middlewares/Third_Party/FreeRTOS/cmsis_os2.o
                0x0800a356                osSemaphoreDelete
 .text.vApplicationGetIdleTaskMemory
                0x0800a37c       0x18 ./Middlewares/Third_Party/FreeRTOS/cmsis_os2.o
                0x0800a37c                vApplicationGetIdleTaskMemory
 .text.vApplicationGetTimerTaskMemory
                0x0800a394       0x18 ./Middlewares/Third_Party/FreeRTOS/cmsis_os2.o
                0x0800a394                vApplicationGetTimerTaskMemory
 .text.prvInsertBlockIntoFreeList
                0x0800a3ac       0x4c ./Middlewares/Third_Party/FreeRTOS/heap_4.o
 .text.pvPortMalloc
                0x0800a3f8      0x130 ./Middlewares/Third_Party/FreeRTOS/heap_4.o
                0x0800a3f8                pvPortMalloc
 .text.vPortFree
                0x0800a528       0x7c ./Middlewares/Third_Party/FreeRTOS/heap_4.o
                0x0800a528                vPortFree
 .text.vListInitialise
                0x0800a5a4       0x16 ./Middlewares/Third_Party/FreeRTOS/list.o
                0x0800a5a4                vListInitialise
 .text.vListInitialiseItem
                0x0800a5ba        0x6 ./Middlewares/Third_Party/FreeRTOS/list.o
                0x0800a5ba                vListInitialiseItem
 .text.vListInsertEnd
                0x0800a5c0       0x16 ./Middlewares/Third_Party/FreeRTOS/list.o
                0x0800a5c0                vListInsertEnd
 .text.vListInsert
                0x0800a5d6       0x2e ./Middlewares/Third_Party/FreeRTOS/list.o
                0x0800a5d6                vListInsert
 .text.uxListRemove
                0x0800a604       0x20 ./Middlewares/Third_Party/FreeRTOS/list.o
                0x0800a604                uxListRemove
 .text.prvPortStartFirstTask
                0x0800a624       0x28 ./Middlewares/Third_Party/FreeRTOS/port.o
 .text.vPortEnableVFP
                0x0800a64c       0x14 ./Middlewares/Third_Party/FreeRTOS/port.o
 .text.prvTaskExitError
                0x0800a660       0x40 ./Middlewares/Third_Party/FreeRTOS/port.o
 .text.pxPortInitialiseStack
                0x0800a6a0       0x24 ./Middlewares/Third_Party/FreeRTOS/port.o
                0x0800a6a0                pxPortInitialiseStack
 *fill*         0x0800a6c4        0xc 
 .text.SVC_Handler
                0x0800a6d0       0x24 ./Middlewares/Third_Party/FreeRTOS/port.o
                0x0800a6d0                SVC_Handler
 .text.vPortEnterCritical
                0x0800a6f4       0x40 ./Middlewares/Third_Party/FreeRTOS/port.o
                0x0800a6f4                vPortEnterCritical
 .text.vPortExitCritical
                0x0800a734       0x28 ./Middlewares/Third_Party/FreeRTOS/port.o
                0x0800a734                vPortExitCritical
 *fill*         0x0800a75c        0x4 
 .text.PendSV_Handler
                0x0800a760       0x64 ./Middlewares/Third_Party/FreeRTOS/port.o
                0x0800a760                PendSV_Handler
 .text.xPortSysTickHandler
                0x0800a7c4       0x2c ./Middlewares/Third_Party/FreeRTOS/port.o
                0x0800a7c4                xPortSysTickHandler
 .text.vPortSetupTimerInterrupt
                0x0800a7f0       0x24 ./Middlewares/Third_Party/FreeRTOS/port.o
                0x0800a7f0                vPortSetupTimerInterrupt
 .text.xPortStartScheduler
                0x0800a814      0x104 ./Middlewares/Third_Party/FreeRTOS/port.o
                0x0800a814                xPortStartScheduler
 .text.vPortValidateInterruptPriority
                0x0800a918       0x5c ./Middlewares/Third_Party/FreeRTOS/port.o
                0x0800a918                vPortValidateInterruptPriority
 .text.prvIsQueueEmpty
                0x0800a974       0x16 ./Middlewares/Third_Party/FreeRTOS/queue.o
 .text.prvCopyDataToQueue
                0x0800a98a       0x66 ./Middlewares/Third_Party/FreeRTOS/queue.o
 .text.prvCopyDataFromQueue
                0x0800a9f0       0x2a ./Middlewares/Third_Party/FreeRTOS/queue.o
 .text.prvUnlockQueue
                0x0800aa1a       0x6c ./Middlewares/Third_Party/FreeRTOS/queue.o
 .text.xQueueGenericReset
                0x0800aa86       0x7e ./Middlewares/Third_Party/FreeRTOS/queue.o
                0x0800aa86                xQueueGenericReset
 .text.xQueueGenericCreateStatic
                0x0800ab04       0x9c ./Middlewares/Third_Party/FreeRTOS/queue.o
                0x0800ab04                xQueueGenericCreateStatic
 .text.xQueueGenericCreate
                0x0800aba0       0x4e ./Middlewares/Third_Party/FreeRTOS/queue.o
                0x0800aba0                xQueueGenericCreate
 .text.xQueueCreateCountingSemaphoreStatic
                0x0800abee       0x44 ./Middlewares/Third_Party/FreeRTOS/queue.o
                0x0800abee                xQueueCreateCountingSemaphoreStatic
 .text.xQueueCreateCountingSemaphore
                0x0800ac32       0x3c ./Middlewares/Third_Party/FreeRTOS/queue.o
                0x0800ac32                xQueueCreateCountingSemaphore
 .text.xQueueGenericSend
                0x0800ac6e      0x164 ./Middlewares/Third_Party/FreeRTOS/queue.o
                0x0800ac6e                xQueueGenericSend
 .text.xQueueGenericSendFromISR
                0x0800add2       0xba ./Middlewares/Third_Party/FreeRTOS/queue.o
                0x0800add2                xQueueGenericSendFromISR
 .text.xQueueGiveFromISR
                0x0800ae8c       0xa2 ./Middlewares/Third_Party/FreeRTOS/queue.o
                0x0800ae8c                xQueueGiveFromISR
 .text.xQueueReceive
                0x0800af2e      0x13c ./Middlewares/Third_Party/FreeRTOS/queue.o
                0x0800af2e                xQueueReceive
 .text.xQueueSemaphoreTake
                0x0800b06a      0x17a ./Middlewares/Third_Party/FreeRTOS/queue.o
                0x0800b06a                xQueueSemaphoreTake
 .text.xQueueReceiveFromISR
                0x0800b1e4       0x9a ./Middlewares/Third_Party/FreeRTOS/queue.o
                0x0800b1e4                xQueueReceiveFromISR
 *fill*         0x0800b27e        0x2 
 .text.vQueueAddToRegistry
                0x0800b280       0x24 ./Middlewares/Third_Party/FreeRTOS/queue.o
                0x0800b280                vQueueAddToRegistry
 .text.vQueueUnregisterQueue
                0x0800b2a4       0x30 ./Middlewares/Third_Party/FreeRTOS/queue.o
                0x0800b2a4                vQueueUnregisterQueue
 .text.vQueueDelete
                0x0800b2d4       0x2a ./Middlewares/Third_Party/FreeRTOS/queue.o
                0x0800b2d4                vQueueDelete
 .text.vQueueWaitForMessageRestricted
                0x0800b2fe       0x46 ./Middlewares/Third_Party/FreeRTOS/queue.o
                0x0800b2fe                vQueueWaitForMessageRestricted
 .text.prvAddNewTaskToReadyList
                0x0800b344       0xfc ./Middlewares/Third_Party/FreeRTOS/tasks.o
 .text.prvAddCurrentTaskToDelayedList
                0x0800b440       0x70 ./Middlewares/Third_Party/FreeRTOS/tasks.o
 .text.prvResetNextTaskUnblockTime
                0x0800b4b0       0x24 ./Middlewares/Third_Party/FreeRTOS/tasks.o
 .text.prvDeleteTCB
                0x0800b4d4       0x3c ./Middlewares/Third_Party/FreeRTOS/tasks.o
 .text.prvIdleTask
                0x0800b510       0x60 ./Middlewares/Third_Party/FreeRTOS/tasks.o
 .text.prvInitialiseNewTask.constprop.0
                0x0800b570       0xb8 ./Middlewares/Third_Party/FreeRTOS/tasks.o
 .text.xTaskCreateStatic
                0x0800b628       0x70 ./Middlewares/Third_Party/FreeRTOS/tasks.o
                0x0800b628                xTaskCreateStatic
 .text.xTaskCreate
                0x0800b698       0x5c ./Middlewares/Third_Party/FreeRTOS/tasks.o
                0x0800b698                xTaskCreate
 .text.vTaskStartScheduler
                0x0800b6f4       0xa0 ./Middlewares/Third_Party/FreeRTOS/tasks.o
                0x0800b6f4                vTaskStartScheduler
 .text.vTaskSuspendAll
                0x0800b794       0x10 ./Middlewares/Third_Party/FreeRTOS/tasks.o
                0x0800b794                vTaskSuspendAll
 .text.xTaskGetTickCount
                0x0800b7a4        0xc ./Middlewares/Third_Party/FreeRTOS/tasks.o
                0x0800b7a4                xTaskGetTickCount
 .text.xTaskIncrementTick
                0x0800b7b0      0x12c ./Middlewares/Third_Party/FreeRTOS/tasks.o
                0x0800b7b0                xTaskIncrementTick
 .text.xTaskResumeAll
                0x0800b8dc       0xe8 ./Middlewares/Third_Party/FreeRTOS/tasks.o
                0x0800b8dc                xTaskResumeAll
 .text.vTaskSwitchContext
                0x0800b9c4       0x80 ./Middlewares/Third_Party/FreeRTOS/tasks.o
                0x0800b9c4                vTaskSwitchContext
 .text.vTaskPlaceOnEventList
                0x0800ba44       0x34 ./Middlewares/Third_Party/FreeRTOS/tasks.o
                0x0800ba44                vTaskPlaceOnEventList
 .text.vTaskPlaceOnEventListRestricted
                0x0800ba78       0x3c ./Middlewares/Third_Party/FreeRTOS/tasks.o
                0x0800ba78                vTaskPlaceOnEventListRestricted
 .text.xTaskRemoveFromEventList
                0x0800bab4       0x84 ./Middlewares/Third_Party/FreeRTOS/tasks.o
                0x0800bab4                xTaskRemoveFromEventList
 .text.vTaskInternalSetTimeOutState
                0x0800bb38       0x18 ./Middlewares/Third_Party/FreeRTOS/tasks.o
                0x0800bb38                vTaskInternalSetTimeOutState
 .text.xTaskCheckForTimeOut
                0x0800bb50       0x78 ./Middlewares/Third_Party/FreeRTOS/tasks.o
                0x0800bb50                xTaskCheckForTimeOut
 .text.vTaskMissedYield
                0x0800bbc8        0xc ./Middlewares/Third_Party/FreeRTOS/tasks.o
                0x0800bbc8                vTaskMissedYield
 .text.xTaskGetCurrentTaskHandle
                0x0800bbd4        0xc ./Middlewares/Third_Party/FreeRTOS/tasks.o
                0x0800bbd4                xTaskGetCurrentTaskHandle
 .text.xTaskGetSchedulerState
                0x0800bbe0       0x20 ./Middlewares/Third_Party/FreeRTOS/tasks.o
                0x0800bbe0                xTaskGetSchedulerState
 .text.xTaskPriorityInherit
                0x0800bc00       0x7c ./Middlewares/Third_Party/FreeRTOS/tasks.o
                0x0800bc00                xTaskPriorityInherit
 .text.xTaskPriorityDisinherit
                0x0800bc7c       0x84 ./Middlewares/Third_Party/FreeRTOS/tasks.o
                0x0800bc7c                xTaskPriorityDisinherit
 .text.vTaskPriorityDisinheritAfterTimeout
                0x0800bd00       0x9c ./Middlewares/Third_Party/FreeRTOS/tasks.o
                0x0800bd00                vTaskPriorityDisinheritAfterTimeout
 .text.pvTaskIncrementMutexHeldCount
                0x0800bd9c       0x18 ./Middlewares/Third_Party/FreeRTOS/tasks.o
                0x0800bd9c                pvTaskIncrementMutexHeldCount
 .text.xTaskNotifyWait
                0x0800bdb4       0x94 ./Middlewares/Third_Party/FreeRTOS/tasks.o
                0x0800bdb4                xTaskNotifyWait
 .text.xTaskGenericNotifyFromISR
                0x0800be48      0x120 ./Middlewares/Third_Party/FreeRTOS/tasks.o
                0x0800be48                xTaskGenericNotifyFromISR
 .text.prvInsertTimerInActiveList
                0x0800bf68       0x3c ./Middlewares/Third_Party/FreeRTOS/timers.o
 .text.prvCheckForValidListAndQueue
                0x0800bfa4       0x68 ./Middlewares/Third_Party/FreeRTOS/timers.o
 .text.xTimerCreateTimerTask
                0x0800c00c       0x64 ./Middlewares/Third_Party/FreeRTOS/timers.o
                0x0800c00c                xTimerCreateTimerTask
 .text.xTimerGenericCommand
                0x0800c070       0x54 ./Middlewares/Third_Party/FreeRTOS/timers.o
                0x0800c070                xTimerGenericCommand
 .text.prvSampleTimeNow
                0x0800c0c4       0xa4 ./Middlewares/Third_Party/FreeRTOS/timers.o
 .text.prvTimerTask
                0x0800c168      0x1cc ./Middlewares/Third_Party/FreeRTOS/timers.o
 .text.atof     0x0800c334        0x6 /opt/st/stm32cubeide_1.19.0/plugins/com.st.stm32cube.ide.mcu.externaltools.gnu-tools-for-stm32.13.3.rel1.linux64_1.0.0.202410170706/tools/bin/../lib/gcc/arm-none-eabi/13.3.1/../../../../arm-none-eabi/lib/thumb/v7e-m+dp/hard/libc_nano.a(libc_a-atof.o)
                0x0800c334                atof
 .text.atoi     0x0800c33a        0x8 /opt/st/stm32cubeide_1.19.0/plugins/com.st.stm32cube.ide.mcu.externaltools.gnu-tools-for-stm32.13.3.rel1.linux64_1.0.0.202410170706/tools/bin/../lib/gcc/arm-none-eabi/13.3.1/../../../../arm-none-eabi/lib/thumb/v7e-m+dp/hard/libc_nano.a(libc_a-atoi.o)
                0x0800c33a                atoi
 .text.sulp     0x0800c342       0x34 /opt/st/stm32cubeide_1.19.0/plugins/com.st.stm32cube.ide.mcu.externaltools.gnu-tools-for-stm32.13.3.rel1.linux64_1.0.0.202410170706/tools/bin/../lib/gcc/arm-none-eabi/13.3.1/../../../../arm-none-eabi/lib/thumb/v7e-m+dp/hard/libc_nano.a(libc_a-strtod.o)
 *fill*         0x0800c376        0x2 
 .text._strtod_l
                0x0800c378      0xb34 /opt/st/stm32cubeide_1.19.0/plugins/com.st.stm32cube.ide.mcu.externaltools.gnu-tools-for-stm32.13.3.rel1.linux64_1.0.0.202410170706/tools/bin/../lib/gcc/arm-none-eabi/13.3.1/../../../../arm-none-eabi/lib/thumb/v7e-m+dp/hard/libc_nano.a(libc_a-strtod.o)
                0x0800c378                _strtod_l
 .text.strtod   0x0800ceac       0x18 /opt/st/stm32cubeide_1.19.0/plugins/com.st.stm32cube.ide.mcu.externaltools.gnu-tools-for-stm32.13.3.rel1.linux64_1.0.0.202410170706/tools/bin/../lib/gcc/arm-none-eabi/13.3.1/../../../../arm-none-eabi/lib/thumb/v7e-m+dp/hard/libc_nano.a(libc_a-strtod.o)
                0x0800ceac                strtod
 .text._strtol_l.isra.0
                0x0800cec4       0xf4 /opt/st/stm32cubeide_1.19.0/plugins/com.st.stm32cube.ide.mcu.externaltools.gnu-tools-for-stm32.13.3.rel1.linux64_1.0.0.202410170706/tools/bin/../lib/gcc/arm-none-eabi/13.3.1/../../../../arm-none-eabi/lib/thumb/v7e-m+dp/hard/libc_nano.a(libc_a-strtol.o)
 .text.strtol   0x0800cfb8       0x14 /opt/st/stm32cubeide_1.19.0/plugins/com.st.stm32cube.ide.mcu.externaltools.gnu-tools-for-stm32.13.3.rel1.linux64_1.0.0.202410170706/tools/bin/../lib/gcc/arm-none-eabi/13.3.1/../../../../arm-none-eabi/lib/thumb/v7e-m+dp/hard/libc_nano.a(libc_a-strtol.o)
                0x0800cfb8                strtol
 .text._strtoul_l.isra.0
                0x0800cfcc       0xdc /opt/st/stm32cubeide_1.19.0/plugins/com.st.stm32cube.ide.mcu.externaltools.gnu-tools-for-stm32.13.3.rel1.linux64_1.0.0.202410170706/tools/bin/../lib/gcc/arm-none-eabi/13.3.1/../../../../arm-none-eabi/lib/thumb/v7e-m+dp/hard/libc_nano.a(libc_a-strtoul.o)
 .text.strtoul  0x0800d0a8       0x14 /opt/st/stm32cubeide_1.19.0/plugins/com.st.stm32cube.ide.mcu.externaltools.gnu-tools-for-stm32.13.3.rel1.linux64_1.0.0.202410170706/tools/bin/../lib/gcc/arm-none-eabi/13.3.1/../../../../arm-none-eabi/lib/thumb/v7e-m+dp/hard/libc_nano.a(libc_a-strtoul.o)
                0x0800d0a8                strtoul
 .text.__cvt    0x0800d0bc       0xa8 /opt/st/stm32cubeide_1.19.0/plugins/com.st.stm32cube.ide.mcu.externaltools.gnu-tools-for-stm32.13.3.rel1.linux64_1.0.0.202410170706/tools/bin/../lib/gcc/arm-none-eabi/13.3.1/../../../../arm-none-eabi/lib/thumb/v7e-m+dp/hard/libc_nano.a(libc_a-nano-vfprintf_float.o)
                0x0800d0bc                __cvt
 .text.__exponent
                0x0800d164       0x74 /opt/st/stm32cubeide_1.19.0/plugins/com.st.stm32cube.ide.mcu.externaltools.gnu-tools-for-stm32.13.3.rel1.linux64_1.0.0.202410170706/tools/bin/../lib/gcc/arm-none-eabi/13.3.1/../../../../arm-none-eabi/lib/thumb/v7e-m+dp/hard/libc_nano.a(libc_a-nano-vfprintf_float.o)
                0x0800d164                __exponent
 .text._printf_float
                0x0800d1d8      0x434 /opt/st/stm32cubeide_1.19.0/plugins/com.st.stm32cube.ide.mcu.externaltools.gnu-tools-for-stm32.13.3.rel1.linux64_1.0.0.202410170706/tools/bin/../lib/gcc/arm-none-eabi/13.3.1/../../../../arm-none-eabi/lib/thumb/v7e-m+dp/hard/libc_nano.a(libc_a-nano-vfprintf_float.o)
                0x0800d1d8                _printf_float
 .text._printf_common
                0x0800d60c       0xda /opt/st/stm32cubeide_1.19.0/plugins/com.st.stm32cube.ide.mcu.externaltools.gnu-tools-for-stm32.13.3.rel1.linux64_1.0.0.202410170706/tools/bin/../lib/gcc/arm-none-eabi/13.3.1/../../../../arm-none-eabi/lib/thumb/v7e-m+dp/hard/libc_nano.a(libc_a-nano-vfprintf_i.o)
                0x0800d60c                _printf_common
 *fill*         0x0800d6e6        0x2 
 .text._printf_i
                0x0800d6e8      0x23c /opt/st/stm32cubeide_1.19.0/plugins/com.st.stm32cube.ide.mcu.externaltools.gnu-tools-for-stm32.13.3.rel1.linux64_1.0.0.202410170706/tools/bin/../lib/gcc/arm-none-eabi/13.3.1/../../../../arm-none-eabi/lib/thumb/v7e-m+dp/hard/libc_nano.a(libc_a-nano-vfprintf_i.o)
                0x0800d6e8                _printf_i
 .text.std      0x0800d924       0x6c /opt/st/stm32cubeide_1.19.0/plugins/com.st.stm32cube.ide.mcu.externaltools.gnu-tools-for-stm32.13.3.rel1.linux64_1.0.0.202410170706/tools/bin/../lib/gcc/arm-none-eabi/13.3.1/../../../../arm-none-eabi/lib/thumb/v7e-m+dp/hard/libc_nano.a(libc_a-findfp.o)
 .text.stdio_exit_handler
                0x0800d990       0x18 /opt/st/stm32cubeide_1.19.0/plugins/com.st.stm32cube.ide.mcu.externaltools.gnu-tools-for-stm32.13.3.rel1.linux64_1.0.0.202410170706/tools/bin/../lib/gcc/arm-none-eabi/13.3.1/../../../../arm-none-eabi/lib/thumb/v7e-m+dp/hard/libc_nano.a(libc_a-findfp.o)
 .text.cleanup_stdio
                0x0800d9a8       0x40 /opt/st/stm32cubeide_1.19.0/plugins/com.st.stm32cube.ide.mcu.externaltools.gnu-tools-for-stm32.13.3.rel1.linux64_1.0.0.202410170706/tools/bin/../lib/gcc/arm-none-eabi/13.3.1/../../../../arm-none-eabi/lib/thumb/v7e-m+dp/hard/libc_nano.a(libc_a-findfp.o)
 .text.global_stdio_init.part.0
                0x0800d9e8       0x3c /opt/st/stm32cubeide_1.19.0/plugins/com.st.stm32cube.ide.mcu.externaltools.gnu-tools-for-stm32.13.3.rel1.linux64_1.0.0.202410170706/tools/bin/../lib/gcc/arm-none-eabi/13.3.1/../../../../arm-none-eabi/lib/thumb/v7e-m+dp/hard/libc_nano.a(libc_a-findfp.o)
 .text.__sfp_lock_acquire
                0x0800da24        0xc /opt/st/stm32cubeide_1.19.0/plugins/com.st.stm32cube.ide.mcu.externaltools.gnu-tools-for-stm32.13.3.rel1.linux64_1.0.0.202410170706/tools/bin/../lib/gcc/arm-none-eabi/13.3.1/../../../../arm-none-eabi/lib/thumb/v7e-m+dp/hard/libc_nano.a(libc_a-findfp.o)
                0x0800da24                __sfp_lock_acquire
 .text.__sfp_lock_release
                0x0800da30        0xc /opt/st/stm32cubeide_1.19.0/plugins/com.st.stm32cube.ide.mcu.externaltools.gnu-tools-for-stm32.13.3.rel1.linux64_1.0.0.202410170706/tools/bin/../lib/gcc/arm-none-eabi/13.3.1/../../../../arm-none-eabi/lib/thumb/v7e-m+dp/hard/libc_nano.a(libc_a-findfp.o)
                0x0800da30                __sfp_lock_release
 .text.__sinit  0x0800da3c       0x30 /opt/st/stm32cubeide_1.19.0/plugins/com.st.stm32cube.ide.mcu.externaltools.gnu-tools-for-stm32.13.3.rel1.linux64_1.0.0.202410170706/tools/bin/../lib/gcc/arm-none-eabi/13.3.1/../../../../arm-none-eabi/lib/thumb/v7e-m+dp/hard/libc_nano.a(libc_a-findfp.o)
                0x0800da3c                __sinit
 .text._fwalk_sglue
                0x0800da6c       0x3c /opt/st/stm32cubeide_1.19.0/plugins/com.st.stm32cube.ide.mcu.externaltools.gnu-tools-for-stm32.13.3.rel1.linux64_1.0.0.202410170706/tools/bin/../lib/gcc/arm-none-eabi/13.3.1/../../../../arm-none-eabi/lib/thumb/v7e-m+dp/hard/libc_nano.a(libc_a-fwalk.o)
                0x0800da6c                _fwalk_sglue
 .text.printf   0x0800daa8       0x24 /opt/st/stm32cubeide_1.19.0/plugins/com.st.stm32cube.ide.mcu.externaltools.gnu-tools-for-stm32.13.3.rel1.linux64_1.0.0.202410170706/tools/bin/../lib/gcc/arm-none-eabi/13.3.1/../../../../arm-none-eabi/lib/thumb/v7e-m+dp/hard/libc_nano.a(libc_a-printf.o)
                0x0800daa8                printf
                0x0800daa8                iprintf
 .text._puts_r  0x0800dacc       0xaa /opt/st/stm32cubeide_1.19.0/plugins/com.st.stm32cube.ide.mcu.externaltools.gnu-tools-for-stm32.13.3.rel1.linux64_1.0.0.202410170706/tools/bin/../lib/gcc/arm-none-eabi/13.3.1/../../../../arm-none-eabi/lib/thumb/v7e-m+dp/hard/libc_nano.a(libc_a-puts.o)
                0x0800dacc                _puts_r
 *fill*         0x0800db76        0x2 
 .text.puts     0x0800db78       0x10 /opt/st/stm32cubeide_1.19.0/plugins/com.st.stm32cube.ide.mcu.externaltools.gnu-tools-for-stm32.13.3.rel1.linux64_1.0.0.202410170706/tools/bin/../lib/gcc/arm-none-eabi/13.3.1/../../../../arm-none-eabi/lib/thumb/v7e-m+dp/hard/libc_nano.a(libc_a-puts.o)
                0x0800db78                puts
 .text.snprintf
                0x0800db88       0x6c /opt/st/stm32cubeide_1.19.0/plugins/com.st.stm32cube.ide.mcu.externaltools.gnu-tools-for-stm32.13.3.rel1.linux64_1.0.0.202410170706/tools/bin/../lib/gcc/arm-none-eabi/13.3.1/../../../../arm-none-eabi/lib/thumb/v7e-m+dp/hard/libc_nano.a(libc_a-snprintf.o)
                0x0800db88                snprintf
                0x0800db88                sniprintf
 .text.__sread  0x0800dbf4       0x22 /opt/st/stm32cubeide_1.19.0/plugins/com.st.stm32cube.ide.mcu.externaltools.gnu-tools-for-stm32.13.3.rel1.linux64_1.0.0.202410170706/tools/bin/../lib/gcc/arm-none-eabi/13.3.1/../../../../arm-none-eabi/lib/thumb/v7e-m+dp/hard/libc_nano.a(libc_a-stdio.o)
                0x0800dbf4                __sread
 .text.__swrite
                0x0800dc16       0x38 /opt/st/stm32cubeide_1.19.0/plugins/com.st.stm32cube.ide.mcu.externaltools.gnu-tools-for-stm32.13.3.rel1.linux64_1.0.0.202410170706/tools/bin/../lib/gcc/arm-none-eabi/13.3.1/../../../../arm-none-eabi/lib/thumb/v7e-m+dp/hard/libc_nano.a(libc_a-stdio.o)
                0x0800dc16                __swrite
 .text.__sseek  0x0800dc4e       0x24 /opt/st/stm32cubeide_1.19.0/plugins/com.st.stm32cube.ide.mcu.externaltools.gnu-tools-for-stm32.13.3.rel1.linux64_1.0.0.202410170706/tools/bin/../lib/gcc/arm-none-eabi/13.3.1/../../../../arm-none-eabi/lib/thumb/v7e-m+dp/hard/libc_nano.a(libc_a-stdio.o)
                0x0800dc4e                __sseek
 .text.__sclose
                0x0800dc72        0x8 /opt/st/stm32cubeide_1.19.0/plugins/com.st.stm32cube.ide.mcu.externaltools.gnu-tools-for-stm32.13.3.rel1.linux64_1.0.0.202410170706/tools/bin/../lib/gcc/arm-none-eabi/13.3.1/../../../../arm-none-eabi/lib/thumb/v7e-m+dp/hard/libc_nano.a(libc_a-stdio.o)
                0x0800dc72                __sclose
 .text.__swbuf_r
                0x0800dc7a       0x7c /opt/st/stm32cubeide_1.19.0/plugins/com.st.stm32cube.ide.mcu.externaltools.gnu-tools-for-stm32.13.3.rel1.linux64_1.0.0.202410170706/tools/bin/../lib/gcc/arm-none-eabi/13.3.1/../../../../arm-none-eabi/lib/thumb/v7e-m+dp/hard/libc_nano.a(libc_a-wbuf.o)
                0x0800dc7a                __swbuf_r
 *fill*         0x0800dcf6        0x2 
 .text.__swsetup_r
                0x0800dcf8       0xac /opt/st/stm32cubeide_1.19.0/plugins/com.st.stm32cube.ide.mcu.externaltools.gnu-tools-for-stm32.13.3.rel1.linux64_1.0.0.202410170706/tools/bin/../lib/gcc/arm-none-eabi/13.3.1/../../../../arm-none-eabi/lib/thumb/v7e-m+dp/hard/libc_nano.a(libc_a-wsetup.o)
                0x0800dcf8                __swsetup_r
 .text.memset   0x0800dda4       0x10 /opt/st/stm32cubeide_1.19.0/plugins/com.st.stm32cube.ide.mcu.externaltools.gnu-tools-for-stm32.13.3.rel1.linux64_1.0.0.202410170706/tools/bin/../lib/gcc/arm-none-eabi/13.3.1/../../../../arm-none-eabi/lib/thumb/v7e-m+dp/hard/libc_nano.a(libc_a-memset.o)
                0x0800dda4                memset
 .text.strchr   0x0800ddb4       0x1a /opt/st/stm32cubeide_1.19.0/plugins/com.st.stm32cube.ide.mcu.externaltools.gnu-tools-for-stm32.13.3.rel1.linux64_1.0.0.202410170706/tools/bin/../lib/gcc/arm-none-eabi/13.3.1/../../../../arm-none-eabi/lib/thumb/v7e-m+dp/hard/libc_nano.a(libc_a-strchr.o)
                0x0800ddb4                strchr
 .text.strncmp  0x0800ddce       0x24 /opt/st/stm32cubeide_1.19.0/plugins/com.st.stm32cube.ide.mcu.externaltools.gnu-tools-for-stm32.13.3.rel1.linux64_1.0.0.202410170706/tools/bin/../lib/gcc/arm-none-eabi/13.3.1/../../../../arm-none-eabi/lib/thumb/v7e-m+dp/hard/libc_nano.a(libc_a-strncmp.o)
                0x0800ddce                strncmp
 .text.strncpy  0x0800ddf2       0x26 /opt/st/stm32cubeide_1.19.0/plugins/com.st.stm32cube.ide.mcu.externaltools.gnu-tools-for-stm32.13.3.rel1.linux64_1.0.0.202410170706/tools/bin/../lib/gcc/arm-none-eabi/13.3.1/../../../../arm-none-eabi/lib/thumb/v7e-m+dp/hard/libc_nano.a(libc_a-strncpy.o)
                0x0800ddf2                strncpy
 .text.strstr   0x0800de18       0x2c /opt/st/stm32cubeide_1.19.0/plugins/com.st.stm32cube.ide.mcu.externaltools.gnu-tools-for-stm32.13.3.rel1.linux64_1.0.0.202410170706/tools/bin/../lib/gcc/arm-none-eabi/13.3.1/../../../../arm-none-eabi/lib/thumb/v7e-m+dp/hard/libc_nano.a(libc_a-strstr.o)
                0x0800de18                strstr
 .text._localeconv_r
                0x0800de44        0x8 /opt/st/stm32cubeide_1.19.0/plugins/com.st.stm32cube.ide.mcu.externaltools.gnu-tools-for-stm32.13.3.rel1.linux64_1.0.0.202410170706/tools/bin/../lib/gcc/arm-none-eabi/13.3.1/../../../../arm-none-eabi/lib/thumb/v7e-m+dp/hard/libc_nano.a(libc_a-localeconv.o)
                0x0800de44                _localeconv_r
 .text._close_r
                0x0800de4c       0x20 /opt/st/stm32cubeide_1.19.0/plugins/com.st.stm32cube.ide.mcu.externaltools.gnu-tools-for-stm32.13.3.rel1.linux64_1.0.0.202410170706/tools/bin/../lib/gcc/arm-none-eabi/13.3.1/../../../../arm-none-eabi/lib/thumb/v7e-m+dp/hard/libc_nano.a(libc_a-closer.o)
                0x0800de4c                _close_r
 .text._reclaim_reent
                0x0800de6c       0xbc /opt/st/stm32cubeide_1.19.0/plugins/com.st.stm32cube.ide.mcu.externaltools.gnu-tools-for-stm32.13.3.rel1.linux64_1.0.0.202410170706/tools/bin/../lib/gcc/arm-none-eabi/13.3.1/../../../../arm-none-eabi/lib/thumb/v7e-m+dp/hard/libc_nano.a(libc_a-reent.o)
                0x0800de6c                _reclaim_reent
 .text._lseek_r
                0x0800df28       0x24 /opt/st/stm32cubeide_1.19.0/plugins/com.st.stm32cube.ide.mcu.externaltools.gnu-tools-for-stm32.13.3.rel1.linux64_1.0.0.202410170706/tools/bin/../lib/gcc/arm-none-eabi/13.3.1/../../../../arm-none-eabi/lib/thumb/v7e-m+dp/hard/libc_nano.a(libc_a-lseekr.o)
                0x0800df28                _lseek_r
 .text._read_r  0x0800df4c       0x24 /opt/st/stm32cubeide_1.19.0/plugins/com.st.stm32cube.ide.mcu.externaltools.gnu-tools-for-stm32.13.3.rel1.linux64_1.0.0.202410170706/tools/bin/../lib/gcc/arm-none-eabi/13.3.1/../../../../arm-none-eabi/lib/thumb/v7e-m+dp/hard/libc_nano.a(libc_a-readr.o)
                0x0800df4c                _read_r
 .text._write_r
                0x0800df70       0x24 /opt/st/stm32cubeide_1.19.0/plugins/com.st.stm32cube.ide.mcu.externaltools.gnu-tools-for-stm32.13.3.rel1.linux64_1.0.0.202410170706/tools/bin/../lib/gcc/arm-none-eabi/13.3.1/../../../../arm-none-eabi/lib/thumb/v7e-m+dp/hard/libc_nano.a(libc_a-writer.o)
                0x0800df70                _write_r
 .text.__errno  0x0800df94        0xc /opt/st/stm32cubeide_1.19.0/plugins/com.st.stm32cube.ide.mcu.externaltools.gnu-tools-for-stm32.13.3.rel1.linux64_1.0.0.202410170706/tools/bin/../lib/gcc/arm-none-eabi/13.3.1/../../../../arm-none-eabi/lib/thumb/v7e-m+dp/hard/libc_nano.a(libc_a-errno.o)
                0x0800df94                __errno
 .text.__libc_init_array
                0x0800dfa0       0x48 /opt/st/stm32cubeide_1.19.0/plugins/com.st.stm32cube.ide.mcu.externaltools.gnu-tools-for-stm32.13.3.rel1.linux64_1.0.0.202410170706/tools/bin/../lib/gcc/arm-none-eabi/13.3.1/../../../../arm-none-eabi/lib/thumb/v7e-m+dp/hard/libc_nano.a(libc_a-init.o)
                0x0800dfa0                __libc_init_array
 .text.__retarget_lock_init_recursive
                0x0800dfe8        0x2 /opt/st/stm32cubeide_1.19.0/plugins/com.st.stm32cube.ide.mcu.externaltools.gnu-tools-for-stm32.13.3.rel1.linux64_1.0.0.202410170706/tools/bin/../lib/gcc/arm-none-eabi/13.3.1/../../../../arm-none-eabi/lib/thumb/v7e-m+dp/hard/libc_nano.a(libc_a-lock.o)
                0x0800dfe8                __retarget_lock_init_recursive
 .text.__retarget_lock_acquire_recursive
                0x0800dfea        0x2 /opt/st/stm32cubeide_1.19.0/plugins/com.st.stm32cube.ide.mcu.externaltools.gnu-tools-for-stm32.13.3.rel1.linux64_1.0.0.202410170706/tools/bin/../lib/gcc/arm-none-eabi/13.3.1/../../../../arm-none-eabi/lib/thumb/v7e-m+dp/hard/libc_nano.a(libc_a-lock.o)
                0x0800dfea                __retarget_lock_acquire_recursive
 .text.__retarget_lock_release_recursive
                0x0800dfec        0x2 /opt/st/stm32cubeide_1.19.0/plugins/com.st.stm32cube.ide.mcu.externaltools.gnu-tools-for-stm32.13.3.rel1.linux64_1.0.0.202410170706/tools/bin/../lib/gcc/arm-none-eabi/13.3.1/../../../../arm-none-eabi/lib/thumb/v7e-m+dp/hard/libc_nano.a(libc_a-lock.o)
                0x0800dfec                __retarget_lock_release_recursive
 .text.memcpy   0x0800dfee       0x1c /opt/st/stm32cubeide_1.19.0/plugins/com.st.stm32cube.ide.mcu.externaltools.gnu-tools-for-stm32.13.3.rel1.linux64_1.0.0.202410170706/tools/bin/../lib/gcc/arm-none-eabi/13.3.1/../../../../arm-none-eabi/lib/thumb/v7e-m+dp/hard/libc_nano.a(libc_a-memcpy-stub.o)
                0x0800dfee                memcpy
 *fill*         0x0800e00a        0x6 
 .text.nan      0x0800e010       0x10 /opt/st/stm32cubeide_1.19.0/plugins/com.st.stm32cube.ide.mcu.externaltools.gnu-tools-for-stm32.13.3.rel1.linux64_1.0.0.202410170706/tools/bin/../lib/gcc/arm-none-eabi/13.3.1/../../../../arm-none-eabi/lib/thumb/v7e-m+dp/hard/libc_nano.a(libm_a-s_nan.o)
                0x0800e010                nan
 .text.quorem   0x0800e020      0x110 /opt/st/stm32cubeide_1.19.0/plugins/com.st.stm32cube.ide.mcu.externaltools.gnu-tools-for-stm32.13.3.rel1.linux64_1.0.0.202410170706/tools/bin/../lib/gcc/arm-none-eabi/13.3.1/../../../../arm-none-eabi/lib/thumb/v7e-m+dp/hard/libc_nano.a(libc_a-dtoa.o)
 .text._dtoa_r  0x0800e130      0xabc /opt/st/stm32cubeide_1.19.0/plugins/com.st.stm32cube.ide.mcu.externaltools.gnu-tools-for-stm32.13.3.rel1.linux64_1.0.0.202410170706/tools/bin/../lib/gcc/arm-none-eabi/13.3.1/../../../../arm-none-eabi/lib/thumb/v7e-m+dp/hard/libc_nano.a(libc_a-dtoa.o)
                0x0800e130                _dtoa_r
 .text._free_r  0x0800ebec       0x94 /opt/st/stm32cubeide_1.19.0/plugins/com.st.stm32cube.ide.mcu.externaltools.gnu-tools-for-stm32.13.3.rel1.linux64_1.0.0.202410170706/tools/bin/../lib/gcc/arm-none-eabi/13.3.1/../../../../arm-none-eabi/lib/thumb/v7e-m+dp/hard/libc_nano.a(libc_a-freer.o)
                0x0800ebec                _free_r
 .text.rshift   0x0800ec80       0xa4 /opt/st/stm32cubeide_1.19.0/plugins/com.st.stm32cube.ide.mcu.externaltools.gnu-tools-for-stm32.13.3.rel1.linux64_1.0.0.202410170706/tools/bin/../lib/gcc/arm-none-eabi/13.3.1/../../../../arm-none-eabi/lib/thumb/v7e-m+dp/hard/libc_nano.a(libc_a-gdtoa-gethex.o)
 .text.__hexdig_fun
                0x0800ed24       0x2a /opt/st/stm32cubeide_1.19.0/plugins/com.st.stm32cube.ide.mcu.externaltools.gnu-tools-for-stm32.13.3.rel1.linux64_1.0.0.202410170706/tools/bin/../lib/gcc/arm-none-eabi/13.3.1/../../../../arm-none-eabi/lib/thumb/v7e-m+dp/hard/libc_nano.a(libc_a-gdtoa-gethex.o)
                0x0800ed24                __hexdig_fun
 *fill*         0x0800ed4e        0x2 
 .text.__gethex
                0x0800ed50      0x420 /opt/st/stm32cubeide_1.19.0/plugins/com.st.stm32cube.ide.mcu.externaltools.gnu-tools-for-stm32.13.3.rel1.linux64_1.0.0.202410170706/tools/bin/../lib/gcc/arm-none-eabi/13.3.1/../../../../arm-none-eabi/lib/thumb/v7e-m+dp/hard/libc_nano.a(libc_a-gdtoa-gethex.o)
                0x0800ed50                __gethex
 .text.L_shift  0x0800f170       0x24 /opt/st/stm32cubeide_1.19.0/plugins/com.st.stm32cube.ide.mcu.externaltools.gnu-tools-for-stm32.13.3.rel1.linux64_1.0.0.202410170706/tools/bin/../lib/gcc/arm-none-eabi/13.3.1/../../../../arm-none-eabi/lib/thumb/v7e-m+dp/hard/libc_nano.a(libc_a-gdtoa-hexnan.o)
 .text.__match  0x0800f194       0x28 /opt/st/stm32cubeide_1.19.0/plugins/com.st.stm32cube.ide.mcu.externaltools.gnu-tools-for-stm32.13.3.rel1.linux64_1.0.0.202410170706/tools/bin/../lib/gcc/arm-none-eabi/13.3.1/../../../../arm-none-eabi/lib/thumb/v7e-m+dp/hard/libc_nano.a(libc_a-gdtoa-hexnan.o)
                0x0800f194                __match
 .text.__hexnan
                0x0800f1bc      0x136 /opt/st/stm32cubeide_1.19.0/plugins/com.st.stm32cube.ide.mcu.externaltools.gnu-tools-for-stm32.13.3.rel1.linux64_1.0.0.202410170706/tools/bin/../lib/gcc/arm-none-eabi/13.3.1/../../../../arm-none-eabi/lib/thumb/v7e-m+dp/hard/libc_nano.a(libc_a-gdtoa-hexnan.o)
                0x0800f1bc                __hexnan
 *fill*         0x0800f2f2        0x2 
 .text.malloc   0x0800f2f4       0x10 /opt/st/stm32cubeide_1.19.0/plugins/com.st.stm32cube.ide.mcu.externaltools.gnu-tools-for-stm32.13.3.rel1.linux64_1.0.0.202410170706/tools/bin/../lib/gcc/arm-none-eabi/13.3.1/../../../../arm-none-eabi/lib/thumb/v7e-m+dp/hard/libc_nano.a(libc_a-malloc.o)
                0x0800f2f4                malloc
 .text.sbrk_aligned