Archive member included to satisfy reference by file (symbol)

/opt/st/stm32cubeide_1.19.0/plugins/com.st.stm32cube.ide.mcu.externaltools.gnu-tools-for-stm32.13.3.rel1.linux64_1.0.0.202410170706/tools/bin/../lib/gcc/arm-none-eabi/13.3.1/../../../../arm-none-eabi/lib/thumb/v7e-m+dp/hard/libstdc++_nano.a(del_ops.o)
                              ./Core/Src/MainTask.o (operator delete(void*, unsigned int))
/opt/st/stm32cubeide_1.19.0/plugins/com.st.stm32cube.ide.mcu.externaltools.gnu-tools-for-stm32.13.3.rel1.linux64_1.0.0.202410170706/tools/bin/../lib/gcc/arm-none-eabi/13.3.1/../../../../arm-none-eabi/lib/thumb/v7e-m+dp/hard/libstdc++_nano.a(del_op.o)
                              /opt/st/stm32cubeide_1.19.0/plugins/com.st.stm32cube.ide.mcu.externaltools.gnu-tools-for-stm32.13.3.rel1.linux64_1.0.0.202410170706/tools/bin/../lib/gcc/arm-none-eabi/13.3.1/../../../../arm-none-eabi/lib/thumb/v7e-m+dp/hard/libstdc++_nano.a(del_ops.o) (operator delete(void*))
/opt/st/stm32cubeide_1.19.0/plugins/com.st.stm32cube.ide.mcu.externaltools.gnu-tools-for-stm32.13.3.rel1.linux64_1.0.0.202410170706/tools/bin/../lib/gcc/arm-none-eabi/13.3.1/../../../../arm-none-eabi/lib/thumb/v7e-m+dp/hard/libc_nano.a(libc_a-atof.o)
                              ./Core/Src/GPS.o (atof)
/opt/st/stm32cubeide_1.19.0/plugins/com.st.stm32cube.ide.mcu.externaltools.gnu-tools-for-stm32.13.3.rel1.linux64_1.0.0.202410170706/tools/bin/../lib/gcc/arm-none-eabi/13.3.1/../../../../arm-none-eabi/lib/thumb/v7e-m+dp/hard/libc_nano.a(libc_a-atoi.o)
                              ./Core/Src/GPS.o (atoi)
/opt/st/stm32cubeide_1.19.0/plugins/com.st.stm32cube.ide.mcu.externaltools.gnu-tools-for-stm32.13.3.rel1.linux64_1.0.0.202410170706/tools/bin/../lib/gcc/arm-none-eabi/13.3.1/../../../../arm-none-eabi/lib/thumb/v7e-m+dp/hard/libc_nano.a(libc_a-exit.o)
                              /opt/st/stm32cubeide_1.19.0/plugins/com.st.stm32cube.ide.mcu.externaltools.gnu-tools-for-stm32.13.3.rel1.linux64_1.0.0.202410170706/tools/bin/../lib/gcc/arm-none-eabi/13.3.1/../../../../arm-none-eabi/lib/thumb/v7e-m+dp/hard/crt0.o (exit)
/opt/st/stm32cubeide_1.19.0/plugins/com.st.stm32cube.ide.mcu.externaltools.gnu-tools-for-stm32.13.3.rel1.linux64_1.0.0.202410170706/tools/bin/../lib/gcc/arm-none-eabi/13.3.1/../../../../arm-none-eabi/lib/thumb/v7e-m+dp/hard/libc_nano.a(libc_a-malloc.o)
                              /opt/st/stm32cubeide_1.19.0/plugins/com.st.stm32cube.ide.mcu.externaltools.gnu-tools-for-stm32.13.3.rel1.linux64_1.0.0.202410170706/tools/bin/../lib/gcc/arm-none-eabi/13.3.1/../../../../arm-none-eabi/lib/thumb/v7e-m+dp/hard/libstdc++_nano.a(del_op.o) (free)
/opt/st/stm32cubeide_1.19.0/plugins/com.st.stm32cube.ide.mcu.externaltools.gnu-tools-for-stm32.13.3.rel1.linux64_1.0.0.202410170706/tools/bin/../lib/gcc/arm-none-eabi/13.3.1/../../../../arm-none-eabi/lib/thumb/v7e-m+dp/hard/libc_nano.a(libc_a-mallocr.o)
                              /opt/st/stm32cubeide_1.19.0/plugins/com.st.stm32cube.ide.mcu.externaltools.gnu-tools-for-stm32.13.3.rel1.linux64_1.0.0.202410170706/tools/bin/../lib/gcc/arm-none-eabi/13.3.1/../../../../arm-none-eabi/lib/thumb/v7e-m+dp/hard/libc_nano.a(libc_a-malloc.o) (_malloc_r)
/opt/st/stm32cubeide_1.19.0/plugins/com.st.stm32cube.ide.mcu.externaltools.gnu-tools-for-stm32.13.3.rel1.linux64_1.0.0.202410170706/tools/bin/../lib/gcc/arm-none-eabi/13.3.1/../../../../arm-none-eabi/lib/thumb/v7e-m+dp/hard/libc_nano.a(libc_a-mlock.o)
                              /opt/st/stm32cubeide_1.19.0/plugins/com.st.stm32cube.ide.mcu.externaltools.gnu-tools-for-stm32.13.3.rel1.linux64_1.0.0.202410170706/tools/bin/../lib/gcc/arm-none-eabi/13.3.1/../../../../arm-none-eabi/lib/thumb/v7e-m+dp/hard/libc_nano.a(libc_a-mallocr.o) (__malloc_lock)
/opt/st/stm32cubeide_1.19.0/plugins/com.st.stm32cube.ide.mcu.externaltools.gnu-tools-for-stm32.13.3.rel1.linux64_1.0.0.202410170706/tools/bin/../lib/gcc/arm-none-eabi/13.3.1/../../../../arm-none-eabi/lib/thumb/v7e-m+dp/hard/libc_nano.a(libc_a-strtod.o)
                              /opt/st/stm32cubeide_1.19.0/plugins/com.st.stm32cube.ide.mcu.externaltools.gnu-tools-for-stm32.13.3.rel1.linux64_1.0.0.202410170706/tools/bin/../lib/gcc/arm-none-eabi/13.3.1/../../../../arm-none-eabi/lib/thumb/v7e-m+dp/hard/libc_nano.a(libc_a-atof.o) (strtod)
/opt/st/stm32cubeide_1.19.0/plugins/com.st.stm32cube.ide.mcu.externaltools.gnu-tools-for-stm32.13.3.rel1.linux64_1.0.0.202410170706/tools/bin/../lib/gcc/arm-none-eabi/13.3.1/../../../../arm-none-eabi/lib/thumb/v7e-m+dp/hard/libc_nano.a(libc_a-strtol.o)
                              /opt/st/stm32cubeide_1.19.0/plugins/com.st.stm32cube.ide.mcu.externaltools.gnu-tools-for-stm32.13.3.rel1.linux64_1.0.0.202410170706/tools/bin/../lib/gcc/arm-none-eabi/13.3.1/../../../../arm-none-eabi/lib/thumb/v7e-m+dp/hard/libc_nano.a(libc_a-atoi.o) (_strtol_r)
[...]
Memory Configuration

Name             Origin             Length             Attributes
RAM_D1           0x24000000         0x00080000         xrw
FLASH            0x08000000         0x00100000         xr
DTCMRAM          0x20000000         0x00020000         xrw
RAM_D2           0x30000000         0x00048000         xrw
RAM_D3           0x38000000         0x00010000         xrw
ITCMRAM          0x00000000         0x00010000         xrw
*default*        0x00000000         0xffffffff

Linker script and memory map

LOAD /opt/st/stm32cubeide_1.19.0/plugins/com.st.stm32cube.ide.mcu.externaltools.gnu-tools-for-stm32.13.3.rel1.linux64_1.0.0.202410170706/tools/bin/../lib/gcc/arm-none-eabi/13.3.1/thumb/v7e-m+dp/hard/crti.o
LOAD /opt/st/stm32cubeide_1.19.0/plugins/com.st.stm32cube.ide.mcu.externaltools.gnu-tools-for-stm32.13.3.rel1.linux64_1.0.0.202410170706/tools/bin/../lib/gcc/arm-none-eabi/13.3.1/thumb/v7e-m+dp/hard/crtbegin.o
LOAD /opt/st/stm32cubeide_1.19.0/plugins/com.st.stm32cube.ide.mcu.externaltools.gnu-tools-for-stm32.13.3.rel1.linux64_1.0.0.202410170706/tools/bin/../lib/gcc/arm-none-eabi/13.3.1/../../../../arm-none-eabi/lib/thumb/v7e-m+dp/hard/crt0.o
LOAD ./Common/Src/system_stm32h7xx_dualcore_boot_cm4_cm7.o
LOAD ./Core/Src/Accelerometer.o
LOAD ./Core/Src/DataWriter.o
LOAD ./Core/Src/GPS.o
LOAD ./Core/Src/MainTask.o
LOAD ./Core/Src/adc3_init.o
LOAD ./Core/Src/dma.o
LOAD ./Core/Src/gpio.o
LOAD ./Core/Src/i2c.o
LOAD ./Core/Src/main.o
LOAD ./Core/Src/sd_spi.o
LOAD ./Core/Src/spi.o
LOAD ./Core/Src/stm32h7xx_hal_adc.o
LOAD ./Core/Src/stm32h7xx_hal_adc_ex.o
LOAD ./Core/Src/stm32h7xx_hal_msp.o
LOAD ./Core/Src/stm32h7xx_hal_timebase_tim.o
LOAD ./Core/Src/stm32h7xx_it.o
LOAD ./Core/Src/syscalls.o
LOAD ./Core/Src/sysmem.o
LOAD ./Core/Src/usart.o
LOAD ./Core/Startup/startup_stm32h755zitx.o
LOAD ./Drivers/BSP/STM32H7xx_Nucleo/stm32h7xx_nucleo.o
LOAD ./Drivers/STM32H7xx_HAL_Driver/stm32h7xx_hal.o
LOAD ./Drivers/STM32H7xx_HAL_Driver/stm32h7xx_hal_cortex.o
LOAD ./Drivers/STM32H7xx_HAL_Driver/stm32h7xx_hal_dma.o
LOAD ./Drivers/STM32H7xx_HAL_Driver/stm32h7xx_hal_dma_ex.o
LOAD ./Drivers/STM32H7xx_HAL_Driver/stm32h7xx_hal_exti.o
LOAD ./Drivers/STM32H7xx_HAL_Driver/stm32h7xx_hal_flash.o
LOAD ./Drivers/STM32H7xx_HAL_Driver/stm32h7xx_hal_flash_ex.o
LOAD ./Drivers/STM32H7xx_HAL_Driver/stm32h7xx_hal_gpio.o
LOAD ./Drivers/STM32H7xx_HAL_Driver/stm32h7xx_hal_hsem.o
LOAD ./Drivers/STM32H7xx_HAL_Driver/stm32h7xx_hal_i2c.o
LOAD ./Drivers/STM32H7xx_HAL_Driver/stm32h7xx_hal_i2c_ex.o
LOAD ./Drivers/STM32H7xx_HAL_Driver/stm32h7xx_hal_mdma.o
LOAD ./Drivers/STM32H7xx_HAL_Driver/stm32h7xx_hal_pwr.o
LOAD ./Drivers/STM32H7xx_HAL_Driver/stm32h7xx_hal_pwr_ex.o
LOAD ./Drivers/STM32H7xx_HAL_Driver/stm32h7xx_hal_rcc.o
LOAD ./Drivers/STM32H7xx_HAL_Driver/stm32h7xx_hal_rcc_ex.o
LOAD ./Drivers/STM32H7xx_HAL_Driver/stm32h7xx_hal_spi.o
LOAD ./Drivers/STM32H7xx_HAL_Driver/stm32h7xx_hal_spi_ex.o
LOAD ./Drivers/STM32H7xx_HAL_Driver/stm32h7xx_hal_tim.o
LOAD ./Drivers/STM32H7xx_HAL_Driver/stm32h7xx_hal_tim_ex.o
LOAD ./Drivers/STM32H7xx_HAL_Driver/stm32h7xx_hal_uart.o
LOAD ./Drivers/STM32H7xx_HAL_Driver/stm32h7xx_hal_uart_ex.o
LOAD ./Drivers/STM32H7xx_HAL_Driver/stm32h7xx_hal_usart.o
LOAD ./Drivers/STM32H7xx_HAL_Driver/stm32h7xx_hal_usart_ex.o
LOAD ./FATFS/App/fatfs.o
LOAD ./FATFS/Target/user_diskio.o
LOAD ./Middlewares/Third_Party/FatFs/ccsbcs.o
LOAD ./Middlewares/Third_Party/FatFs/diskio.o
LOAD ./Middlewares/Third_Party/FatFs/ff.o
LOAD ./Middlewares/Third_Party/FatFs/ff_gen_drv.o
LOAD ./Middlewares/Third_Party/FatFs/syscall.o
LOAD ./Middlewares/Third_Party/FreeRTOS/cmsis_os2.o
LOAD ./Middlewares/Third_Party/FreeRTOS/croutine.o
LOAD ./Middlewares/Third_Party/FreeRTOS/event_groups.o
LOAD ./Middlewares/Third_Party/FreeRTOS/heap_4.o
LOAD ./Middlewares/Third_Party/FreeRTOS/list.o
LOAD ./Middlewares/Third_Party/FreeRTOS/port.o
LOAD ./Middlewares/Third_Party/FreeRTOS/queue.o
LOAD ./Middlewares/Third_Party/FreeRTOS/stream_buffer.o
LOAD ./Middlewares/Third_Party/FreeRTOS/tasks.o
LOAD ./Middlewares/Third_Party/FreeRTOS/timers.o
START GROUP
LOAD /opt/st/stm32cubeide_1.19.0/plugins/com.st.stm32cube.ide.mcu.externaltools.gnu-tools-for-stm32.13.3.rel1.linux64_1.0.0.202410170706/tools/bin/../lib/gcc/arm-none-eabi/13.3.1/../../../../arm-none-eabi/lib/thumb/v7e-m+dp/hard/libstdc++_nano.a
LOAD /opt/st/stm32cubeide_1.19.0/plugins/com.st.stm32cube.ide.mcu.externaltools.gnu-tools-for-stm32.13.3.rel1.linux64_1.0.0.202410170706/tools/bin/../lib/gcc/arm-none-eabi/13.3.1/../../../../arm-none-eabi/lib/thumb/v7e-m+dp/hard/libsupc++_nano.a
END GROUP
LOAD /opt/st/stm32cubeide_1.19.0/plugins/com.st.stm32cube.ide.mcu.externaltools.gnu-tools-for-stm32.13.3.rel1.linux64_1.0.0.202410170706/tools/bin/../lib/gcc/arm-none-eabi/13.3.1/../../../../arm-none-eabi/lib/thumb/v7e-m+dp/hard/libstdc++_nano.a
LOAD /opt/st/stm32cubeide_1.19.0/plugins/com.st.stm32cube.ide.mcu.externaltools.gnu-tools-for-stm32.13.3.rel1.linux64_1.0.0.202410170706/tools/bin/../lib/gcc/arm-none-eabi/13.3.1/../../../../arm-none-eabi/lib/thumb/v7e-m+dp/hard/libm.a
LOAD /opt/st/stm32cubeide_1.19.0/plugins/com.st.stm32cube.ide.mcu.externaltools.gnu-tools-for-stm32.13.3.rel1.linux64_1.0.0.202410170706/tools/bin/../lib/gcc/arm-none-eabi/13.3.1/../../../../arm-none-eabi/lib/thumb/v7e-m+dp/hard/libc_nano.a
START GROUP
LOAD /opt/st/stm32cubeide_1.19.0/plugins/com.st.stm32cube.ide.mcu.externaltools.gnu-tools-for-stm32.13.3.rel1.linux64_1.0.0.202410170706/tools/bin/../lib/gcc/arm-none-eabi/13.3.1/thumb/v7e-m+dp/hard/libgcc.a
LOAD /opt/st/stm32cubeide_1.19.0/plugins/com.st.stm32cube.ide.mcu.externaltools.gnu-tools-for-stm32.13.3.rel1.linux64_1.0.0.202410170706/tools/bin/../lib/gcc/arm-none-eabi/13.3.1/../../../../arm-none-eabi/lib/thumb/v7e-m+dp/hard/libc_nano.a
END GROUP
START GROUP
LOAD /opt/st/stm32cubeide_1.19.0/plugins/com.st.stm32cube.ide.mcu.externaltools.gnu-tools-for-stm32.13.3.rel1.linux64_1.0.0.202410170706/tools/bin/../lib/gcc/arm-none-eabi/13.3.1/thumb/v7e-m+dp/hard/libgcc.a
LOAD /opt/st/stm32cubeide_1.19.0/plugins/com.st.stm32cube.ide.mcu.externaltools.gnu-tools-for-stm32.13.3.rel1.linux64_1.0.0.202410170706/tools/bin/../lib/gcc/arm-none-eabi/13.3.1/../../../../arm-none-eabi/lib/thumb/v7e-m+dp/hard/libc_nano.a
END GROUP
LOAD /opt/st/stm32cubeide_1.19.0/plugins/com.st.stm32cube.ide.mcu.externaltools.gnu-tools-for-stm32.13.3.rel1.linux64_1.0.0.202410170706/tools/bin/../lib/gcc/arm-none-eabi/13.3.1/thumb/v7e-m+dp/hard/crtend.o
LOAD /opt/st/stm32cubeide_1.19.0/plugins/com.st.stm32cube.ide.mcu.externaltools.gnu-tools-for-stm32.13.3.rel1.linux64_1.0.0.202410170706/tools/bin/../lib/gcc/arm-none-eabi/13.3.1/thumb/v7e-m+dp/hard/crtn.o
                0x24080000                        _estack = (ORIGIN (RAM_D1) + LENGTH (RAM_D1))
                0x00000200                        _Min_Heap_Size = 0x200
                0x00000400                        _Min_Stack_Size = 0x400

.isr_vector     0x08000000      0x298
                0x08000000                        . = ALIGN (0x4)
 *(.isr_vector)
 .isr_vector    0x08000000      0x298 ./Core/Startup/startup_stm32h755zitx.o
                0x08000000                g_pfnVectors
                0x08000298                        . = ALIGN (0x4)

.text           0x080002a0     0xf798
                0x080002a0                        . = ALIGN (0x4)
 *(.text)
 .text          0x080002a0       0x40 /opt/st/stm32cubeide_1.19.0/plugins/com.st.stm32cube.ide.mcu.externaltools.gnu-tools-for-stm32.13.3.rel1.linux64_1.0.0.202410170706/tools/bin/../lib/gcc/arm-none-eabi/13.3.1/thumb/v7e-m+dp/hard/crtbegin.o
 .text          0x080002e0       0x10 /opt/st/stm32cubeide_1.19.0/plugins/com.st.stm32cube.ide.mcu.externaltools.gnu-tools-for-stm32.13.3.rel1.linux64_1.0.0.202410170706/tools/bin/../lib/gcc/arm-none-eabi/13.3.1/../../../../arm-none-eabi/lib/thumb/v7e-m+dp/hard/libc_nano.a(libc_a-strlen.o)
                0x080002e0                strlen
 .text          0x080002f0       0xa0 /opt/st/stm32cubeide_1.19.0/plugins/com.st.stm32cube.ide.mcu.externaltools.gnu-tools-for-stm32.13.3.rel1.linux64_1.0.0.202410170706/tools/bin/../lib/gcc/arm-none-eabi/13.3.1/../../../../arm-none-eabi/lib/thumb/v7e-m+dp/hard/libc_nano.a(libc_a-memchr.o)
                0x080002f0                memchr
 .text          0x08000390      0x378 /opt/st/stm32cubeide_1.19.0/plugins/com.st.stm32cube.ide.mcu.externaltools.gnu-tools-for-stm32.13.3.rel1.linux64_1.0.0.202410170706/tools/bin/../lib/gcc/arm-none-eabi/13.3.1/thumb/v7e-m+dp/hard/libgcc.a(_arm_addsubdf3.o)
                0x08000390                __aeabi_drsub
                0x08000398                __aeabi_dsub
                0x08000398                __subdf3
                0x0800039c                __adddf3
                0x0800039c                __aeabi_dadd
                0x08000614                __aeabi_ui2d
                0x08000614                __floatunsidf
                0x08000634                __floatsidf
                0x08000634                __aeabi_i2d
                0x08000658                __extendsfdf2
                0x08000658                __aeabi_f2d
                0x0800069c                __aeabi_ul2d
                0x0800069c                __floatundidf
                0x080006ac                __floatdidf
                0x080006ac                __aeabi_l2d
 .text          0x08000708       0x30 /opt/st/stm32cubeide_1.19.0/plugins/com.st.stm32cube.ide.mcu.externaltools.gnu-tools-for-stm32.13.3.rel1.linux64_1.0.0.202410170706/tools/bin/../lib/gcc/arm-none-eabi/13.3.1/thumb/v7e-m+dp/hard/libgcc.a(_aeabi_uldivmod.o)
                0x08000708                __aeabi_uldivmod
 .text          0x08000738       0x30 /opt/st/stm32cubeide_1.19.0/plugins/com.st.stm32cube.ide.mcu.externaltools.gnu-tools-for-stm32.13.3.rel1.linux64_1.0.0.202410170706/tools/bin/../lib/gcc/arm-none-eabi/13.3.1/thumb/v7e-m+dp/hard/libgcc.a(_fixdfdi.o)
                0x08000738                __aeabi_d2lz
                0x08000738                __fixdfdi
 .text          0x08000768       0x40 /opt/st/stm32cubeide_1.19.0/plugins/com.st.stm32cube.ide.mcu.externaltools.gnu-tools-for-stm32.13.3.rel1.linux64_1.0.0.202410170706/tools/bin/../lib/gcc/arm-none-eabi/13.3.1/thumb/v7e-m+dp/hard/libgcc.a(_fixunsdfdi.o)
                0x08000768                __aeabi_d2ulz
                0x08000768                __fixunsdfdi
 .text          0x080007a8      0x2f8 /opt/st/stm32cubeide_1.19.0/plugins/com.st.stm32cube.ide.mcu.externaltools.gnu-tools-for-stm32.13.3.rel1.linux64_1.0.0.202410170706/tools/bin/../lib/gcc/arm-none-eabi/13.3.1/thumb/v7e-m+dp/hard/libgcc.a(_udivmoddi4.o)
                0x080007a8                __udivmoddi4
 .text          0x08000aa0        0x4 /opt/st/stm32cubeide_1.19.0/plugins/com.st.stm32cube.ide.mcu.externaltools.gnu-tools-for-stm32.13.3.rel1.linux64_1.0.0.202410170706/tools/bin/../lib/gcc/arm-none-eabi/13.3.1/thumb/v7e-m+dp/hard/libgcc.a(_dvmd_tls.o)
                0x08000aa0                __aeabi_ldiv0
                0x08000aa0                __aeabi_idiv0
 *(.text*)
 .text.SystemInit
                0x08000aa4       0xe0 ./Common/Src/system_stm32h7xx_dualcore_boot_cm4_cm7.o
                0x08000aa4                SystemInit
 .text._ZN9telemetry13Accelerometer8writeRegEhh
                0x08000b84       0x24 ./Core/Src/Accelerometer.o
                0x08000b84                telemetry::Accelerometer::writeReg(unsigned char, unsigned char)
 .text._ZN9telemetry13Accelerometer7readRegEhPh
                0x08000ba8       0x1e ./Core/Src/Accelerometer.o
                0x08000ba8                telemetry::Accelerometer::readReg(unsigned char, unsigned char*)
 .text._ZN9telemetry13Accelerometer12internalInitEv
                0x08000bc6       0x80 ./Core/Src/Accelerometer.o
                0x08000bc6                telemetry::Accelerometer::internalInit()
 .text._ZN9telemetry13Accelerometer4initEP19__I2C_HandleTypeDefRKNS_6ConfigE
                0x08000c46       0x3a ./Core/Src/Accelerometer.o
                0x08000c46                telemetry::Accelerometer::init(__I2C_HandleTypeDef*, telemetry::Config const&)
 .text._ZN9telemetry13Accelerometer9readBurstEhPht
                0x08000c80       0x1a ./Core/Src/Accelerometer.o
                0x08000c80                telemetry::Accelerometer::readBurst(unsigned char, unsigned char*, unsigned short)
 *fill*         0x08000c9a        0x2 
 .text._ZN9telemetry13Accelerometer8readDataEPNS_9IMUValuesE
                0x08000c9c       0xc8 ./Core/Src/Accelerometer.o
                0x08000c9c                telemetry::Accelerometer::readData(telemetry::IMUValues*)
 .text._ZN9telemetry10DataWriter4initEPKcS2_
                0x08000d64       0xe0 ./Core/Src/DataWriter.o
                0x08000d64                telemetry::DataWriter::init(char const*, char const*)
 .text._ZN9telemetry10DataWriter10writeBatchEPKc
                0x08000e44       0x98 ./Core/Src/DataWriter.o
                0x08000e44                telemetry::DataWriter::writeBatch(char const*)
 .text._ZN9telemetry10DataWriter5closeEv
                0x08000edc       0x24 ./Core/Src/DataWriter.o
                0x08000edc                telemetry::DataWriter::close()
 .text._ZN9telemetry3GPS12GNSSDMAStartEv
                0x08000f00      0x11c ./Core/Src/GPS.o
                0x08000f00                telemetry::GPS::GNSSDMAStart()
 .text._ZN9telemetry3GPS4initEv
                0x0800101c       0xe0 ./Core/Src/GPS.o
                0x0800101c                telemetry::GPS::init()
 .text._ZN9telemetry3GPS6rbPushEPKht
                0x080010fc       0x42 ./Core/Src/GPS.o
                0x080010fc                telemetry::GPS::rbPush(unsigned char const*, unsigned short)
 .text._ZN9telemetry3GPS9rbPopByteEPh
                0x0800113e       0x34 ./Core/Src/GPS.o
                0x0800113e                telemetry::GPS::rbPopByte(unsigned char*)
 .text._ZN9telemetry3GPS11nmeaCheckCsEPKc
                0x08001172       0x42 ./Core/Src/GPS.o
                0x08001172                telemetry::GPS::nmeaCheckCs(char const*)
 *fill*         0x080011b4        0x4 
 .text._ZN9telemetry3GPS17nmea_parse_latlonEPKccPdi
                0x080011b8       0xc0 ./Core/Src/GPS.o
                0x080011b8                telemetry::GPS::nmea_parse_latlon(char const*, char, double*, int)
 .text._ZN9telemetry3GPS8nmeaPollEv
                0x08001278      0x3b4 ./Core/Src/GPS.o
                0x08001278                telemetry::GPS::nmeaPoll()
 .text._ZN9telemetry3GPS8readDataEPNS_7GPSDataE
                0x0800162c       0x44 ./Core/Src/GPS.o
                0x0800162c                telemetry::GPS::readData(telemetry::GPSData*)
 .text._ZN9telemetry3GPS9onRxEventEP20__UART_HandleTypeDeft
                0x08001670       0x48 ./Core/Src/GPS.o
                0x08001670                telemetry::GPS::onRxEvent(__UART_HandleTypeDef*, unsigned short)
 .text.HAL_UARTEx_RxEventCallback
                0x080016b8       0x18 ./Core/Src/GPS.o
                0x080016b8                HAL_UARTEx_RxEventCallback
 .text._ZNK9telemetry9IMUSensor11columnCountEv
                0x080016d0        0x4 ./Core/Src/MainTask.o
                0x080016d0                telemetry::IMUSensor::columnCount() const
 .text._ZNK9telemetry9IMUSensor11columnNamesEv
                0x080016d4        0x4 ./Core/Src/MainTask.o
                0x080016d4                telemetry::IMUSensor::columnNames() const
 .text._ZNK9telemetry9IMUSensor10fillValuesEPf
                0x080016d8       0x1a ./Core/Src/MainTask.o
                0x080016d8                telemetry::IMUSensor::fillValues(float*) const
 .text._ZNK9telemetry9ADCSensor11columnCountEv
                0x080016f2        0x4 ./Core/Src/MainTask.o
                0x080016f2                telemetry::ADCSensor::columnCount() const
 .text._ZNK9telemetry9ADCSensor11columnNamesEv
                0x080016f6        0x4 ./Core/Src/MainTask.o
                0x080016f6                telemetry::ADCSensor::columnNames() const
 .text._ZNK9telemetry9ADCSensor10fillValuesEPf
                0x080016fa        0x6 ./Core/Src/MainTask.o
                0x080016fa                telemetry::ADCSensor::fillValues(float*) const
 .text._ZNK9telemetry9GPSSensor11columnCountEv
                0x08001700        0x4 ./Core/Src/MainTask.o
                0x08001700                telemetry::GPSSensor::columnCount() const
 .text._ZNK9telemetry9GPSSensor11columnNamesEv
                0x08001704        0x6 ./Core/Src/MainTask.o
                0x08001704                telemetry::GPSSensor::columnNames() const
 *fill*         0x0800170a        0x6 
 .text._ZNK9telemetry9GPSSensor10fillValuesEPf
                0x08001710       0x90 ./Core/Src/MainTask.o
                0x08001710                telemetry::GPSSensor::fillValues(float*) const
 .text._ZN9telemetry9IMUSensorD2Ev
                0x080017a0        0x2 ./Core/Src/MainTask.o
                0x080017a0                telemetry::IMUSensor::~IMUSensor()
                0x080017a0                telemetry::IMUSensor::~IMUSensor()
 .text._ZN9telemetry9GPSSensorD2Ev
                0x080017a2        0x2 ./Core/Src/MainTask.o
                0x080017a2                telemetry::GPSSensor::~GPSSensor()
                0x080017a2                telemetry::GPSSensor::~GPSSensor()
 .text._ZN9telemetry9ADCSensorD2Ev
                0x080017a4        0x2 ./Core/Src/MainTask.o
                0x080017a4                telemetry::ADCSensor::~ADCSensor()
                0x080017a4                telemetry::ADCSensor::~ADCSensor()
 .text._ZN9telemetry9GPSSensor4readEv
                0x080017a6       0x10 ./Core/Src/MainTask.o
                0x080017a6                telemetry::GPSSensor::read()
 .text._ZN9telemetry9IMUSensor4readEv
                0x080017b6       0x14 ./Core/Src/MainTask.o
                0x080017b6                telemetry::IMUSensor::read()
 .text._ZN9telemetry9IMUSensor4initEv
                0x080017ca        0xc ./Core/Src/MainTask.o
                0x080017ca                telemetry::IMUSensor::init()
 .text._ZN9telemetry9IMUSensorD0Ev
                0x080017d6        0xe ./Core/Src/MainTask.o
                0x080017d6                telemetry::IMUSensor::~IMUSensor()
 .text._ZN9telemetry9GPSSensorD0Ev
                0x080017e4       0x10 ./Core/Src/MainTask.o
                0x080017e4                telemetry::GPSSensor::~GPSSensor()
 .text._ZN9telemetry9ADCSensorD0Ev
                0x080017f4        0xe ./Core/Src/MainTask.o
                0x080017f4                telemetry::ADCSensor::~ADCSensor()
 .text._ZN9telemetry9GPSSensor4initEv
                0x08001802        0x6 ./Core/Src/MainTask.o
                0x08001802                telemetry::GPSSensor::init()
 .text._ZN9telemetry9ADCSensor4readEv
                0x08001808       0x10 ./Core/Src/MainTask.o
                0x08001808                telemetry::ADCSensor::read()
 .text._ZN9telemetry9ADCSensor4initEv
                0x08001818        0xa ./Core/Src/MainTask.o
                0x08001818                telemetry::ADCSensor::init()
 *fill*         0x08001822        0x2 
 .text._ZN9telemetry9ConfigGPSC2Ev
                0x08001824       0xf4 ./Core/Src/MainTask.o
                0x08001824                telemetry::ConfigGPS::ConfigGPS()
                0x08001824                telemetry::ConfigGPS::ConfigGPS()
 .text._ZN9telemetry13SensorManager8buildRowEmPcj
                0x08001918       0x9c ./Core/Src/MainTask.o
                0x08001918                telemetry::SensorManager::buildRow(unsigned long, char*, unsigned int)
 .text._ZN9telemetry8MainTask3runEv
                0x080019b4      0x310 ./Core/Src/MainTask.o
                0x080019b4                telemetry::MainTask::run()
 .text._ZN9telemetry8MainTask5startEPv
                0x08001cc4       0x18 ./Core/Src/MainTask.o
                0x08001cc4                telemetry::MainTask::start(void*)
 .text.BSP_PB_Callback
                0x08001cdc       0x50 ./Core/Src/MainTask.o
                0x08001cdc                BSP_PB_Callback
 .text.ADC3_PC2C_INP0_Init
                0x08001d2c      0x148 ./Core/Src/adc3_init.o
                0x08001d2c                ADC3_PC2C_INP0_Init
 .text.ADC3_Read_V
                0x08001e74       0x50 ./Core/Src/adc3_init.o
                0x08001e74                ADC3_Read_V
 .text.MX_DMA_Init
                0x08001ec4       0x38 ./Core/Src/dma.o
                0x08001ec4                MX_DMA_Init
 .text.MX_GPIO_Init
                0x08001efc      0x13c ./Core/Src/gpio.o
                0x08001efc                MX_GPIO_Init
 .text.MX_I2C1_Init
                0x08002038       0x58 ./Core/Src/i2c.o
                0x08002038                MX_I2C1_Init
 .text.HAL_I2C_MspInit
                0x08002090       0x98 ./Core/Src/i2c.o
                0x08002090                HAL_I2C_MspInit
 .text.HAL_TIM_PeriodElapsedCallback
                0x08002128       0x14 ./Core/Src/main.o
                0x08002128                HAL_TIM_PeriodElapsedCallback
 .text.Error_Handler
                0x0800213c        0xa ./Core/Src/main.o
                0x0800213c                Error_Handler
 *fill*         0x08002146        0x2 
 .text._Z18SystemClock_Configv
                0x08002148       0xb4 ./Core/Src/main.o
                0x08002148                SystemClock_Config()
 .text.startup.main
                0x080021fc       0xd8 ./Core/Src/main.o
                0x080021fc                main
 .text.SD_CS_H  0x080022d4       0x10 ./Core/Src/sd_spi.o
 .text.SD_CS_L  0x080022e4       0x10 ./Core/Src/sd_spi.o
 .text.spi_txrx
                0x080022f4       0x30 ./Core/Src/sd_spi.o
 .text.sd_cmd_raw.isra.0
                0x08002324       0x5e ./Core/Src/sd_spi.o
 .text.sd_cmd.isra.0
                0x08002382       0x14 ./Core/Src/sd_spi.o
 .text.sd_idle_clocks
                0x08002396       0x1a ./Core/Src/sd_spi.o
                0x08002396                sd_idle_clocks
 .text.sd_init  0x080023b0      0x210 ./Core/Src/sd_spi.o
                0x080023b0                sd_init
 .text.sd_write_block
                0x080025c0       0xc0 ./Core/Src/sd_spi.o
                0x080025c0                sd_write_block
 .text.sd_read_block
                0x08002680       0xbc ./Core/Src/sd_spi.o
                0x08002680                sd_read_block
 .text.MX_SPI1_Init
                0x0800273c       0x60 ./Core/Src/spi.o
                0x0800273c                MX_SPI1_Init
 .text.HAL_SPI_MspInit
                0x0800279c       0xdc ./Core/Src/spi.o
                0x0800279c                HAL_SPI_MspInit
 .text.HAL_SPI_MspDeInit
                0x08002878       0x40 ./Core/Src/spi.o
                0x08002878                HAL_SPI_MspDeInit
 .text.LL_ADC_IsEnabled
                0x080028b8        0x8 ./Core/Src/stm32h7xx_hal_adc.o
 .text.LL_ADC_REG_IsConversionOngoing
                0x080028c0        0x8 ./Core/Src/stm32h7xx_hal_adc.o
 .text.HAL_ADC_MspInit
                0x080028c8        0x2 ./Core/Src/stm32h7xx_hal_adc.o
                0x080028c8                HAL_ADC_MspInit
 *fill*         0x080028ca        0x2 
 .text.HAL_ADC_PollForConversion
                0x080028cc      0x118 ./Core/Src/stm32h7xx_hal_adc.o
                0x080028cc                HAL_ADC_PollForConversion
 .text.HAL_ADC_GetValue
                0x080029e4        0x6 ./Core/Src/stm32h7xx_hal_adc.o
                0x080029e4                HAL_ADC_GetValue
 *fill*         0x080029ea        0x2 
 .text.HAL_ADC_ConfigChannel
                0x080029ec      0x3fc ./Core/Src/stm32h7xx_hal_adc.o
                0x080029ec                HAL_ADC_ConfigChannel
 .text.ADC_ConversionStop
                0x08002de8       0xcc ./Core/Src/stm32h7xx_hal_adc.o
                0x08002de8                ADC_ConversionStop
 .text.ADC_Enable
                0x08002eb4       0xac ./Core/Src/stm32h7xx_hal_adc.o
                0x08002eb4                ADC_Enable
 .text.HAL_ADC_Start
                0x08002f60       0xfc ./Core/Src/stm32h7xx_hal_adc.o
                0x08002f60                HAL_ADC_Start
 .text.ADC_Disable
                0x0800305c       0x6a ./Core/Src/stm32h7xx_hal_adc.o
                0x0800305c                ADC_Disable
 .text.HAL_ADC_Stop
                0x080030c6       0x3e ./Core/Src/stm32h7xx_hal_adc.o
                0x080030c6                HAL_ADC_Stop
 .text.ADC_ConfigureBoostMode
                0x08003104      0x12c ./Core/Src/stm32h7xx_hal_adc.o
                0x08003104                ADC_ConfigureBoostMode
 .text.HAL_ADC_Init
                0x08003230      0x210 ./Core/Src/stm32h7xx_hal_adc.o
                0x08003230                HAL_ADC_Init
 .text.HAL_ADCEx_Calibration_Start
                0x08003440       0xa0 ./Core/Src/stm32h7xx_hal_adc_ex.o
                0x08003440                HAL_ADCEx_Calibration_Start
 .text.HAL_MspInit
                0x080034e0       0x30 ./Core/Src/stm32h7xx_hal_msp.o
                0x080034e0                HAL_MspInit
 .text.HAL_InitTick
                0x08003510       0x98 ./Core/Src/stm32h7xx_hal_timebase_tim.o
                0x08003510                HAL_InitTick
 .text.NMI_Handler
                0x080035a8        0x2 ./Core/Src/stm32h7xx_it.o
                0x080035a8                NMI_Handler
 .text.HardFault_Handler
                0x080035aa        0x2 ./Core/Src/stm32h7xx_it.o
                0x080035aa                HardFault_Handler
 .text.MemManage_Handler
                0x080035ac        0x2 ./Core/Src/stm32h7xx_it.o
                0x080035ac                MemManage_Handler
 .text.BusFault_Handler
                0x080035ae        0x2 ./Core/Src/stm32h7xx_it.o
                0x080035ae                BusFault_Handler
 .text.UsageFault_Handler
                0x080035b0        0x2 ./Core/Src/stm32h7xx_it.o
                0x080035b0                UsageFault_Handler
 .text.DebugMon_Handler
                0x080035b2        0x2 ./Core/Src/stm32h7xx_it.o
                0x080035b2                DebugMon_Handler
 .text.DMA1_Stream0_IRQHandler
                0x080035b4        0xc ./Core/Src/stm32h7xx_it.o
                0x080035b4                DMA1_Stream0_IRQHandler
 .text.DMA1_Stream1_IRQHandler
                0x080035c0        0xc ./Core/Src/stm32h7xx_it.o
                0x080035c0                DMA1_Stream1_IRQHandler
 .text.USART2_IRQHandler
                0x080035cc        0xc ./Core/Src/stm32h7xx_it.o
                0x080035cc                USART2_IRQHandler
 .text.USART3_IRQHandler
                0x080035d8        0xc ./Core/Src/stm32h7xx_it.o
                0x080035d8                USART3_IRQHandler
 .text.EXTI15_10_IRQHandler
                0x080035e4        0x6 ./Core/Src/stm32h7xx_it.o
                0x080035e4                EXTI15_10_IRQHandler
 *fill*         0x080035ea        0x2 
 .text.TIM6_DAC_IRQHandler
                0x080035ec        0xc ./Core/Src/stm32h7xx_it.o
                0x080035ec                TIM6_DAC_IRQHandler
 .text._getpid  0x080035f8        0x4 ./Core/Src/syscalls.o
                0x080035f8                _getpid
 .text._kill    0x080035fc       0x10 ./Core/Src/syscalls.o
                0x080035fc                _kill
 .text._exit    0x0800360c        0xc ./Core/Src/syscalls.o
                0x0800360c                _exit
 .text._read    0x08003618       0x1c ./Core/Src/syscalls.o
                0x08003618                _read
 .text._write   0x08003634       0x1c ./Core/Src/syscalls.o
                0x08003634                _write
 .text._close   0x08003650        0x6 ./Core/Src/syscalls.o
                0x08003650                _close
 .text._fstat   0x08003656        0xa ./Core/Src/syscalls.o
                0x08003656                _fstat
 .text._isatty  0x08003660        0x4 ./Core/Src/syscalls.o
                0x08003660                _isatty
 .text._lseek   0x08003664        0x4 ./Core/Src/syscalls.o
                0x08003664                _lseek
 .text._sbrk    0x08003668       0x40 ./Core/Src/sysmem.o
                0x08003668                _sbrk
 .text.MX_USART2_UART_Init
                0x080036a8       0x64 ./Core/Src/usart.o
                0x080036a8                MX_USART2_UART_Init
 .text.MX_USART3_UART_Init
                0x0800370c       0x64 ./Core/Src/usart.o
                0x0800370c                MX_USART3_UART_Init
 .text.HAL_UART_MspInit
                0x08003770      0x200 ./Core/Src/usart.o
                0x08003770                HAL_UART_MspInit
 .text.HAL_UART_MspDeInit
                0x08003970       0x74 ./Core/Src/usart.o
                0x08003970                HAL_UART_MspDeInit
 .text.Reset_Handler
                0x080039e4       0x50 ./Core/Startup/startup_stm32h755zitx.o
                0x080039e4                Reset_Handler
 .text.Default_Handler
                0x08003a34        0x2 ./Core/Startup/startup_stm32h755zitx.o
                0x08003a34                RTC_Alarm_IRQHandler
                0x08003a34                HASH_RNG_IRQHandler
                0x08003a34                EXTI2_IRQHandler
                0x08003a34                TIM8_CC_IRQHandler
                0x08003a34                HRTIM1_Master_IRQHandler
                0x08003a34                UART8_IRQHandler
                0x08003a34                SPI4_IRQHandler
                0x08003a34                TIM1_CC_IRQHandler
                0x08003a34                BDMA_Channel6_IRQHandler
                0x08003a34                DMA2_Stream5_IRQHandler
                0x08003a34                HRTIM1_FLT_IRQHandler
                0x08003a34                JPEG_IRQHandler
                0x08003a34                DMA1_Stream5_IRQHandler
                0x08003a34                BDMA_Channel1_IRQHandler
                0x08003a34                HRTIM1_TIMD_IRQHandler
                0x08003a34                TAMP_STAMP_IRQHandler
                0x08003a34                EXTI3_IRQHandler
                0x08003a34                LPTIM4_IRQHandler
                0x08003a34                TIM8_TRG_COM_TIM14_IRQHandler
                0x08003a34                LPTIM2_IRQHandler
                0x08003a34                DFSDM1_FLT1_IRQHandler
                0x08003a34                DMAMUX2_OVR_IRQHandler
                0x08003a34                TIM8_UP_TIM13_IRQHandler
                0x08003a34                I2C3_ER_IRQHandler
                0x08003a34                DFSDM1_FLT2_IRQHandler
                0x08003a34                MDMA_IRQHandler
                0x08003a34                LPTIM3_IRQHandler
                0x08003a34                HSEM1_IRQHandler
                0x08003a34                EXTI0_IRQHandler
                0x08003a34                I2C2_EV_IRQHandler
                0x08003a34                DMA1_Stream2_IRQHandler
                0x08003a34                FPU_IRQHandler
                0x08003a34                OTG_HS_WKUP_IRQHandler
                0x08003a34                FDCAN1_IT1_IRQHandler
                0x08003a34                LTDC_ER_IRQHandler
                0x08003a34                DMA2_Stream2_IRQHandler
                0x08003a34                HRTIM1_TIME_IRQHandler
                0x08003a34                SPI1_IRQHandler
                0x08003a34                DCMI_IRQHandler
                0x08003a34                HRTIM1_TIMC_IRQHandler
                0x08003a34                DMA2_Stream3_IRQHandler
                0x08003a34                SAI2_IRQHandler
                0x08003a34                DFSDM1_FLT3_IRQHandler
                0x08003a34                USART6_IRQHandler
                0x08003a34                TIM17_IRQHandler
                0x08003a34                BDMA_Channel7_IRQHandler
                0x08003a34                CRYP_IRQHandler
                0x08003a34                LPTIM5_IRQHandler
                0x08003a34                UART5_IRQHandler
                0x08003a34                ADC3_IRQHandler
                0x08003a34                DMA2_Stream0_IRQHandler
                0x08003a34                TIM4_IRQHandler
                0x08003a34                BDMA_Channel2_IRQHandler
                0x08003a34                QUADSPI_IRQHandler
                0x08003a34                I2C1_EV_IRQHandler
                0x08003a34                DMA1_Stream6_IRQHandler
                0x08003a34                DMAMUX1_OVR_IRQHandler
                0x08003a34                TIM16_IRQHandler
                0x08003a34                UART4_IRQHandler
                0x08003a34                BDMA_Channel5_IRQHandler
                0x08003a34                TIM3_IRQHandler
                0x08003a34                RCC_IRQHandler
                0x08003a34                TIM8_BRK_TIM12_IRQHandler
                0x08003a34                TIM1_TRG_COM_IRQHandler
                0x08003a34                Default_Handler
                0x08003a34                ECC_IRQHandler
                0x08003a34                CEC_IRQHandler
                0x08003a34                BDMA_Channel0_IRQHandler
                0x08003a34                ADC_IRQHandler
                0x08003a34                DMA1_Stream7_IRQHandler
                0x08003a34                HRTIM1_TIMA_IRQHandler
                0x08003a34                SPI5_IRQHandler
                0x08003a34                TIM7_IRQHandler
                0x08003a34                SDMMC1_IRQHandler
                0x08003a34                TIM5_IRQHandler
                0x08003a34                DMA2_Stream7_IRQHandler
                0x08003a34                TIM15_IRQHandler
                0x08003a34                PVD_AVD_IRQHandler
                0x08003a34                I2C3_EV_IRQHandler
                0x08003a34                EXTI9_5_IRQHandler
                0x08003a34                RTC_WKUP_IRQHandler
                0x08003a34                LTDC_IRQHandler
                0x08003a34                SAI3_IRQHandler
                0x08003a34                ETH_WKUP_IRQHandler
                0x08003a34                SPDIF_RX_IRQHandler
                0x08003a34                SPI2_IRQHandler
                0x08003a34                OTG_HS_EP1_IN_IRQHandler
                0x08003a34                CRS_IRQHandler
                0x08003a34                CM7_SEV_IRQHandler
                0x08003a34                EXTI4_IRQHandler
                0x08003a34                CM4_SEV_IRQHandler
                0x08003a34                HRTIM1_TIMB_IRQHandler
                0x08003a34                FDCAN2_IT1_IRQHandler
                0x08003a34                ETH_IRQHandler
                0x08003a34                TIM1_UP_IRQHandler
                0x08003a34                WWDG_RST_IRQHandler
                0x08003a34                BDMA_Channel4_IRQHandler
                0x08003a34                OTG_HS_EP1_OUT_IRQHandler
                0x08003a34                WWDG_IRQHandler
                0x08003a34                SPI6_IRQHandler
                0x08003a34                MDIOS_IRQHandler
                0x08003a34                I2C4_EV_IRQHandler
                0x08003a34                FDCAN2_IT0_IRQHandler
                0x08003a34                LPUART1_IRQHandler
                0x08003a34                FDCAN1_IT0_IRQHandler
                0x08003a34                TIM2_IRQHandler
                0x08003a34                OTG_FS_WKUP_IRQHandler
                0x08003a34                OTG_HS_IRQHandler
                0x08003a34                HSEM2_IRQHandler
                0x08003a34                DMA2D_IRQHandler
                0x08003a34                TIM1_BRK_IRQHandler
                0x08003a34                EXTI1_IRQHandler
                0x08003a34                SDMMC2_IRQHandler
                0x08003a34                OTG_FS_EP1_OUT_IRQHandler
                0x08003a34                BDMA_Channel3_IRQHandler
                0x08003a34                HOLD_CORE_IRQHandler
                0x08003a34                UART7_IRQHandler
                0x08003a34                MDIOS_WKUP_IRQHandler
                0x08003a34                DFSDM1_FLT0_IRQHandler
                0x08003a34                SAI4_IRQHandler
                0x08003a34                I2C2_ER_IRQHandler
                0x08003a34                DMA2_Stream1_IRQHandler
                0x08003a34                FLASH_IRQHandler
                0x08003a34                DMA2_Stream4_IRQHandler
                0x08003a34                USART1_IRQHandler
                0x08003a34                OTG_FS_IRQHandler
                0x08003a34                SPI3_IRQHandler
                0x08003a34                WAKEUP_PIN_IRQHandler
                0x08003a34                DMA1_Stream4_IRQHandler
                0x08003a34                OTG_FS_EP1_IN_IRQHandler
                0x08003a34                I2C1_ER_IRQHandler
                0x08003a34                FMC_IRQHandler
                0x08003a34                FDCAN_CAL_IRQHandler
                0x08003a34                SWPMI1_IRQHandler
                0x08003a34                COMP1_IRQHandler
                0x08003a34                LPTIM1_IRQHandler
                0x08003a34                I2C4_ER_IRQHandler
                0x08003a34                DMA2_Stream6_IRQHandler
                0x08003a34                SAI1_IRQHandler
                0x08003a34                DMA1_Stream3_IRQHandler
 *fill*         0x08003a36        0x2 
 .text.BSP_LED_Init
                0x08003a38       0x98 ./Drivers/BSP/STM32H7xx_Nucleo/stm32h7xx_nucleo.o
                0x08003a38                BSP_LED_Init
 .text.BSP_LED_On
                0x08003ad0       0x2c ./Drivers/BSP/STM32H7xx_Nucleo/stm32h7xx_nucleo.o
                0x08003ad0                BSP_LED_On
 .text.BSP_LED_Toggle
                0x08003afc       0x28 ./Drivers/BSP/STM32H7xx_Nucleo/stm32h7xx_nucleo.o
                0x08003afc                BSP_LED_Toggle
 .text.BSP_PB_Init
                0x08003b24       0x8c ./Drivers/BSP/STM32H7xx_Nucleo/stm32h7xx_nucleo.o
                0x08003b24                BSP_PB_Init
 .text.BSP_PB_IRQHandler
                0x08003bb0       0x10 ./Drivers/BSP/STM32H7xx_Nucleo/stm32h7xx_nucleo.o
                0x08003bb0                BSP_PB_IRQHandler
 .text.BUTTON_USER_EXTI_Callback
                0x08003bc0        0xa ./Drivers/BSP/STM32H7xx_Nucleo/stm32h7xx_nucleo.o
 *fill*         0x08003bca        0x2 
 .text.HAL_Init
                0x08003bcc       0x5c ./Drivers/STM32H7xx_HAL_Driver/stm32h7xx_hal.o
                0x08003bcc                HAL_Init
 .text.HAL_IncTick
                0x08003c28       0x18 ./Drivers/STM32H7xx_HAL_Driver/stm32h7xx_hal.o
                0x08003c28                HAL_IncTick
 .text.HAL_GetTick
                0x08003c40        0xc ./Drivers/STM32H7xx_HAL_Driver/stm32h7xx_hal.o
                0x08003c40                HAL_GetTick
 .text.HAL_Delay
                0x08003c4c       0x24 ./Drivers/STM32H7xx_HAL_Driver/stm32h7xx_hal.o
                0x08003c4c                HAL_Delay
 .text.HAL_GetREVID
                0x08003c70        0xc ./Drivers/STM32H7xx_HAL_Driver/stm32h7xx_hal.o
                0x08003c70                HAL_GetREVID
 .text.HAL_NVIC_SetPriorityGrouping
                0x08003c7c       0x24 ./Drivers/STM32H7xx_HAL_Driver/stm32h7xx_hal_cortex.o
                0x08003c7c                HAL_NVIC_SetPriorityGrouping
 .text.HAL_NVIC_SetPriority
                0x08003ca0       0x64 ./Drivers/STM32H7xx_HAL_Driver/stm32h7xx_hal_cortex.o
                0x08003ca0                HAL_NVIC_SetPriority
 .text.HAL_NVIC_EnableIRQ
                0x08003d04       0x1c ./Drivers/STM32H7xx_HAL_Driver/stm32h7xx_hal_cortex.o
                0x08003d04                HAL_NVIC_EnableIRQ
 .text.HAL_NVIC_DisableIRQ
                0x08003d20       0x24 ./Drivers/STM32H7xx_HAL_Driver/stm32h7xx_hal_cortex.o
                0x08003d20                HAL_NVIC_DisableIRQ
 .text.HAL_GetCurrentCPUID
                0x08003d44       0x18 ./Drivers/STM32H7xx_HAL_Driver/stm32h7xx_hal_cortex.o
                0x08003d44                HAL_GetCurrentCPUID
 .text.DMA_SetConfig
                0x08003d5c      0x14c ./Drivers/STM32H7xx_HAL_Driver/stm32h7xx_hal_dma.o
 .text.DMA_CalcBaseAndBitshift
                0x08003ea8       0x9c ./Drivers/STM32H7xx_HAL_Driver/stm32h7xx_hal_dma.o
 .text.DMA_CalcDMAMUXChannelBaseAndMask
                0x08003f44       0x94 ./Drivers/STM32H7xx_HAL_Driver/stm32h7xx_hal_dma.o
 .text.DMA_CalcDMAMUXRequestGenBaseAndMask
                0x08003fd8       0x70 ./Drivers/STM32H7xx_HAL_Driver/stm32h7xx_hal_dma.o
 .text.HAL_DMA_Init
                0x08004048      0x330 ./Drivers/STM32H7xx_HAL_Driver/stm32h7xx_hal_dma.o
                0x08004048                HAL_DMA_Init
 .text.HAL_DMA_DeInit
                0x08004378      0x148 ./Drivers/STM32H7xx_HAL_Driver/stm32h7xx_hal_dma.o
                0x08004378                HAL_DMA_DeInit
 .text.HAL_DMA_Start_IT
                0x080044c0      0x1d8 ./Drivers/STM32H7xx_HAL_Driver/stm32h7xx_hal_dma.o
                0x080044c0                HAL_DMA_Start_IT
 .text.HAL_DMA_Abort
                0x08004698      0x228 ./Drivers/STM32H7xx_HAL_Driver/stm32h7xx_hal_dma.o
                0x08004698                HAL_DMA_Abort
 .text.HAL_DMA_Abort_IT
                0x080048c0      0x120 ./Drivers/STM32H7xx_HAL_Driver/stm32h7xx_hal_dma.o
                0x080048c0                HAL_DMA_Abort_IT
 .text.HAL_DMA_IRQHandler
                0x080049e0      0x3a0 ./Drivers/STM32H7xx_HAL_Driver/stm32h7xx_hal_dma.o
                0x080049e0                HAL_DMA_IRQHandler
 .text.HAL_DMA_GetError
                0x08004d80        0x4 ./Drivers/STM32H7xx_HAL_Driver/stm32h7xx_hal_dma.o
                0x08004d80                HAL_DMA_GetError
 .text.HAL_EXTI_RegisterCallback
                0x08004d84        0xe ./Drivers/STM32H7xx_HAL_Driver/stm32h7xx_hal_exti.o
                0x08004d84                HAL_EXTI_RegisterCallback
 .text.HAL_EXTI_GetHandle
                0x08004d92        0xc ./Drivers/STM32H7xx_HAL_Driver/stm32h7xx_hal_exti.o
                0x08004d92                HAL_EXTI_GetHandle
 .text.HAL_EXTI_IRQHandler
                0x08004d9e       0x3a ./Drivers/STM32H7xx_HAL_Driver/stm32h7xx_hal_exti.o
                0x08004d9e                HAL_EXTI_IRQHandler
 .text.HAL_GPIO_Init
                0x08004dd8      0x1d0 ./Drivers/STM32H7xx_HAL_Driver/stm32h7xx_hal_gpio.o
                0x08004dd8                HAL_GPIO_Init
 .text.HAL_GPIO_DeInit
                0x08004fa8      0x138 ./Drivers/STM32H7xx_HAL_Driver/stm32h7xx_hal_gpio.o
                0x08004fa8                HAL_GPIO_DeInit
 .text.HAL_GPIO_WritePin
                0x080050e0        0xa ./Drivers/STM32H7xx_HAL_Driver/stm32h7xx_hal_gpio.o
                0x080050e0                HAL_GPIO_WritePin
 .text.HAL_GPIO_TogglePin
                0x080050ea       0x12 ./Drivers/STM32H7xx_HAL_Driver/stm32h7xx_hal_gpio.o
                0x080050ea                HAL_GPIO_TogglePin
 .text.HAL_HSEM_FastTake
                0x080050fc       0x1c ./Drivers/STM32H7xx_HAL_Driver/stm32h7xx_hal_hsem.o
                0x080050fc                HAL_HSEM_FastTake
 .text.HAL_HSEM_Release
                0x08005118       0x10 ./Drivers/STM32H7xx_HAL_Driver/stm32h7xx_hal_hsem.o
                0x08005118                HAL_HSEM_Release
 .text.HAL_I2C_AddrCallback
                0x08005128        0x2 ./Drivers/STM32H7xx_HAL_Driver/stm32h7xx_hal_i2c.o
                0x08005128                HAL_I2C_AddrCallback
 .text.I2C_Flush_TXDR
                0x0800512a       0x1c ./Drivers/STM32H7xx_HAL_Driver/stm32h7xx_hal_i2c.o
 *fill*         0x08005146        0x2 
 .text.I2C_TransferConfig
                0x08005148       0x2c ./Drivers/STM32H7xx_HAL_Driver/stm32h7xx_hal_i2c.o
 .text.I2C_IsErrorOccurred
                0x08005174      0x100 ./Drivers/STM32H7xx_HAL_Driver/stm32h7xx_hal_i2c.o
 .text.I2C_WaitOnTXISFlagUntilTimeout
                0x08005274       0x56 ./Drivers/STM32H7xx_HAL_Driver/stm32h7xx_hal_i2c.o
 .text.I2C_WaitOnFlagUntilTimeout
                0x080052ca       0x76 ./Drivers/STM32H7xx_HAL_Driver/stm32h7xx_hal_i2c.o
 .text.I2C_WaitOnSTOPFlagUntilTimeout
                0x08005340       0x52 ./Drivers/STM32H7xx_HAL_Driver/stm32h7xx_hal_i2c.o
 .text.HAL_I2C_AbortCpltCallback
                0x08005392        0x2 ./Drivers/STM32H7xx_HAL_Driver/stm32h7xx_hal_i2c.o
                0x08005392                HAL_I2C_AbortCpltCallback
 .text.HAL_I2C_MasterTxCpltCallback
                0x08005394        0x2 ./Drivers/STM32H7xx_HAL_Driver/stm32h7xx_hal_i2c.o
                0x08005394                HAL_I2C_MasterTxCpltCallback
 .text.HAL_I2C_MasterRxCpltCallback
                0x08005396        0x2 ./Drivers/STM32H7xx_HAL_Driver/stm32h7xx_hal_i2c.o
                0x08005396                HAL_I2C_MasterRxCpltCallback
 .text.HAL_I2C_SlaveTxCpltCallback
                0x08005398        0x2 ./Drivers/STM32H7xx_HAL_Driver/stm32h7xx_hal_i2c.o
                0x08005398                HAL_I2C_SlaveTxCpltCallback
 .text.HAL_I2C_SlaveRxCpltCallback
                0x0800539a        0x2 ./Drivers/STM32H7xx_HAL_Driver/stm32h7xx_hal_i2c.o
                0x0800539a                HAL_I2C_SlaveRxCpltCallback
 .text.HAL_I2C_ListenCpltCallback
                0x0800539c        0x2 ./Drivers/STM32H7xx_HAL_Driver/stm32h7xx_hal_i2c.o
                0x0800539c                HAL_I2C_ListenCpltCallback
 .text.HAL_I2C_MemTxCpltCallback
                0x0800539e        0x2 ./Drivers/STM32H7xx_HAL_Driver/stm32h7xx_hal_i2c.o
                0x0800539e                HAL_I2C_MemTxCpltCallback
 .text.HAL_I2C_MemRxCpltCallback
                0x080053a0        0x2 ./Drivers/STM32H7xx_HAL_Driver/stm32h7xx_hal_i2c.o
                0x080053a0                HAL_I2C_MemRxCpltCallback
 .text.HAL_I2C_ErrorCallback
                0x080053a2        0x2 ./Drivers/STM32H7xx_HAL_Driver/stm32h7xx_hal_i2c.o
                0x080053a2                HAL_I2C_ErrorCallback
 .text.HAL_I2C_Init
                0x080053a4      0x108 ./Drivers/STM32H7xx_HAL_Driver/stm32h7xx_hal_i2c.o
                0x080053a4                HAL_I2C_Init
 .text.HAL_I2C_Mem_Write
                0x080054ac      0x1b4 ./Drivers/STM32H7xx_HAL_Driver/stm32h7xx_hal_i2c.o
                0x080054ac                HAL_I2C_Mem_Write
 .text.HAL_I2C_Mem_Read
                0x08005660      0x1bc ./Drivers/STM32H7xx_HAL_Driver/stm32h7xx_hal_i2c.o
                0x08005660                HAL_I2C_Mem_Read
 .text.HAL_I2CEx_ConfigAnalogFilter
                0x0800581c       0x4c ./Drivers/STM32H7xx_HAL_Driver/stm32h7xx_hal_i2c_ex.o
                0x0800581c                HAL_I2CEx_ConfigAnalogFilter
 .text.HAL_I2CEx_ConfigDigitalFilter
                0x08005868       0x4a ./Drivers/STM32H7xx_HAL_Driver/stm32h7xx_hal_i2c_ex.o
                0x08005868                HAL_I2CEx_ConfigDigitalFilter
 *fill*         0x080058b2        0x2 
 .text.HAL_PWREx_ConfigSupply
                0x080058b4       0x78 ./Drivers/STM32H7xx_HAL_Driver/stm32h7xx_hal_pwr_ex.o
                0x080058b4                HAL_PWREx_ConfigSupply
 .text.HAL_RCC_OscConfig
                0x0800592c      0x550 ./Drivers/STM32H7xx_HAL_Driver/stm32h7xx_hal_rcc.o
                0x0800592c                HAL_RCC_OscConfig
 .text.HAL_RCC_GetSysClockFreq
                0x08005e7c      0x144 ./Drivers/STM32H7xx_HAL_Driver/stm32h7xx_hal_rcc.o
                0x08005e7c                HAL_RCC_GetSysClockFreq
 .text.HAL_RCC_ClockConfig
                0x08005fc0      0x24c ./Drivers/STM32H7xx_HAL_Driver/stm32h7xx_hal_rcc.o
                0x08005fc0                HAL_RCC_ClockConfig
 .text.HAL_RCC_GetHCLKFreq
                0x0800620c       0x44 ./Drivers/STM32H7xx_HAL_Driver/stm32h7xx_hal_rcc.o
                0x0800620c                HAL_RCC_GetHCLKFreq
 .text.HAL_RCC_GetPCLK1Freq
                0x08006250       0x24 ./Drivers/STM32H7xx_HAL_Driver/stm32h7xx_hal_rcc.o
                0x08006250                HAL_RCC_GetPCLK1Freq
 .text.HAL_RCC_GetPCLK2Freq
                0x08006274       0x24 ./Drivers/STM32H7xx_HAL_Driver/stm32h7xx_hal_rcc.o
                0x08006274                HAL_RCC_GetPCLK2Freq
 .text.HAL_RCC_GetClockConfig
                0x08006298       0x54 ./Drivers/STM32H7xx_HAL_Driver/stm32h7xx_hal_rcc.o
                0x08006298                HAL_RCC_GetClockConfig
 .text.RCCEx_PLL2_Config
                0x080062ec       0xec ./Drivers/STM32H7xx_HAL_Driver/stm32h7xx_hal_rcc_ex.o
 .text.RCCEx_PLL3_Config
                0x080063d8       0xec ./Drivers/STM32H7xx_HAL_Driver/stm32h7xx_hal_rcc_ex.o
 .text.HAL_RCCEx_PeriphCLKConfig
                0x080064c4      0x9cc ./Drivers/STM32H7xx_HAL_Driver/stm32h7xx_hal_rcc_ex.o
                0x080064c4                HAL_RCCEx_PeriphCLKConfig
 .text.HAL_RCCEx_GetD3PCLK1Freq
                0x08006e90       0x24 ./Drivers/STM32H7xx_HAL_Driver/stm32h7xx_hal_rcc_ex.o
                0x08006e90                HAL_RCCEx_GetD3PCLK1Freq
 .text.HAL_RCCEx_GetPLL2ClockFreq
                0x08006eb4      0x154 ./Drivers/STM32H7xx_HAL_Driver/stm32h7xx_hal_rcc_ex.o
                0x08006eb4                HAL_RCCEx_GetPLL2ClockFreq
 .text.HAL_RCCEx_GetPLL3ClockFreq
                0x08007008      0x154 ./Drivers/STM32H7xx_HAL_Driver/stm32h7xx_hal_rcc_ex.o
                0x08007008                HAL_RCCEx_GetPLL3ClockFreq
 .text.HAL_RCCEx_GetPLL1ClockFreq
                0x0800715c      0x154 ./Drivers/STM32H7xx_HAL_Driver/stm32h7xx_hal_rcc_ex.o
                0x0800715c                HAL_RCCEx_GetPLL1ClockFreq
 .text.HAL_RCCEx_GetPeriphCLKFreq
                0x080072b0      0x2d0 ./Drivers/STM32H7xx_HAL_Driver/stm32h7xx_hal_rcc_ex.o
                0x080072b0                HAL_RCCEx_GetPeriphCLKFreq
 .text.SPI_CloseTransfer
                0x08007580       0xac ./Drivers/STM32H7xx_HAL_Driver/stm32h7xx_hal_spi.o
 .text.HAL_SPI_Init
                0x0800762c      0x148 ./Drivers/STM32H7xx_HAL_Driver/stm32h7xx_hal_spi.o
                0x0800762c                HAL_SPI_Init
 .text.HAL_SPI_DeInit
                0x08007774       0x2e ./Drivers/STM32H7xx_HAL_Driver/stm32h7xx_hal_spi.o
                0x08007774                HAL_SPI_DeInit
 *fill*         0x080077a2        0x2 
 .text.HAL_SPI_TransmitReceive
                0x080077a4      0x350 ./Drivers/STM32H7xx_HAL_Driver/stm32h7xx_hal_spi.o
                0x080077a4                HAL_SPI_TransmitReceive
 .text.HAL_TIM_Base_MspInit
                0x08007af4        0x2 ./Drivers/STM32H7xx_HAL_Driver/stm32h7xx_hal_tim.o
                0x08007af4                HAL_TIM_Base_MspInit
 *fill*         0x08007af6        0x2 
 .text.HAL_TIM_Base_Start_IT
                0x08007af8       0x7c ./Drivers/STM32H7xx_HAL_Driver/stm32h7xx_hal_tim.o
                0x08007af8                HAL_TIM_Base_Start_IT
 .text.HAL_TIM_OC_DelayElapsedCallback
                0x08007b74        0x2 ./Drivers/STM32H7xx_HAL_Driver/stm32h7xx_hal_tim.o
                0x08007b74                HAL_TIM_OC_DelayElapsedCallback
 .text.HAL_TIM_IC_CaptureCallback
                0x08007b76        0x2 ./Drivers/STM32H7xx_HAL_Driver/stm32h7xx_hal_tim.o
                0x08007b76                HAL_TIM_IC_CaptureCallback
 .text.HAL_TIM_PWM_PulseFinishedCallback
                0x08007b78        0x2 ./Drivers/STM32H7xx_HAL_Driver/stm32h7xx_hal_tim.o
                0x08007b78                HAL_TIM_PWM_PulseFinishedCallback
 .text.HAL_TIM_TriggerCallback
                0x08007b7a        0x2 ./Drivers/STM32H7xx_HAL_Driver/stm32h7xx_hal_tim.o
                0x08007b7a                HAL_TIM_TriggerCallback
 .text.HAL_TIM_IRQHandler
                0x08007b7c      0x140 ./Drivers/STM32H7xx_HAL_Driver/stm32h7xx_hal_tim.o
                0x08007b7c                HAL_TIM_IRQHandler
 .text.TIM_Base_SetConfig
                0x08007cbc       0xa8 ./Drivers/STM32H7xx_HAL_Driver/stm32h7xx_hal_tim.o
                0x08007cbc                TIM_Base_SetConfig
 .text.HAL_TIM_Base_Init
                0x08007d64       0x60 ./Drivers/STM32H7xx_HAL_Driver/stm32h7xx_hal_tim.o
                0x08007d64                HAL_TIM_Base_Init
 .text.HAL_TIMEx_CommutCallback
                0x08007dc4        0x2 ./Drivers/STM32H7xx_HAL_Driver/stm32h7xx_hal_tim_ex.o
                0x08007dc4                HAL_TIMEx_CommutCallback
 .text.HAL_TIMEx_BreakCallback
                0x08007dc6        0x2 ./Drivers/STM32H7xx_HAL_Driver/stm32h7xx_hal_tim_ex.o
                0x08007dc6                HAL_TIMEx_BreakCallback
 .text.HAL_TIMEx_Break2Callback
                0x08007dc8        0x2 ./Drivers/STM32H7xx_HAL_Driver/stm32h7xx_hal_tim_ex.o
                0x08007dc8                HAL_TIMEx_Break2Callback
 .text.UART_EndTxTransfer
                0x08007dca       0x34 ./Drivers/STM32H7xx_HAL_Driver/stm32h7xx_hal_uart.o
 *fill*         0x08007dfe        0x2 
 .text.UART_EndRxTransfer
                0x08007e00       0x58 ./Drivers/STM32H7xx_HAL_Driver/stm32h7xx_hal_uart.o
 .text.HAL_UART_DeInit
                0x08007e58       0x3e ./Drivers/STM32H7xx_HAL_Driver/stm32h7xx_hal_uart.o
                0x08007e58                HAL_UART_DeInit
 *fill*         0x08007e96        0x2 
 .text.HAL_UART_AbortReceive
                0x08007e98       0xac ./Drivers/STM32H7xx_HAL_Driver/stm32h7xx_hal_uart.o
                0x08007e98                HAL_UART_AbortReceive
 .text.HAL_UART_TxCpltCallback
                0x08007f44        0x2 ./Drivers/STM32H7xx_HAL_Driver/stm32h7xx_hal_uart.o
                0x08007f44                HAL_UART_TxCpltCallback
 .text.HAL_UART_RxCpltCallback
                0x08007f46        0x2 ./Drivers/STM32H7xx_HAL_Driver/stm32h7xx_hal_uart.o
                0x08007f46                HAL_UART_RxCpltCallback
 .text.HAL_UART_RxHalfCpltCallback
                0x08007f48        0x2 ./Drivers/STM32H7xx_HAL_Driver/stm32h7xx_hal_uart.o
                0x08007f48                HAL_UART_RxHalfCpltCallback
 .text.HAL_UART_ErrorCallback
                0x08007f4a        0x2 ./Drivers/STM32H7xx_HAL_Driver/stm32h7xx_hal_uart.o
                0x08007f4a                HAL_UART_ErrorCallback
 .text.UART_DMAError
                0x08007f4c       0x48 ./Drivers/STM32H7xx_HAL_Driver/stm32h7xx_hal_uart.o
 .text.UART_DMAAbortOnError
                0x08007f94       0x10 ./Drivers/STM32H7xx_HAL_Driver/stm32h7xx_hal_uart.o
 .text.HAL_UART_IRQHandler
                0x08007fa4      0x354 ./Drivers/STM32H7xx_HAL_Driver/stm32h7xx_hal_uart.o
                0x08007fa4                HAL_UART_IRQHandler
 .text.UART_DMARxHalfCplt
                0x080082f8       0x20 ./Drivers/STM32H7xx_HAL_Driver/stm32h7xx_hal_uart.o
 .text.UART_DMAReceiveCplt
                0x08008318       0x8e ./Drivers/STM32H7xx_HAL_Driver/stm32h7xx_hal_uart.o
 *fill*         0x080083a6        0x2 
 .text.UART_SetConfig
                0x080083a8      0x2fc ./Drivers/STM32H7xx_HAL_Driver/stm32h7xx_hal_uart.o
                0x080083a8                UART_SetConfig
 .text.UART_AdvFeatureConfig
                0x080086a4       0xaa ./Drivers/STM32H7xx_HAL_Driver/stm32h7xx_hal_uart.o
                0x080086a4                UART_AdvFeatureConfig
 .text.UART_WaitOnFlagUntilTimeout
                0x0800874e       0x90 ./Drivers/STM32H7xx_HAL_Driver/stm32h7xx_hal_uart.o
                0x0800874e                UART_WaitOnFlagUntilTimeout
 .text.HAL_UART_Transmit
                0x080087de       0xaa ./Drivers/STM32H7xx_HAL_Driver/stm32h7xx_hal_uart.o
                0x080087de                HAL_UART_Transmit
 .text.UART_CheckIdleState
                0x08008888       0xb6 ./Drivers/STM32H7xx_HAL_Driver/stm32h7xx_hal_uart.o
                0x08008888                UART_CheckIdleState
 .text.HAL_UART_Init
                0x0800893e       0x60 ./Drivers/STM32H7xx_HAL_Driver/stm32h7xx_hal_uart.o
                0x0800893e                HAL_UART_Init
 *fill*         0x0800899e        0x2 
 .text.UART_Start_Receive_DMA
                0x080089a0       0xa0 ./Drivers/STM32H7xx_HAL_Driver/stm32h7xx_hal_uart.o
                0x080089a0                UART_Start_Receive_DMA
 .text.UARTEx_SetNbDataToProcess
                0x08008a40       0x44 ./Drivers/STM32H7xx_HAL_Driver/stm32h7xx_hal_uart_ex.o
 .text.HAL_UARTEx_WakeupCallback
                0x08008a84        0x2 ./Drivers/STM32H7xx_HAL_Driver/stm32h7xx_hal_uart_ex.o
                0x08008a84                HAL_UARTEx_WakeupCallback
 .text.HAL_UARTEx_RxFifoFullCallback
                0x08008a86        0x2 ./Drivers/STM32H7xx_HAL_Driver/stm32h7xx_hal_uart_ex.o
                0x08008a86                HAL_UARTEx_RxFifoFullCallback
 .text.HAL_UARTEx_TxFifoEmptyCallback
                0x08008a88        0x2 ./Drivers/STM32H7xx_HAL_Driver/stm32h7xx_hal_uart_ex.o
                0x08008a88                HAL_UARTEx_TxFifoEmptyCallback
 .text.HAL_UARTEx_DisableFifoMode
                0x08008a8a       0x36 ./Drivers/STM32H7xx_HAL_Driver/stm32h7xx_hal_uart_ex.o
                0x08008a8a                HAL_UARTEx_DisableFifoMode
 .text.HAL_UARTEx_SetTxFifoThreshold
                0x08008ac0       0x40 ./Drivers/STM32H7xx_HAL_Driver/stm32h7xx_hal_uart_ex.o
                0x08008ac0                HAL_UARTEx_SetTxFifoThreshold
 .text.HAL_UARTEx_SetRxFifoThreshold
                0x08008b00       0x40 ./Drivers/STM32H7xx_HAL_Driver/stm32h7xx_hal_uart_ex.o
                0x08008b00                HAL_UARTEx_SetRxFifoThreshold
 .text.HAL_UARTEx_ReceiveToIdle_DMA
                0x08008b40       0x4a ./Drivers/STM32H7xx_HAL_Driver/stm32h7xx_hal_uart_ex.o
                0x08008b40                HAL_UARTEx_ReceiveToIdle_DMA
 *fill*         0x08008b8a        0x2 
 .text.MX_FATFS_Init
                0x08008b8c       0x1c ./FATFS/App/fatfs.o
                0x08008b8c                MX_FATFS_Init
 .text.get_fattime
                0x08008ba8        0x4 ./FATFS/App/fatfs.o
                0x08008ba8                get_fattime
 .text.USER_status
                0x08008bac       0x14 ./FATFS/Target/user_diskio.o
                0x08008bac                USER_status
 .text.USER_initialize
                0x08008bc0       0x30 ./FATFS/Target/user_diskio.o
                0x08008bc0                USER_initialize
 .text.USER_ioctl
                0x08008bf0       0x38 ./FATFS/Target/user_diskio.o
                0x08008bf0                USER_ioctl
 .text.USER_read
                0x08008c28       0x50 ./FATFS/Target/user_diskio.o
                0x08008c28                USER_read
 .text.USER_write
                0x08008c78       0x3c ./FATFS/Target/user_diskio.o
                0x08008c78                USER_write
 .text.ff_convert
                0x08008cb4       0x38 ./Middlewares/Third_Party/FatFs/ccsbcs.o
                0x08008cb4                ff_convert
 .text.ff_wtoupper
                0x08008cec       0x84 ./Middlewares/Third_Party/FatFs/ccsbcs.o
                0x08008cec                ff_wtoupper
 .text.disk_status
                0x08008d70       0x14 ./Middlewares/Third_Party/FatFs/diskio.o
                0x08008d70                disk_status
 .text.disk_initialize
                0x08008d84       0x28 ./Middlewares/Third_Party/FatFs/diskio.o
                0x08008d84                disk_initialize
 .text.disk_read
                0x08008dac       0x1c ./Middlewares/Third_Party/FatFs/diskio.o
                0x08008dac                disk_read
 .text.disk_write
                0x08008dc8       0x1c ./Middlewares/Third_Party/FatFs/diskio.o
                0x08008dc8                disk_write
 .text.disk_ioctl
                0x08008de4       0x1c ./Middlewares/Third_Party/FatFs/diskio.o
                0x08008de4                disk_ioctl
 .text.ld_dword
                0x08008e00        0x4 ./Middlewares/Third_Party/FatFs/ff.o
 .text.st_dword
                0x08008e04       0x10 ./Middlewares/Third_Party/FatFs/ff.o
 .text.mem_set  0x08008e14        0xc ./Middlewares/Third_Party/FatFs/ff.o
 .text.chk_lock
                0x08008e20       0x74 ./Middlewares/Third_Party/FatFs/ff.o
 .text.inc_lock
                0x08008e94       0x84 ./Middlewares/Third_Party/FatFs/ff.o
 .text.dec_lock
                0x08008f18       0x3c ./Middlewares/Third_Party/FatFs/ff.o
 .text.clear_lock
                0x08008f54       0x1c ./Middlewares/Third_Party/FatFs/ff.o
 .text.clust2sect
                0x08008f70       0x16 ./Middlewares/Third_Party/FatFs/ff.o
 .text.clmt_clust
                0x08008f86       0x22 ./Middlewares/Third_Party/FatFs/ff.o
 .text.sum_sfn  0x08008fa8       0x1e ./Middlewares/Third_Party/FatFs/ff.o
 .text.get_ldnumber
                0x08008fc6       0x30 ./Middlewares/Third_Party/FatFs/ff.o
 .text.sync_window
                0x08008ff6       0x4a ./Middlewares/Third_Party/FatFs/ff.o
 .text.mem_cpy.part.0
                0x08009040       0x12 ./Middlewares/Third_Party/FatFs/ff.o
 .text.st_clust
                0x08009052       0x18 ./Middlewares/Third_Party/FatFs/ff.o
 .text.move_window
                0x0800906a       0x32 ./Middlewares/Third_Party/FatFs/ff.o
 .text.check_fs
                0x0800909c       0x78 ./Middlewares/Third_Party/FatFs/ff.o
 .text.find_volume
                0x08009114      0x25c ./Middlewares/Third_Party/FatFs/ff.o
 .text.put_fat  0x08009370       0xf0 ./Middlewares/Third_Party/FatFs/ff.o
 .text.sync_fs  0x08009460       0x96 ./Middlewares/Third_Party/FatFs/ff.o
 .text.unlock_fs
                0x080094f6       0x16 ./Middlewares/Third_Party/FatFs/ff.o
 .text.ld_clust.isra.0
                0x0800950c       0x10 ./Middlewares/Third_Party/FatFs/ff.o
 .text.get_fat.isra.0
                0x0800951c       0xac ./Middlewares/Third_Party/FatFs/ff.o
 .text.remove_chain
                0x080095c8       0x6e ./Middlewares/Third_Party/FatFs/ff.o
 .text.create_chain
                0x08009636       0xb0 ./Middlewares/Third_Party/FatFs/ff.o
 .text.dir_next
                0x080096e6       0xec ./Middlewares/Third_Party/FatFs/ff.o
 .text.dir_sdi  0x080097d2       0x80 ./Middlewares/Third_Party/FatFs/ff.o
 *fill*         0x08009852        0x2 
 .text.dir_find
                0x08009854      0x15c ./Middlewares/Third_Party/FatFs/ff.o
 .text.dir_register
                0x080099b0      0x280 ./Middlewares/Third_Party/FatFs/ff.o
 .text.follow_path
                0x08009c30      0x274 ./Middlewares/Third_Party/FatFs/ff.o
 .text.validate
                0x08009ea4       0x52 ./Middlewares/Third_Party/FatFs/ff.o
 *fill*         0x08009ef6        0x2 
 .text.f_mount  0x08009ef8       0x80 ./Middlewares/Third_Party/FatFs/ff.o
                0x08009ef8                f_mount
 .text.f_open   0x08009f78      0x210 ./Middlewares/Third_Party/FatFs/ff.o
                0x08009f78                f_open
 .text.f_write  0x0800a188      0x1b8 ./Middlewares/Third_Party/FatFs/ff.o
                0x0800a188                f_write
 .text.f_sync   0x0800a340       0xa6 ./Middlewares/Third_Party/FatFs/ff.o
                0x0800a340                f_sync
 .text.f_close  0x0800a3e6       0x32 ./Middlewares/Third_Party/FatFs/ff.o
                0x0800a3e6                f_close
 .text.FATFS_LinkDriverEx
                0x0800a418       0x40 ./Middlewares/Third_Party/FatFs/ff_gen_drv.o
                0x0800a418                FATFS_LinkDriverEx
 .text.FATFS_LinkDriver
                0x0800a458        0x6 ./Middlewares/Third_Party/FatFs/ff_gen_drv.o
                0x0800a458                FATFS_LinkDriver
 .text.ff_cre_syncobj
                0x0800a45e       0x18 ./Middlewares/Third_Party/FatFs/syscall.o
                0x0800a45e                ff_cre_syncobj
 .text.ff_del_syncobj
                0x0800a476        0xa ./Middlewares/Third_Party/FatFs/syscall.o
                0x0800a476                ff_del_syncobj
 .text.ff_req_grant
                0x0800a480       0x12 ./Middlewares/Third_Party/FatFs/syscall.o
                0x0800a480                ff_req_grant
 .text.ff_rel_grant
                0x0800a492        0x4 ./Middlewares/Third_Party/FatFs/syscall.o
                0x0800a492                ff_rel_grant
 .text.SysTick_Handler
                0x0800a496       0x1a ./Middlewares/Third_Party/FreeRTOS/cmsis_os2.o
                0x0800a496                SysTick_Handler
 .text.osKernelInitialize
                0x0800a4b0       0x24 ./Middlewares/Third_Party/FreeRTOS/cmsis_os2.o
                0x0800a4b0                osKernelInitialize
 .text.osKernelStart
                0x0800a4d4       0x34 ./Middlewares/Third_Party/FreeRTOS/cmsis_os2.o
                0x0800a4d4                osKernelStart
 .text.osThreadNew
                0x0800a508       0x88 ./Middlewares/Third_Party/FreeRTOS/cmsis_os2.o
                0x0800a508                osThreadNew
 .text.osSemaphoreNew
                0x0800a590       0x94 ./Middlewares/Third_Party/FreeRTOS/cmsis_os2.o
                0x0800a590                osSemaphoreNew
 .text.osSemaphoreAcquire
                0x0800a624       0x58 ./Middlewares/Third_Party/FreeRTOS/cmsis_os2.o
                0x0800a624                osSemaphoreAcquire
 .text.osSemaphoreRelease
                0x0800a67c       0x52 ./Middlewares/Third_Party/FreeRTOS/cmsis_os2.o
                0x0800a67c                osSemaphoreRelease
 .text.osSemaphoreDelete
                0x0800a6ce       0x26 ./Middlewares/Third_Party/FreeRTOS/cmsis_os2.o
                0x0800a6ce                osSemaphoreDelete
 .text.vApplicationGetIdleTaskMemory
                0x0800a6f4       0x18 ./Middlewares/Third_Party/FreeRTOS/cmsis_os2.o
                0x0800a6f4                vApplicationGetIdleTaskMemory
 .text.vApplicationGetTimerTaskMemory
                0x0800a70c       0x18 ./Middlewares/Third_Party/FreeRTOS/cmsis_os2.o
                0x0800a70c                vApplicationGetTimerTaskMemory
 .text.prvInsertBlockIntoFreeList
                0x0800a724       0x4c ./Middlewares/Third_Party/FreeRTOS/heap_4.o
 .text.pvPortMalloc
                0x0800a770      0x130 ./Middlewares/Third_Party/FreeRTOS/heap_4.o
                0x0800a770                pvPortMalloc
 .text.vPortFree
                0x0800a8a0       0x7c ./Middlewares/Third_Party/FreeRTOS/heap_4.o
                0x0800a8a0                vPortFree
 .text.vListInitialise
                0x0800a91c       0x16 ./Middlewares/Third_Party/FreeRTOS/list.o
                0x0800a91c                vListInitialise
 .text.vListInitialiseItem
                0x0800a932        0x6 ./Middlewares/Third_Party/FreeRTOS/list.o
                0x0800a932                vListInitialiseItem
 .text.vListInsertEnd
                0x0800a938       0x16 ./Middlewares/Third_Party/FreeRTOS/list.o
                0x0800a938                vListInsertEnd
 .text.vListInsert
                0x0800a94e       0x2e ./Middlewares/Third_Party/FreeRTOS/list.o
                0x0800a94e                vListInsert
 .text.uxListRemove
                0x0800a97c       0x20 ./Middlewares/Third_Party/FreeRTOS/list.o
                0x0800a97c                uxListRemove
 .text.prvPortStartFirstTask
                0x0800a99c       0x28 ./Middlewares/Third_Party/FreeRTOS/port.o
 .text.vPortEnableVFP
                0x0800a9c4       0x14 ./Middlewares/Third_Party/FreeRTOS/port.o
 .text.prvTaskExitError
                0x0800a9d8       0x40 ./Middlewares/Third_Party/FreeRTOS/port.o
 .text.pxPortInitialiseStack
                0x0800aa18       0x24 ./Middlewares/Third_Party/FreeRTOS/port.o
                0x0800aa18                pxPortInitialiseStack
 *fill*         0x0800aa3c        0x4 
 .text.SVC_Handler
                0x0800aa40       0x24 ./Middlewares/Third_Party/FreeRTOS/port.o
                0x0800aa40                SVC_Handler
 .text.vPortEnterCritical
                0x0800aa64       0x40 ./Middlewares/Third_Party/FreeRTOS/port.o
                0x0800aa64                vPortEnterCritical
 .text.vPortExitCritical
                0x0800aaa4       0x28 ./Middlewares/Third_Party/FreeRTOS/port.o
                0x0800aaa4                vPortExitCritical
 *fill*         0x0800aacc        0x4 
 .text.PendSV_Handler
                0x0800aad0       0x64 ./Middlewares/Third_Party/FreeRTOS/port.o
                0x0800aad0                PendSV_Handler
 .text.xPortSysTickHandler
                0x0800ab34       0x2c ./Middlewares/Third_Party/FreeRTOS/port.o
                0x0800ab34                xPortSysTickHandler
 .text.vPortSetupTimerInterrupt
                0x0800ab60       0x24 ./Middlewares/Third_Party/FreeRTOS/port.o
                0x0800ab60                vPortSetupTimerInterrupt
 .text.xPortStartScheduler
                0x0800ab84      0x104 ./Middlewares/Third_Party/FreeRTOS/port.o
                0x0800ab84                xPortStartScheduler
 .text.vPortValidateInterruptPriority
                0x0800ac88       0x5c ./Middlewares/Third_Party/FreeRTOS/port.o
                0x0800ac88                vPortValidateInterruptPriority
 .text.prvIsQueueEmpty
                0x0800ace4       0x16 ./Middlewares/Third_Party/FreeRTOS/queue.o
 .text.prvCopyDataToQueue
                0x0800acfa       0x66 ./Middlewares/Third_Party/FreeRTOS/queue.o
 .text.prvCopyDataFromQueue
                0x0800ad60       0x2a ./Middlewares/Third_Party/FreeRTOS/queue.o
 .text.prvUnlockQueue
                0x0800ad8a       0x6c ./Middlewares/Third_Party/FreeRTOS/queue.o
 .text.xQueueGenericReset
                0x0800adf6       0x7e ./Middlewares/Third_Party/FreeRTOS/queue.o
                0x0800adf6                xQueueGenericReset
 .text.xQueueGenericCreateStatic
                0x0800ae74       0x9c ./Middlewares/Third_Party/FreeRTOS/queue.o
                0x0800ae74                xQueueGenericCreateStatic
 .text.xQueueGenericCreate
                0x0800af10       0x4e ./Middlewares/Third_Party/FreeRTOS/queue.o
                0x0800af10                xQueueGenericCreate
 .text.xQueueCreateCountingSemaphoreStatic
                0x0800af5e       0x44 ./Middlewares/Third_Party/FreeRTOS/queue.o
                0x0800af5e                xQueueCreateCountingSemaphoreStatic
 .text.xQueueCreateCountingSemaphore
                0x0800afa2       0x3c ./Middlewares/Third_Party/FreeRTOS/queue.o
                0x0800afa2                xQueueCreateCountingSemaphore
 .text.xQueueGenericSend
                0x0800afde      0x164 ./Middlewares/Third_Party/FreeRTOS/queue.o
                0x0800afde                xQueueGenericSend
 .text.xQueueGenericSendFromISR
                0x0800b142       0xba ./Middlewares/Third_Party/FreeRTOS/queue.o
                0x0800b142                xQueueGenericSendFromISR
 .text.xQueueGiveFromISR
                0x0800b1fc       0xa2 ./Middlewares/Third_Party/FreeRTOS/queue.o
                0x0800b1fc                xQueueGiveFromISR
 .text.xQueueReceive
                0x0800b29e      0x13c ./Middlewares/Third_Party/FreeRTOS/queue.o
                0x0800b29e                xQueueReceive
 .text.xQueueSemaphoreTake
                0x0800b3da      0x17a ./Middlewares/Third_Party/FreeRTOS/queue.o
                0x0800b3da                xQueueSemaphoreTake
 .text.xQueueReceiveFromISR
                0x0800b554       0x9a ./Middlewares/Third_Party/FreeRTOS/queue.o
                0x0800b554                xQueueReceiveFromISR
 *fill*         0x0800b5ee        0x2 
 .text.vQueueAddToRegistry
                0x0800b5f0       0x24 ./Middlewares/Third_Party/FreeRTOS/queue.o
                0x0800b5f0                vQueueAddToRegistry
 .text.vQueueUnregisterQueue
                0x0800b614       0x30 ./Middlewares/Third_Party/FreeRTOS/queue.o
                0x0800b614                vQueueUnregisterQueue
 .text.vQueueDelete
                0x0800b644       0x2a ./Middlewares/Third_Party/FreeRTOS/queue.o
                0x0800b644                vQueueDelete
 .text.vQueueWaitForMessageRestricted
                0x0800b66e       0x46 ./Middlewares/Third_Party/FreeRTOS/queue.o
                0x0800b66e                vQueueWaitForMessageRestricted
 .text.prvAddNewTaskToReadyList
                0x0800b6b4       0xfc ./Middlewares/Third_Party/FreeRTOS/tasks.o
 .text.prvAddCurrentTaskToDelayedList
                0x0800b7b0       0x70 ./Middlewares/Third_Party/FreeRTOS/tasks.o
 .text.prvResetNextTaskUnblockTime
                0x0800b820       0x24 ./Middlewares/Third_Party/FreeRTOS/tasks.o
 .text.prvDeleteTCB
                0x0800b844       0x3c ./Middlewares/Third_Party/FreeRTOS/tasks.o
 .text.prvIdleTask
                0x0800b880       0x60 ./Middlewares/Third_Party/FreeRTOS/tasks.o
 .text.prvInitialiseNewTask.constprop.0
                0x0800b8e0       0xb8 ./Middlewares/Third_Party/FreeRTOS/tasks.o
 .text.xTaskCreateStatic
                0x0800b998       0x70 ./Middlewares/Third_Party/FreeRTOS/tasks.o
                0x0800b998                xTaskCreateStatic
 .text.xTaskCreate
                0x0800ba08       0x5c ./Middlewares/Third_Party/FreeRTOS/tasks.o
                0x0800ba08                xTaskCreate
 .text.vTaskStartScheduler
                0x0800ba64       0xa0 ./Middlewares/Third_Party/FreeRTOS/tasks.o
                0x0800ba64                vTaskStartScheduler
 .text.vTaskSuspendAll
                0x0800bb04       0x10 ./Middlewares/Third_Party/FreeRTOS/tasks.o
                0x0800bb04                vTaskSuspendAll
 .text.xTaskGetTickCount
                0x0800bb14        0xc ./Middlewares/Third_Party/FreeRTOS/tasks.o
                0x0800bb14                xTaskGetTickCount
 .text.xTaskIncrementTick
                0x0800bb20      0x12c ./Middlewares/Third_Party/FreeRTOS/tasks.o
                0x0800bb20                xTaskIncrementTick
 .text.xTaskResumeAll
                0x0800bc4c       0xe8 ./Middlewares/Third_Party/FreeRTOS/tasks.o
                0x0800bc4c                xTaskResumeAll
 .text.vTaskDelay
                0x0800bd34       0x48 ./Middlewares/Third_Party/FreeRTOS/tasks.o
                0x0800bd34                vTaskDelay
 .text.vTaskSwitchContext
                0x0800bd7c       0x80 ./Middlewares/Third_Party/FreeRTOS/tasks.o
                0x0800bd7c                vTaskSwitchContext
 .text.vTaskPlaceOnEventList
                0x0800bdfc       0x34 ./Middlewares/Third_Party/FreeRTOS/tasks.o
                0x0800bdfc                vTaskPlaceOnEventList
 .text.vTaskPlaceOnEventListRestricted
                0x0800be30       0x3c ./Middlewares/Third_Party/FreeRTOS/tasks.o
                0x0800be30                vTaskPlaceOnEventListRestricted
 .text.xTaskRemoveFromEventList
                0x0800be6c       0x84 ./Middlewares/Third_Party/FreeRTOS/tasks.o
                0x0800be6c                xTaskRemoveFromEventList
 .text.vTaskInternalSetTimeOutState
                0x0800bef0       0x18 ./Middlewares/Third_Party/FreeRTOS/tasks.o
                0x0800bef0                vTaskInternalSetTimeOutState
 .text.xTaskCheckForTimeOut
                0x0800bf08       0x78 ./Middlewares/Third_Party/FreeRTOS/tasks.o
                0x0800bf08                xTaskCheckForTimeOut
 .text.vTaskMissedYield
                0x0800bf80        0xc ./Middlewares/Third_Party/FreeRTOS/tasks.o
                0x0800bf80                vTaskMissedYield
 .text.xTaskGetCurrentTaskHandle
                0x0800bf8c        0xc ./Middlewares/Third_Party/FreeRTOS/tasks.o
                0x0800bf8c                xTaskGetCurrentTaskHandle
 .text.xTaskGetSchedulerState
                0x0800bf98       0x20 ./Middlewares/Third_Party/FreeRTOS/tasks.o
                0x0800bf98                xTaskGetSchedulerState
 .text.xTaskPriorityInherit
                0x0800bfb8       0x7c ./Middlewares/Third_Party/FreeRTOS/tasks.o
                0x0800bfb8                xTaskPriorityInherit
 .text.xTaskPriorityDisinherit
                0x0800c034       0x84 ./Middlewares/Third_Party/FreeRTOS/tasks.o
                0x0800c034                xTaskPriorityDisinherit
 .text.vTaskPriorityDisinheritAfterTimeout
                0x0800c0b8       0x9c ./Middlewares/Third_Party/FreeRTOS/tasks.o
                0x0800c0b8                vTaskPriorityDisinheritAfterTimeout
 .text.pvTaskIncrementMutexHeldCount
                0x0800c154       0x18 ./Middlewares/Third_Party/FreeRTOS/tasks.o
                0x0800c154                pvTaskIncrementMutexHeldCount
 .text.xTaskNotifyWait
                0x0800c16c       0x94 ./Middlewares/Third_Party/FreeRTOS/tasks.o
                0x0800c16c                xTaskNotifyWait
 .text.xTaskGenericNotifyFromISR
                0x0800c200      0x120 ./Middlewares/Third_Party/FreeRTOS/tasks.o
                0x0800c200                xTaskGenericNotifyFromISR
 .text.prvInsertTimerInActiveList
                0x0800c320       0x3c ./Middlewares/Third_Party/FreeRTOS/timers.o
 .text.prvCheckForValidListAndQueue
                0x0800c35c       0x68 ./Middlewares/Third_Party/FreeRTOS/timers.o
 .text.xTimerCreateTimerTask
                0x0800c3c4       0x64 ./Middlewares/Third_Party/FreeRTOS/timers.o
                0x0800c3c4                xTimerCreateTimerTask
 .text.xTimerGenericCommand
                0x0800c428       0x54 ./Middlewares/Third_Party/FreeRTOS/timers.o
                0x0800c428                xTimerGenericCommand
 .text.prvSampleTimeNow
                0x0800c47c       0xa4 ./Middlewares/Third_Party/FreeRTOS/timers.o
 .text.prvTimerTask
                0x0800c520      0x1cc ./Middlewares/Third_Party/FreeRTOS/timers.o
 .text._ZdlPvj  0x0800c6ec        0x4 /opt/st/stm32cubeide_1.19.0/plugins/com.st.stm32cube.ide.mcu.externaltools.gnu-tools-for-stm32.13.3.rel1.linux64_1.0.0.202410170706/tools/bin/../lib/gcc/arm-none-eabi/13.3.1/../../../../arm-none-eabi/lib/thumb/v7e-m+dp/hard/libstdc++_nano.a(del_ops.o)
                0x0800c6ec                operator delete(void*, unsigned int)
 .text._ZdlPv   0x0800c6f0        0x4 /opt/st/stm32cubeide_1.19.0/plugins/com.st.stm32cube.ide.mcu.externaltools.gnu-tools-for-stm32.13.3.rel1.linux64_1.0.0.202410170706/tools/bin/../lib/gcc/arm-none-eabi/13.3.1/../../../../arm-none-eabi/lib/thumb/v7e-m+dp/hard/libstdc++_nano.a(del_op.o)
                0x0800c6f0                operator delete(void*)
 .text.atof     0x0800c6f4        0x6 /opt/st/stm32cubeide_1.19.0/plugins/com.st.stm32cube.ide.mcu.externaltools.gnu-tools-for-stm32.13.3.rel1.linux64_1.0.0.202410170706/tools/bin/../lib/gcc/arm-none-eabi/13.3.1/../../../../arm-none-eabi/lib/thumb/v7e-m+dp/hard/libc_nano.a(libc_a-atof.o)
                0x0800c6f4                atof
 .text.atoi     0x0800c6fa        0x8 /opt/st/stm32cubeide_1.19.0/plugins/com.st.stm32cube.ide.mcu.externaltools.gnu-tools-for-stm32.13.3.rel1.linux64_1.0.0.202410170706/tools/bin/../lib/gcc/arm-none-eabi/13.3.1/../../../../arm-none-eabi/lib/thumb/v7e-m+dp/hard/libc_nano.a(libc_a-atoi.o)
                0x0800c6fa                atoi
 *fill*         0x0800c702        0x2 
 .text.malloc   0x0800c704       0x10 /opt/st/stm32cubeide_1.19.0/plugins/com.st.stm32cube.ide.mcu.externaltools.gnu-tools-for-stm32.13.3.rel1.linux64_1.0.0.202410170706/tools/bin/../lib/gcc/arm-none-eabi/13.3.1/../../../../arm-none-eabi/lib/thumb/v7e-m+dp/hard/libc_nano.a(libc_a-malloc.o)
                0x0800c704                malloc
 .text.free     0x0800c714       0x10 /opt/st/stm32cubeide_1.19.0/plugins/com.st.stm32cube.ide.mcu.externaltools.gnu-tools-for-stm32.13.3.rel1.linux64_1.0.0.202410170706/tools/bin/../lib/gcc/arm-none-eabi/13.3.1/../../../../arm-none-eabi/lib/thumb/v7e-m+dp/hard/libc_nano.a(libc_a-malloc.o)
                0x0800c714                free
 .text.sbrk_aligned
                0x0800c724       0x44 /opt/st/stm32cubeide_1.19.0/plugins/com.st.stm32cube.ide.mcu.externaltools.gnu-tools-for-stm32.13.3.rel1.linux64_1.0.0.202410170706/tools/bin/../lib/gcc/arm-none-eabi/13.3.1/../../../../arm-none-eabi/lib/thumb/v7e-m+dp/hard/libc_nano.a(libc_a-mallocr.o)
 .text._malloc_r
                0x0800c768      0x100 /opt/st/stm32cubeide_1.19.0/plugins/com.st.stm32cube.ide.mcu.externaltools.gnu-tools-for-stm32.13.3.rel1.linux64_1.0.0.202410170706/tools/bin/../lib/gcc/arm-none-eabi/13.3.1/../../../../arm-none-eabi/lib/thumb/v7e-m+dp/hard/libc_nano.a(libc_a-mallocr.o)
                0x0800c768                _malloc_r
 .text.__malloc_lock
                0x0800c868        0xc /opt/st/stm32cubeide_1.19.0/plugins/com.st.stm32cube.ide.mcu.externaltools.gnu-tools-for-stm32.13.3.rel1.linux64_1.0.0.202410170706/tools/bin/../lib/gcc/arm-none-eabi/13.3.1/../../../../arm-none-eabi/lib/thumb/v7e-m+dp/hard/libc_nano.a(libc_a-mlock.o)
                0x0800c868                __malloc_lock
 .text.__malloc_unlock
                0x0800c874        0xc /opt/st/stm32cubeide_1.19.0/plugins/com.st.stm32cube.ide.mcu.externaltools.gnu-tools-for-stm32.13.3.rel1.linux64_1.0.0.202410170706/tools/bin/../lib/gcc/arm-none-eabi/13.3.1/../../../../arm-none-eabi/lib/thumb/v7e-m+dp/hard/libc_nano.a(libc_a-mlock.o)
                0x0800c874                __malloc_unlock
 .text.sulp     0x0800c880       0x34 /opt/st/stm32cubeide_1.19.0/plugins/com.st.stm32cube.ide.mcu.externaltools.gnu-tools-for-stm32.13.3.rel1.linux64_1.0.0.202410170706/tools/bin/../lib/gcc/arm-none-eabi/13.3.1/../../../../arm-none-eabi/lib/thumb/v7e-m+dp/hard/libc_nano.a(libc_a-strtod.o)
 *fill*         0x0800c8b4        0x4 
 .text._strtod_l
                0x0800c8b8      0xb34 /opt/st/stm32cubeide_1.19.0/plugins/com.st.stm32cube.ide.mcu.externaltools.gnu-tools-for-stm32.13.3.rel1.linux64_1.0.0.202410170706/tools/bin/../lib/gcc/arm-none-eabi/13.3.1/../../../../arm-none-eabi/lib/thumb/v7e-m+dp/hard/libc_nano.a(libc_a-strtod.o)
                0x0800c8b8                _strtod_l
 .text.strtod   0x0800d3ec       0x18 /opt/st/stm32cubeide_1.19.0/plugins/com.st.stm32cube.ide.mcu.externaltools.gnu-tools-for-stm32.13.3.rel1.linux64_1.0.0.202410170706/tools/bin/../lib/gcc/arm-none-eabi/13.3.1/../../../../arm-none-eabi/lib/thumb/v7e-m+dp/hard/libc_nano.a(libc_a-strtod.o)
                0x0800d3ec                strtod
 .text._strtol_l.isra.0
                0x0800d404       0xf4 /opt/st/stm32cubeide_1.19.0/plugins/com.st.stm32cube.ide.mcu.externaltools.gnu-tools-for-stm32.13.3.rel1.linux64_1.0.0.202410170706/tools/bin/../lib/gcc/arm-none-eabi/13.3.1/../../../../arm-none-eabi/lib/thumb/v7e-m+dp/hard/libc_nano.a(libc_a-strtol.o)
 .text.strtol   0x0800d4f8       0x14 /opt/st/stm32cubeide_1.19.0/plugins/com.st.stm32cube.ide.mcu.externaltools.gnu-tools-for-stm32.13.3.rel1.linux64_1.0.0.202410170706/tools/bin/../lib/gcc/arm-none-eabi/13.3.1/../../../../arm-none-eabi/lib/thumb/v7e-m+dp/hard/libc_nano.a(libc_a-strtol.o)
                0x0800d4f8                strtol
 .text._strtoul_l.isra.0
                0x0800d50c       0xdc /opt/st/stm32cubeide_1.19.0/plugins/com.st.stm32cube.ide.mcu.externaltools.gnu-tools-for-stm32.13.3.rel1.linux64_1.0.0.202410170706/tools/bin/../lib/gcc/arm-none-eabi/13.3.1/../../../../arm-none-eabi/lib/thumb/v7e-m+dp/hard/libc_nano.a(libc_a-strtoul.o)
 .text.strtoul  0x0800d5e8       0x14 /opt/st/stm32cubeide_1.19.0/plugins/com.st.stm32cube.ide.mcu.externaltools.gnu-tools-for-stm32.13.3.rel1.linux64_1.0.0.202410170706/tools/bin/../lib/gcc/arm-none-eabi/13.3.1/../../../../arm-none-eabi/lib/thumb/v7e-m+dp/hard/libc_nano.a(libc_a-strtoul.o)
                0x0800d5e8                strtoul
 .text.std      0x0800d5fc       0x6c /opt/st/stm32cubeide_1.19.0/plugins/com.st.stm32cube.ide.mcu.externaltools.gnu-tools-for-stm32.13.3.rel1.linux64_1.0.0.202410170706/tools/bin/../lib/gcc/arm-none-eabi/13.3.1/../../../../arm-none-eabi/lib/thumb/v7e-m+dp/hard/libc_nano.a(libc_a-findfp.o)
 .text.stdio_exit_handler
                0x0800d668       0x18 /opt/st/stm32cubeide_1.19.0/plugins/com.st.stm32cube.ide.mcu.externaltools.gnu-tools-for-stm32.13.3.rel1.linux64_1.0.0.202410170706/tools/bin/../lib/gcc/arm-none-eabi/13.3.1/../../../../arm-none-eabi/lib/thumb/v7e-m+dp/hard/libc_nano.a(libc_a-findfp.o)
 .text.cleanup_stdio
                0x0800d680       0x40 /opt/st/stm32cubeide_1.19.0/plugins/com.st.stm32cube.ide.mcu.externaltools.gnu-tools-for-stm32.13.3.rel1.linux64_1.0.0.202410170706/tools/bin/../lib/gcc/arm-none-eabi/13.3.1/../../../../arm-none-eabi/lib/thumb/v7e-m+dp/hard/libc_nano.a(libc_a-findfp.o)
 .text.global_stdio_init.part.0
                0x0800d6c0       0x3c /opt/st/stm32cubeide_1.19.0/plugins/com.st.stm32cube.ide.mcu.externaltools.gnu-tools-for-stm32.13.3.rel1.linux64_1.0.0.202410170706/tools/bin/../lib/gcc/arm-none-eabi/13.3.1/../../../../arm-none-eabi/lib/thumb/v7e-m+dp/hard/libc_nano.a(libc_a-findfp.o)
 .text.__sfp_lock_acquire
                0x0800d6fc        0xc /opt/st/stm32cubeide_1.19.0/plugins/com.st.stm32cube.ide.mcu.externaltools.gnu-tools-for-stm32.13.3.rel1.linux64_1.0.0.202410170706/tools/bin/../lib/gcc/arm-none-eabi/13.3.1/../../../../arm-none-eabi/lib/thumb/v7e-m+dp/hard/libc_nano.a(libc_a-findfp.o)
                0x0800d6fc                __sfp_lock_acquire
 .text.__sfp_lock_release
                0x0800d708        0xc /opt/st/stm32cubeide_1.19.0/plugins/com.st.stm32cube.ide.mcu.externaltools.gnu-tools-for-stm32.13.3.rel1.linux64_1.0.0.202410170706/tools/bin/../lib/gcc/arm-none-eabi/13.3.1/../../../../arm-none-eabi/lib/thumb/v7e-m+dp/hard/libc_nano.a(libc_a-findfp.o)
                0x0800d708                __sfp_lock_release
 .text.__sinit  0x0800d714       0x30 /opt/st/stm32cubeide_1.19.0/plugins/com.st.stm32cube.ide.mcu.externaltools.gnu-tools-for-stm32.13.3.rel1.linux64_1.0.0.202410170706/tools/bin/../lib/gcc/arm-none-eabi/13.3.1/../../../../arm-none-eabi/lib/thumb/v7e-m+dp/hard/libc_nano.a(libc_a-findfp.o)
                0x0800d714                __sinit
 .text._fwalk_sglue
                0x0800d744       0x3c /opt/st/stm32cubeide_1.19.0/plugins/com.st.stm32cube.ide.mcu.externaltools.gnu-tools-for-stm32.13.3.rel1.linux64_1.0.0.202410170706/tools/bin/../lib/gcc/arm-none-eabi/13.3.1/../../../../arm-none-eabi/lib/thumb/v7e-m+dp/hard/libc_nano.a(libc_a-fwalk.o)
                0x0800d744                _fwalk_sglue
 .text.printf   0x0800d780       0x24 /opt/st/stm32cubeide_1.19.0/plugins/com.st.stm32cube.ide.mcu.externaltools.gnu-tools-for-stm32.13.3.rel1.linux64_1.0.0.202410170706/tools/bin/../lib/gcc/arm-none-eabi/13.3.1/../../../../arm-none-eabi/lib/thumb/v7e-m+dp/hard/libc_nano.a(libc_a-printf.o)
                0x0800d780                printf
                0x0800d780                iprintf
 .text._puts_r  0x0800d7a4       0xaa /opt/st/stm32cubeide_1.19.0/plugins/com.st.stm32cube.ide.mcu.externaltools.gnu-tools-for-stm32.13.3.rel1.linux64_1.0.0.202410170706/tools/bin/../lib/gcc/arm-none-eabi/13.3.1/../../../../arm-none-eabi/lib/thumb/v7e-m+dp/hard/libc_nano.a(libc_a-puts.o)
                0x0800d7a4                _puts_r
 *fill*         0x0800d84e        0x2 
 .text.puts     0x0800d850       0x10 /opt/st/stm32cubeide_1.19.0/plugins/com.st.stm32cube.ide.mcu.externaltools.gnu-tools-for-stm32.13.3.rel1.linux64_1.0.0.202410170706/tools/bin/../lib/gcc/arm-none-eabi/13.3.1/../../../../arm-none-eabi/lib/thumb/v7e-m+dp/hard/libc_nano.a(libc_a-puts.o)
                0x0800d850                puts
 .text.snprintf
                0x0800d860       0x6c /opt/st/stm32cubeide_1.19.0/plugins/com.st.stm32cube.ide.mcu.externaltools.gnu-tools-for-stm32.13.3.rel1.linux64_1.0.0.202410170706/tools/bin/../lib/gcc/arm-none-eabi/13.3.1/../../../../arm-none-eabi/lib/thumb/v7e-m+dp/hard/libc_nano.a(libc_a-snprintf.o)
                0x0800d860                snprintf
                0x0800d860                sniprintf
 .text.__sread  0x0800d8cc       0x22 /opt/st/stm32cubeide_1.19.0/plugins/com.st.stm32cube.ide.mcu.externaltools.gnu-tools-for-stm32.13.3.rel1.linux64_1.0.0.202410170706/tools/bin/../lib/gcc/arm-none-eabi/13.3.1/../../../../arm-none-eabi/lib/thumb/v7e-m+dp/hard/libc_nano.a(libc_a-stdio.o)
                0x0800d8cc                __sread
 .text.__swrite
                0x0800d8ee       0x38 /opt/st/stm32cubeide_1.19.0/plugins/com.st.stm32cube.ide.mcu.externaltools.gnu-tools-for-stm32.13.3.rel1.linux64_1.0.0.202410170706/tools/bin/../lib/gcc/arm-none-eabi/13.3.1/../../../../arm-none-eabi/lib/thumb/v7e-m+dp/hard/libc_nano.a(libc_a-stdio.o)
                0x0800d8ee                __swrite
 .text.__sseek  0x0800d926       0x24 /opt/st/stm32cubeide_1.19.0/plugins/com.st.stm32cube.ide.mcu.externaltools.gnu-tools-for-stm32.13.3.rel1.linux64_1.0.0.202410170706/tools/bin/../lib/gcc/arm-none-eabi/13.3.1/../../../../arm-none-eabi/lib/thumb/v7e-m+dp/hard/libc_nano.a(libc_a-stdio.o)
                0x0800d926                __sseek
 .text.__sclose
                0x0800d94a        0x8 /opt/st/stm32cubeide_1.19.0/plugins/com.st.stm32cube.ide.mcu.externaltools.gnu-tools-for-stm32.13.3.rel1.linux64_1.0.0.202410170706/tools/bin/../lib/gcc/arm-none-eabi/13.3.1/../../../../arm-none-eabi/lib/thumb/v7e-m+dp/hard/libc_nano.a(libc_a-stdio.o)
                0x0800d94a                __sclose
 .text.__swbuf_r
                0x0800d952       0x7c /opt/st/stm32cubeide_1.19.0/plugins/com.st.stm32cube.ide.mcu.externaltools.gnu-tools-for-stm32.13.3.rel1.linux64_1.0.0.202410170706/tools/bin/../lib/gcc/arm-none-eabi/13.3.1/../../../../arm-none-eabi/lib/thumb/v7e-m+dp/hard/libc_nano.a(libc_a-wbuf.o)
                0x0800d952                __swbuf_r
 *fill*         0x0800d9ce        0x2 
 .text.__swsetup_r
                0x0800d9d0       0xac /opt/st/stm32cubeide_1.19.0/plugins/com.st.stm32cube.ide.mcu.externaltools.gnu-tools-for-stm32.13.3.rel1.linux64_1.0.0.202410170706/tools/bin/../lib/gcc/arm-none-eabi/13.3.1/../../../../arm-none-eabi/lib/thumb/v7e-m+dp/hard/libc_nano.a(libc_a-wsetup.o)
                0x0800d9d0                __swsetup_r
 .text.memset   0x0800da7c       0x10 /opt/st/stm32cubeide_1.19.0/plugins/com.st.stm32cube.ide.mcu.externaltools.gnu-tools-for-stm32.13.3.rel1.linux64_1.0.0.202410170706/tools/bin/../lib/gcc/arm-none-eabi/13.3.1/../../../../arm-none-eabi/lib/thumb/v7e-m+dp/hard/libc_nano.a(libc_a-memset.o)
                0x0800da7c                memset
 .text.strchr   0x0800da8c       0x1a /opt/st/stm32cubeide_1.19.0/plugins/com.st.stm32cube.ide.mcu.externaltools.gnu-tools-for-stm32.13.3.rel1.linux64_1.0.0.202410170706/tools/bin/../lib/gcc/arm-none-eabi/13.3.1/../../../../arm-none-eabi/lib/thumb/v7e-m+dp/hard/libc_nano.a(libc_a-strchr.o)
                0x0800da8c                strchr
 .text.strncmp  0x0800daa6       0x24 /opt/st/stm32cubeide_1.19.0/plugins/com.st.stm32cube.ide.mcu.externaltools.gnu-tools-for-stm32.13.3.rel1.linux64_1.0.0.202410170706/tools/bin/../lib/gcc/arm-none-eabi/13.3.1/../../../../arm-none-eabi/lib/thumb/v7e-m+dp/hard/libc_nano.a(libc_a-strncmp.o)
                0x0800daa6                strncmp
 .text.strncpy  0x0800daca       0x26 /opt/st/stm32cubeide_1.19.0/plugins/com.st.stm32cube.ide.mcu.externaltools.gnu-tools-for-stm32.13.3.rel1.linux64_1.0.0.202410170706/tools/bin/../lib/gcc/arm-none-eabi/13.3.1/../../../../arm-none-eabi/lib/thumb/v7e-m+dp/hard/libc_nano.a(libc_a-strncpy.o)
                0x0800daca                strncpy
 .text.strstr   0x0800daf0       0x2c /opt/st/stm32cubeide_1.19.0/plugins/com.st.stm32cube.ide.mcu.externaltools.gnu-tools-for-stm32.13.3.rel1.linux64_1.0.0.202410170706/tools/bin/../lib/gcc/arm-none-eabi/13.3.1/../../../../arm-none-eabi/lib/thumb/v7e-m+dp/hard/libc_nano.a(libc_a-strstr.o)
                0x0800daf0                strstr
 .text._close_r
                0x0800db1c       0x20 /opt/st/stm32cubeide_1.19.0/plugins/com.st.stm32cube.ide.mcu.externaltools.gnu-tools-for-stm32.13.3.rel1.linux64_1.0.0.202410170706/tools/bin/../lib/gcc/arm-none-eabi/13.3.1/../../../../arm-none-eabi/lib/thumb/v7e-m+dp/hard/libc_nano.a(libc_a-closer.o)
                0x0800db1c                _close_r
 .text._reclaim_reent
                0x0800db3c       0xbc /opt/st/stm32cubeide_1.19.0/plugins/com.st.stm32cube.ide.mcu.externaltools.gnu-tools-for-stm32.13.3.rel1.linux64_1.0.0.202410170706/tools/bin/../lib/gcc/arm-none-eabi/13.3.1/../../../../arm-none-eabi/lib/thumb/v7e-m+dp/hard/libc_nano.a(libc_a-reent.o)
                0x0800db3c                _reclaim_reent
 .text._lseek_r
                0x0800dbf8       0x24 /opt/st/stm32cubeide_1.19.0/plugins/com.st.stm32cube.ide.mcu.externaltools.gnu-tools-for-stm32.13.3.rel1.linux64_1.0.0.202410170706/tools/bin/../lib/gcc/arm-none-eabi/13.3.1/../../../../arm-none-eabi/lib/thumb/v7e-m+dp/hard/libc_nano.a(libc_a-lseekr.o)
                0x0800dbf8                _lseek_r
 .text._read_r  0x0800dc1c       0x24 /opt/st/stm32cubeide_1.19.0/plugins/com.st.stm32cube.ide.mcu.externaltools.gnu-tools-for-stm32.13.3.rel1.linux64_1.0.0.202410170706/tools/bin/../lib/gcc/arm-none-eabi/13.3.1/../../../../arm-none-eabi/lib/thumb/v7e-m+dp/hard/libc_nano.a(libc_a-readr.o)
                0x0800dc1c                _read_r
 .text._sbrk_r  0x0800dc40       0x20 /opt/st/stm32cubeide_1.19.0/plugins/com.st.stm32cube.ide.mcu.externaltools.gnu-tools-for-stm32.13.3.rel1.linux64_1.0.0.202410170706/tools/bin/../lib/gcc/arm-none-eabi/13.3.1/../../../../arm-none-eabi/lib/thumb/v7e-m+dp/hard/libc_nano.a(libc_a-sbrkr.o)
                0x0800dc40                _sbrk_r
 .text._write_r
                0x0800dc60       0x24 /opt/st/stm32cubeide_1.19.0/plugins/com.st.stm32cube.ide.mcu.externaltools.gnu-tools-for-stm32.13.3.rel1.linux64_1.0.0.202410170706/tools/bin/../lib/gcc/arm-none-eabi/13.3.1/../../../../arm-none-eabi/lib/thumb/v7e-m+dp/hard/libc_nano.a(libc_a-writer.o)
                0x0800dc60                _write_r
 .text.__errno  0x0800dc84        0xc /opt/st/stm32cubeide_1.19.0/plugins/com.st.stm32cube.ide.mcu.externaltools.gnu-tools-for-stm32.13.3.rel1.linux64_1.0.0.202410170706/tools/bin/../lib/gcc/arm-none-eabi/13.3.1/../../../../arm-none-eabi/lib/thumb/v7e-m+dp/hard/libc_nano.a(libc_a-errno.o)
                0x0800dc84                __errno
 .text.__libc_init_array
                0x0800dc90       0x48 /opt/st/stm32cubeide_1.19.0/plugins/com.st.stm32cube.ide.mcu.externaltools.gnu-tools-for-stm32.13.3.rel1.linux64_1.0.0.202410170706/tools/bin/../lib/gcc/arm-none-eabi/13.3.1/../../../../arm-none-eabi/lib/thumb/v7e-m+dp/hard/libc_nano.a(libc_a-init.o)
                0x0800dc90                __libc_init_array
 .text.__retarget_lock_init_recursive
                0x0800dcd8        0x2 /opt/st/stm32cubeide_1.19.0/plugins/com.st.stm32cube.ide.mcu.externaltools.gnu-tools-for-stm32.13.3.rel1.linux64_1.0.0.202410170706/tools/bin/../lib/gcc/arm-none-eabi/13.3.1/../../../../arm-none-eabi/lib/thumb/v7e-m+dp/hard/libc_nano.a(libc_a-lock.o)
                0x0800dcd8                __retarget_lock_init_recursive
 .text.__retarget_lock_acquire_recursive