/home/dario/STM32Cube/Repository/STM32Cube_FW_H7_V1.12.1/Middlewares/Third_Party/FreeRTOS/Source/portable/MemMang/heap_4.c:381:13:prvInsertBlockIntoFreeList	8	static
/home/dario/STM32Cube/Repository/STM32Cube_FW_H7_V1.12.1/Middlewares/Third_Party/FreeRTOS/Source/portable/MemMang/heap_4.c:115:7:pvPortMalloc	24	static,ignoring_inline_asm
/home/dario/STM32Cube/Repository/STM32Cube_FW_H7_V1.12.1/Middlewares/Third_Party/FreeRTOS/Source/portable/MemMang/heap_4.c:266:6:vPortFree	8	static,ignoring_inline_asm
/home/dario/STM32Cube/Repository/STM32Cube_FW_H7_V1.12.1/Middlewares/Third_Party/FreeRTOS/Source/portable/MemMang/heap_4.c:315:8:xPortGetFreeHeapSize	0	static
/home/dario/STM32Cube/Repository/STM32Cube_FW_H7_V1.12.1/Middlewares/Third_Party/FreeRTOS/Source/portable/MemMang/heap_4.c:321:8:xPortGetMinimumEverFreeHeapSize	0	static
/home/dario/STM32Cube/Repository/STM32Cube_FW_H7_V1.12.1/Middlewares/Third_Party/FreeRTOS/Source/portable/MemMang/heap_4.c:327:6:vPortInitialiseBlocks	0	static
/home/dario/STM32Cube/Repository/STM32Cube_FW_H7_V1.12.1/Middlewares/Third_Party/FreeRTOS/Source/portable/MemMang/heap_4.c:442:6:vPortGetHeapStats	24	static
